Component: ARM Compiler 5.05 update 1 (build 106) Tool: armlink [4d0efa]

==============================================================================

Section Cross References

    main.o(i.main) refers to misc.o(i.NVIC_PriorityGroupConfig) for NVIC_PriorityGroupConfig
    main.o(i.main) refers to delay.o(i.delay_init) for delay_init
    main.o(i.main) refers to usart.o(i.uart_init) for uart_init
    main.o(i.main) refers to usart3.o(i.usart3_init) for usart3_init
    main.o(i.main) refers to usart2_4_5.o(i.uart2_init) for uart2_init
    main.o(i.main) refers to usart2_4_5.o(i.uart4_init) for uart4_init
    main.o(i.main) refers to usart2_4_5.o(i.uart5_init) for uart5_init
    main.o(i.main) refers to malloc.o(i.my_mem_init) for my_mem_init
    main.o(i.main) refers to exfuns.o(i.exfuns_init) for exfuns_init
    main.o(i.main) refers to __2printf.o(.text) for __2printf
    main.o(i.main) refers to aiwac_supermarket.o(i.initSysValue) for initSysValue
    main.o(i.main) refers to aiwac_supermarket.o(i.goStartTogether) for goStartTogether
    main.o(i.main) refers to aiwac_supermarket.o(i.wifi_Init) for wifi_Init
    main.o(i.main) refers to aiwac_supermarket.o(i.sendMasterID2S) for sendMasterID2S
    main.o(i.main) refers to aiwac_supermarket.o(i.AIWAC_MasterGetGoods) for AIWAC_MasterGetGoods
    main.o(i.main) refers to usmart_config.o(.data) for usmart_dev
    system_stm32f4xx.o(i.SystemCoreClockUpdate) refers to system_stm32f4xx.o(.data) for SystemCoreClock
    system_stm32f4xx.o(i.SystemInit) refers to system_stm32f4xx.o(i.SetSysClock) for SetSysClock
    startup_stm32f40_41xxx.o(STACK) refers (Special) to heapauxi.o(.text) for __use_two_region_memory
    startup_stm32f40_41xxx.o(HEAP) refers (Special) to heapauxi.o(.text) for __use_two_region_memory
    startup_stm32f40_41xxx.o(RESET) refers (Special) to heapauxi.o(.text) for __use_two_region_memory
    startup_stm32f40_41xxx.o(RESET) refers to startup_stm32f40_41xxx.o(STACK) for __initial_sp
    startup_stm32f40_41xxx.o(RESET) refers to startup_stm32f40_41xxx.o(.text) for Reset_Handler
    startup_stm32f40_41xxx.o(RESET) refers to stm32f4xx_it.o(i.NMI_Handler) for NMI_Handler
    startup_stm32f40_41xxx.o(RESET) refers to stm32f4xx_it.o(i.HardFault_Handler) for HardFault_Handler
    startup_stm32f40_41xxx.o(RESET) refers to stm32f4xx_it.o(i.MemManage_Handler) for MemManage_Handler
    startup_stm32f40_41xxx.o(RESET) refers to stm32f4xx_it.o(i.BusFault_Handler) for BusFault_Handler
    startup_stm32f40_41xxx.o(RESET) refers to stm32f4xx_it.o(i.UsageFault_Handler) for UsageFault_Handler
    startup_stm32f40_41xxx.o(RESET) refers to stm32f4xx_it.o(i.SVC_Handler) for SVC_Handler
    startup_stm32f40_41xxx.o(RESET) refers to stm32f4xx_it.o(i.DebugMon_Handler) for DebugMon_Handler
    startup_stm32f40_41xxx.o(RESET) refers to stm32f4xx_it.o(i.PendSV_Handler) for PendSV_Handler
    startup_stm32f40_41xxx.o(RESET) refers to stm32f4xx_it.o(i.SysTick_Handler) for SysTick_Handler
    startup_stm32f40_41xxx.o(RESET) refers to usmart.o(i.TIM4_IRQHandler) for TIM4_IRQHandler
    startup_stm32f40_41xxx.o(RESET) refers to usart.o(i.USART1_IRQHandler) for USART1_IRQHandler
    startup_stm32f40_41xxx.o(RESET) refers to usart2_4_5.o(i.USART2_IRQHandler) for USART2_IRQHandler
    startup_stm32f40_41xxx.o(RESET) refers to usart3.o(i.USART3_IRQHandler) for USART3_IRQHandler
    startup_stm32f40_41xxx.o(RESET) refers to sdio_sdcard.o(i.SDIO_IRQHandler) for SDIO_IRQHandler
    startup_stm32f40_41xxx.o(RESET) refers to usart2_4_5.o(i.UART4_IRQHandler) for UART4_IRQHandler
    startup_stm32f40_41xxx.o(RESET) refers to usart2_4_5.o(i.UART5_IRQHandler) for UART5_IRQHandler
    startup_stm32f40_41xxx.o(RESET) refers to timer.o(i.TIM7_IRQHandler) for TIM7_IRQHandler
    startup_stm32f40_41xxx.o(.text) refers (Special) to heapauxi.o(.text) for __use_two_region_memory
    startup_stm32f40_41xxx.o(.text) refers to system_stm32f4xx.o(i.SystemInit) for SystemInit
    startup_stm32f40_41xxx.o(.text) refers to __main.o(!!!main) for __main
    startup_stm32f40_41xxx.o(.text) refers to startup_stm32f40_41xxx.o(HEAP) for Heap_Mem
    startup_stm32f40_41xxx.o(.text) refers to startup_stm32f40_41xxx.o(STACK) for Stack_Mem
    delay.o(i.delay_init) refers to misc.o(i.SysTick_CLKSourceConfig) for SysTick_CLKSourceConfig
    delay.o(i.delay_init) refers to delay.o(.data) for fac_us
    delay.o(i.delay_ms) refers to delay.o(i.delay_xms) for delay_xms
    delay.o(i.delay_us) refers to delay.o(.data) for fac_us
    delay.o(i.delay_xms) refers to delay.o(.data) for fac_ms
    usart.o(.rev16_text) refers (Special) to use_no_semi_2.o(.text) for __use_no_semihosting
    usart.o(.revsh_text) refers (Special) to use_no_semi_2.o(.text) for __use_no_semihosting
    usart.o(.rrx_text) refers (Special) to use_no_semi_2.o(.text) for __use_no_semihosting
    usart.o(i.USART1_IRQHandler) refers (Special) to use_no_semi_2.o(.text) for __use_no_semihosting
[...]
    _printf_wctomb                           0x080010c5   Thumb Code   182  _printf_wctomb.o(.text)
    _printf_longlong_dec                     0x08001181   Thumb Code   108  _printf_longlong_dec.o(.text)
    _printf_longlong_oct                     0x080011fd   Thumb Code    68  _printf_oct_int_ll.o(.text)
    _printf_int_oct                          0x08001241   Thumb Code    24  _printf_oct_int_ll.o(.text)
    _printf_ll_oct                           0x08001259   Thumb Code    12  _printf_oct_int_ll.o(.text)
    __strtod_int                             0x080012a9   Thumb Code    88  strtod.o(.text)
    strtol                                   0x0800130d   Thumb Code   112  strtol.o(.text)
    __user_libspace                          0x0800137d   Thumb Code     8  libspace.o(.text)
    __user_perproc_libspace                  0x0800137d   Thumb Code     0  libspace.o(.text)
    __user_perthread_libspace                0x0800137d   Thumb Code     0  libspace.o(.text)
    __rt_locale                              0x08001385   Thumb Code     8  rt_locale_intlibspace.o(.text)
    _ll_udiv10                               0x0800138d   Thumb Code   138  lludiv10.o(.text)
    isspace                                  0x08001417   Thumb Code    18  isspace.o(.text)
    _printf_fp_infnan                        0x08001429   Thumb Code   112  _printf_fp_infnan.o(.text)
    _printf_lcs_common                       0x080014a9   Thumb Code    20  _printf_wchar.o(.text)
    _printf_wchar                            0x080014bd   Thumb Code    16  _printf_wchar.o(.text)
    _printf_wstring                          0x080014cd   Thumb Code     8  _printf_wchar.o(.text)
    _sgetc                                   0x080014d5   Thumb Code    30  _sgetc.o(.text)
    _sbackspace                              0x080014f3   Thumb Code    34  _sgetc.o(.text)
    _strtoul                                 0x08001515   Thumb Code   158  _strtoul.o(.text)
    _btod_etento                             0x080015b5   Thumb Code   216  bigflt0.o(.text)
    ferror                                   0x08001691   Thumb Code     8  ferror.o(.text)
    _wcrtomb                                 0x08001699   Thumb Code    64  _wcrtomb.o(.text)
    __user_setup_stackheap                   0x080016d9   Thumb Code    74  sys_stackheap_outer.o(.text)
    _chval                                   0x08001723   Thumb Code    28  _chval.o(.text)
    _scanf_really_real                       0x0800193d   Thumb Code   668  scanf_fp.o(.text)
    exit                                     0x08001be5   Thumb Code    12  exit.o(.text)
    _scanf_really_hex_real                   0x08001bf1   Thumb Code   778  scanf_hexfp.o(.text)
    _scanf_really_infnan                     0x08001f09   Thumb Code   292  scanf_infnan.o(.text)
    __aeabi_llsl                             0x0800203d   Thumb Code     0  llshl.o(.text)
    _ll_shift_l                              0x0800203d   Thumb Code    38  llshl.o(.text)
    _btod_d2e                                0x08002063   Thumb Code    62  btod.o(CL$$btod_d2e)
    _d2e_denorm_low                          0x080020a1   Thumb Code    70  btod.o(CL$$btod_d2e_denorm_low)
    _d2e_norm_op1                            0x080020e7   Thumb Code    96  btod.o(CL$$btod_d2e_norm_op1)
    __btod_div_common                        0x08002147   Thumb Code   696  btod.o(CL$$btod_div_common)
    _e2d                                     0x08002481   Thumb Code    80  btod.o(CL$$btod_e2d)
    _e2e                                     0x080024d5   Thumb Code   198  btod.o(CL$$btod_e2e)
    _btod_ediv                               0x0800259b   Thumb Code    40  btod.o(CL$$btod_ediv)
    _btod_edivd                              0x080025c3   Thumb Code    40  btod.o(CL$$btod_edivd)
    _btod_emul                               0x080025eb   Thumb Code    40  btod.o(CL$$btod_emul)
    _btod_emuld                              0x08002613   Thumb Code    40  btod.o(CL$$btod_emuld)
    __btod_mult_common                       0x0800263b   Thumb Code   580  btod.o(CL$$btod_mult_common)
    AIWAC_MasterGetGoods                     0x08002881   Thumb Code    40  aiwac_supermarket.o(i.AIWAC_MasterGetGoods)
    AiwacMasterSendOrderCar1                 0x080028c1   Thumb Code   212  aiwac_supermarket.o(i.AiwacMasterSendOrderCar1)
    AiwacMasterSendOrderCar2                 0x080029b5   Thumb Code   212  aiwac_supermarket.o(i.AiwacMasterSendOrderCar2)
    BusFault_Handler                         0x08002aa9   Thumb Code     4  stm32f4xx_it.o(i.BusFault_Handler)
    CmdResp1Error                            0x08002aad   Thumb Code    94  sdio_sdcard.o(i.CmdResp1Error)
    DebugMon_Handler                         0x08002b11   Thumb Code     2  stm32f4xx_it.o(i.DebugMon_Handler)
    DropGoods                                0x08002b15   Thumb Code    26  aiwac_supermarket.o(i.DropGoods)
    DropPan                                  0x08002b45   Thumb Code    30  aiwac_supermarket.o(i.DropPan)
    GPIO_Init                                0x08002b79   Thumb Code   144  stm32f4xx_gpio.o(i.GPIO_Init)
    GPIO_PinAFConfig                         0x08002c09   Thumb Code    70  stm32f4xx_gpio.o(i.GPIO_PinAFConfig)
    HardFault_Handler                        0x08002c4f   Thumb Code     4  stm32f4xx_it.o(i.HardFault_Handler)
    MemManage_Handler                        0x08002c53   Thumb Code     4  stm32f4xx_it.o(i.MemManage_Handler)
    NMI_Handler                              0x08002c57   Thumb Code     2  stm32f4xx_it.o(i.NMI_Handler)
    NVIC_Init                                0x08002c59   Thumb Code   106  misc.o(i.NVIC_Init)
    NVIC_PriorityGroupConfig                 0x08002cd1   Thumb Code    10  misc.o(i.NVIC_PriorityGroupConfig)
    PaserCar1_State                          0x08002ce5   Thumb Code   226  aiwac_supermarket.o(i.PaserCar1_State)
    PaserCar2_State                          0x08002e3d   Thumb Code   226  aiwac_supermarket.o(i.PaserCar2_State)
    PaserGoodsGetter_State                   0x08002f95   Thumb Code   224  aiwac_supermarket.o(i.PaserGoodsGetter_State)
    PendSV_Handler                           0x080030ed   Thumb Code     2  stm32f4xx_it.o(i.PendSV_Handler)
    RCC_AHB1PeriphClockCmd                   0x080030f1   Thumb Code    26  stm32f4xx_rcc.o(i.RCC_AHB1PeriphClockCmd)
    RCC_APB1PeriphClockCmd                   0x08003111   Thumb Code    26  stm32f4xx_rcc.o(i.RCC_APB1PeriphClockCmd)
    RCC_APB1PeriphResetCmd                   0x08003131   Thumb Code    26  stm32f4xx_rcc.o(i.RCC_APB1PeriphResetCmd)
    RCC_APB2PeriphClockCmd                   0x08003151   Thumb Code    26  stm32f4xx_rcc.o(i.RCC_APB2PeriphClockCmd)
    RCC_APB2PeriphResetCmd                   0x08003171   Thumb Code    26  stm32f4xx_rcc.o(i.RCC_APB2PeriphResetCmd)
    RCC_GetClocksFreq                        0x08003191   Thumb Code   214  stm32f4xx_rcc.o(i.RCC_GetClocksFreq)
    SDIO_ClearFlag                           0x08003279   Thumb Code     6  stm32f4xx_sdio.o(i.SDIO_ClearFlag)
    SDIO_GetFlagStatus                       0x08003285   Thumb Code    20  stm32f4xx_sdio.o(i.SDIO_GetFlagStatus)
    SDIO_IRQHandler                          0x0800329d   Thumb Code     8  sdio_sdcard.o(i.SDIO_IRQHandler)
    SDIO_SendCommand                         0x080032a5   Thumb Code    40  stm32f4xx_sdio.o(i.SDIO_SendCommand)
    SD_ProcessIRQSrc                         0x080032d1   Thumb Code   318  sdio_sdcard.o(i.SD_ProcessIRQSrc)
    SVC_Handler                              0x08003425   Thumb Code     2  stm32f4xx_it.o(i.SVC_Handler)
    SysTick_CLKSourceConfig                  0x08003515   Thumb Code    40  misc.o(i.SysTick_CLKSourceConfig)
    SysTick_Handler                          0x0800353d   Thumb Code     2  stm32f4xx_it.o(i.SysTick_Handler)
    SystemInit                               0x08003541   Thumb Code    88  system_stm32f4xx.o(i.SystemInit)
    TIM4_IRQHandler                          0x080035a9   Thumb Code    46  usmart.o(i.TIM4_IRQHandler)
    TIM7_IRQHandler                          0x080035e1   Thumb Code    42  timer.o(i.TIM7_IRQHandler)
    TIM7_Int_Init                            0x08003615   Thumb Code    78  timer.o(i.TIM7_Int_Init)
    TIM_ClearFlag                            0x08003669   Thumb Code     6  stm32f4xx_tim.o(i.TIM_ClearFlag)
    TIM_ClearITPendingBit                    0x0800366f   Thumb Code     6  stm32f4xx_tim.o(i.TIM_ClearITPendingBit)
    TIM_Cmd                                  0x08003675   Thumb Code    24  stm32f4xx_tim.o(i.TIM_Cmd)
    TIM_GetCounter                           0x0800368d   Thumb Code     6  stm32f4xx_tim.o(i.TIM_GetCounter)
    TIM_GetFlagStatus                        0x08003693   Thumb Code    18  stm32f4xx_tim.o(i.TIM_GetFlagStatus)
    TIM_GetITStatus                          0x080036a5   Thumb Code    34  stm32f4xx_tim.o(i.TIM_GetITStatus)
    TIM_ITConfig                             0x080036c7   Thumb Code    18  stm32f4xx_tim.o(i.TIM_ITConfig)
    TIM_SetAutoreload                        0x080036d9   Thumb Code     4  stm32f4xx_tim.o(i.TIM_SetAutoreload)
    TIM_SetCounter                           0x080036dd   Thumb Code     4  stm32f4xx_tim.o(i.TIM_SetCounter)
    TIM_TimeBaseInit                         0x080036e1   Thumb Code   104  stm32f4xx_tim.o(i.TIM_TimeBaseInit)
    Timer4_Init                              0x08003765   Thumb Code    86  usmart.o(i.Timer4_Init)
    UART4_IRQHandler                         0x080037c1   Thumb Code   310  usart2_4_5.o(i.UART4_IRQHandler)
    UART5_IRQHandler                         0x08003915   Thumb Code   310  usart2_4_5.o(i.UART5_IRQHandler)
    USART1_IRQHandler                        0x08003a69   Thumb Code   122  usart.o(i.USART1_IRQHandler)
    USART2StateTo0                           0x08003af1   Thumb Code    36  usart2_4_5.o(i.USART2StateTo0)
    USART2_IRQHandler                        0x08003b29   Thumb Code   312  usart2_4_5.o(i.USART2_IRQHandler)
    USART3_IRQHandler                        0x08003c7d   Thumb Code    96  usart3.o(i.USART3_IRQHandler)
    USART4StateTo0                           0x08003ced   Thumb Code    34  usart2_4_5.o(i.USART4StateTo0)
    USART5StateTo0                           0x08003d25   Thumb Code    36  usart2_4_5.o(i.USART5StateTo0)
    USART_ClearFlag                          0x08003d5d   Thumb Code    18  stm32f4xx_usart.o(i.USART_ClearFlag)
    USART_Cmd                                0x08003d6f   Thumb Code    24  stm32f4xx_usart.o(i.USART_Cmd)
    USART_DeInit                             0x08003d89   Thumb Code   206  stm32f4xx_usart.o(i.USART_DeInit)
    USART_GetFlagStatus                      0x08003e79   Thumb Code    26  stm32f4xx_usart.o(i.USART_GetFlagStatus)
    USART_GetITStatus                        0x08003e93   Thumb Code    84  stm32f4xx_usart.o(i.USART_GetITStatus)
    USART_ITConfig                           0x08003ee7   Thumb Code    74  stm32f4xx_usart.o(i.USART_ITConfig)
    USART_Init                               0x08003f31   Thumb Code   204  stm32f4xx_usart.o(i.USART_Init)
    USART_ReceiveData                        0x08004005   Thumb Code    10  stm32f4xx_usart.o(i.USART_ReceiveData)
    USART_SendData                           0x0800400f   Thumb Code     8  stm32f4xx_usart.o(i.USART_SendData)
    UsageFault_Handler                       0x08004017   Thumb Code     4  stm32f4xx_it.o(i.UsageFault_Handler)
    WIFISend                                 0x0800401d   Thumb Code    32  aiwac_supermarket.o(i.WIFISend)
    __ARM_fpclassify                         0x08004051   Thumb Code    48  fpclassify.o(i.__ARM_fpclassify)
    __hardfp_atof                            0x08004081   Thumb Code    44  atof.o(i.__hardfp_atof)
    __hardfp_fabs                            0x080040b9   Thumb Code    20  fabs.o(i.__hardfp_fabs)
    __hardfp_floor                           0x080040d1   Thumb Code   252  floor.o(i.__hardfp_floor)
    __hardfp_ldexp                           0x080041e9   Thumb Code   200  ldexp.o(i.__hardfp_ldexp)
    __hardfp_pow                             0x080042b9   Thumb Code  3044  pow.o(i.__hardfp_pow)
    __kernel_poly                            0x08004ef1   Thumb Code   248  poly.o(i.__kernel_poly)
    __mathlib_dbl_divzero                    0x08004fe9   Thumb Code    28  dunder.o(i.__mathlib_dbl_divzero)
    __mathlib_dbl_infnan2                    0x08005019   Thumb Code    20  dunder.o(i.__mathlib_dbl_infnan2)
    __mathlib_dbl_invalid                    0x08005031   Thumb Code    24  dunder.o(i.__mathlib_dbl_invalid)
    __mathlib_dbl_overflow                   0x08005051   Thumb Code    24  dunder.o(i.__mathlib_dbl_overflow)
    __mathlib_dbl_underflow                  0x08005071   Thumb Code    24  dunder.o(i.__mathlib_dbl_underflow)
    __mathlib_narrow                         0x08005091   Thumb Code   166  narrow.o(i.__mathlib_narrow)
    __support_ldexp                          0x08005149   Thumb Code    20  ldexp.o(i.__support_ldexp)
    _is_digit                                0x0800515d   Thumb Code    14  __printf_wp.o(i._is_digit)
    _sys_exit                                0x0800516b   Thumb Code     6  usart.o(i._sys_exit)
    aiwacFree                                0x08005171   Thumb Code    14  wifista.o(i.aiwacFree)
    aiwacMalloc                              0x0800517f   Thumb Code    14  wifista.o(i.aiwacMalloc)
    askState2other                           0x0800518d   Thumb Code   502  aiwac_supermarket.o(i.askState2other)
    atk_8266_at_response                     0x08005451   Thumb Code    46  common.o(i.atk_8266_at_response)
    atk_8266_check_cmd                       0x0800548d   Thumb Code    44  common.o(i.atk_8266_check_cmd)
    atk_8266_consta_check                    0x080054c1   Thumb Code    36  common.o(i.atk_8266_consta_check)
    atk_8266_quit_trans                      0x08005505   Thumb Code   100  common.o(i.atk_8266_quit_trans)
    atk_8266_send_cmd                        0x08005575   Thumb Code    92  common.o(i.atk_8266_send_cmd)
    atk_8266_test                            0x080055e9   Thumb Code    96  common.o(i.atk_8266_test)
    atk_8266_wifista_test                    0x080056b1   Thumb Code   292  wifista.o(i.atk_8266_wifista_test)
    cJSON_AddItemToArray                     0x080059ad   Thumb Code    42  cjson.o(i.cJSON_AddItemToArray)
    cJSON_AddItemToObject                    0x080059d9   Thumb Code    44  cjson.o(i.cJSON_AddItemToObject)
    cJSON_CreateNumber                       0x08005a09   Thumb Code    48  cjson.o(i.cJSON_CreateNumber)
    cJSON_CreateObject                       0x08005a39   Thumb Code    18  cjson.o(i.cJSON_CreateObject)
    cJSON_CreateString                       0x08005a4b   Thumb Code    28  cjson.o(i.cJSON_CreateString)
    cJSON_Delete                             0x08005a69   Thumb Code    74  cjson.o(i.cJSON_Delete)
    cJSON_GetErrorPtr                        0x08005ab9   Thumb Code     6  cjson.o(i.cJSON_GetErrorPtr)
    cJSON_GetObjectItem                      0x08005ac5   Thumb Code    30  cjson.o(i.cJSON_GetObjectItem)
    cJSON_Parse                              0x08005b05   Thumb Code    16  cjson.o(i.cJSON_Parse)
    cJSON_ParseWithOpts                      0x08005b15   Thumb Code    96  cjson.o(i.cJSON_ParseWithOpts)
    cJSON_PrintUnformatted                   0x08005b79   Thumb Code    16  cjson.o(i.cJSON_PrintUnformatted)
    checkORReconnect                         0x08005c01   Thumb Code    48  aiwac_supermarket.o(i.checkORReconnect)
    checkSysState                            0x08005c61   Thumb Code   450  aiwac_supermarket.o(i.checkSysState)
    controlCarToDropPan                      0x08005f81   Thumb Code    44  aiwac_supermarket.o(i.controlCarToDropPan)
    controlCarToGate                         0x08006005   Thumb Code    44  aiwac_supermarket.o(i.controlCarToGate)
    controlCarToGoodsSpace                   0x08006085   Thumb Code   122  aiwac_supermarket.o(i.controlCarToGoodsSpace)
    controlCarToInitSpace                    0x08006199   Thumb Code    44  aiwac_supermarket.o(i.controlCarToInitSpace)
    crc8_calculate                           0x08006225   Thumb Code    36  usart2_4_5.o(i.crc8_calculate)
    delay_init                               0x0800624d   Thumb Code    52  delay.o(i.delay_init)
    delay_ms                                 0x08006289   Thumb Code    56  delay.o(i.delay_ms)
    delay_xms                                0x080062c1   Thumb Code    72  delay.o(i.delay_xms)
    designFSpeed2                            0x0800630d   Thumb Code   386  aiwac_supermarket.o(i.designFSpeed2)
    exfuns_init                              0x080064d9   Thumb Code   110  exfuns.o(i.exfuns_init)
    fabs                                     0x08006559   Thumb Code    24  fabs.o(i.fabs)
    feedbackGoInit                           0x08006571   Thumb Code   228  aiwac_supermarket.o(i.feedbackGoInit)
    feedbackGotGoodsResult                   0x080066d1   Thumb Code   254  aiwac_supermarket.o(i.feedbackGotGoodsResult)
    feedbackGotOrder                         0x0800685d   Thumb Code   214  aiwac_supermarket.o(i.feedbackGotOrder)
    feedbackLoseGoodsResult                  0x08006991   Thumb Code   254  aiwac_supermarket.o(i.feedbackLoseGoodsResult)
    feedbackStartGetGoods                    0x08006b1d   Thumb Code   228  aiwac_supermarket.o(i.feedbackStartGetGoods)
    fputc                                    0x08006c85   Thumb Code    22  usart.o(i.fputc)
    frexp                                    0x08006ca1   Thumb Code   118  frexp.o(i.frexp)
    goGoalPosition                           0x08006d2d   Thumb Code  3656  aiwac_supermarket.o(i.goGoalPosition)
    goStartTogether                          0x08007bad   Thumb Code  2268  aiwac_supermarket.o(i.goStartTogether)
    goToEverywhere                           0x08008555   Thumb Code  1396  aiwac_supermarket.o(i.goToEverywhere)
    goToLocation                             0x08008acd   Thumb Code    92  aiwac_supermarket.o(i.goToLocation)
    initSysValue                             0x08008b7d   Thumb Code   138  aiwac_supermarket.o(i.initSysValue)
    main                                     0x08008c6d   Thumb Code   116  main.o(i.main)
    my_mem_free                              0x08008cf1   Thumb Code    96  malloc.o(i.my_mem_free)
    my_mem_init                              0x08008d5d   Thumb Code    54  malloc.o(i.my_mem_init)
    my_mem_malloc                            0x08008da1   Thumb Code   156  malloc.o(i.my_mem_malloc)
    my_mem_perused                           0x08008e49   Thumb Code    54  malloc.o(i.my_mem_perused)
    myabs_double                             0x08008e89   Thumb Code    68  aiwac_supermarket.o(i.myabs_double)
    myfree                                   0x08008ed5   Thumb Code    30  malloc.o(i.myfree)
    mymalloc                                 0x08008ef9   Thumb Code    34  malloc.o(i.mymalloc)
    mymemset                                 0x08008f21   Thumb Code    20  malloc.o(i.mymemset)
    notifyGoodsGetterDropPan                 0x08008f35   Thumb Code   152  aiwac_supermarket.o(i.notifyGoodsGetterDropPan)
    notifyGoodsGetterLocation                0x08009005   Thumb Code   222  aiwac_supermarket.o(i.notifyGoodsGetterLocation)
    notifyGoodsGetterLoseGoods               0x08009131   Thumb Code   152  aiwac_supermarket.o(i.notifyGoodsGetterLoseGoods)
    parseOrderFromS                          0x08009205   Thumb Code   908  aiwac_supermarket.o(i.parseOrderFromS)
    read_addr                                0x0800a63d   Thumb Code     6  usmart.o(i.read_addr)
    sendMasterID2S                           0x0800a645   Thumb Code   206  aiwac_supermarket.o(i.sendMasterID2S)
    sendTuringOrder                          0x0800a781   Thumb Code   136  aiwac_supermarket.o(i.sendTuringOrder)
    sqrt                                     0x0800a87b   Thumb Code   110  sqrt.o(i.sqrt)
    u3_printf                                0x0800a8f1   Thumb Code    72  usart3.o(i.u3_printf)
    uart2_init                               0x0800a941   Thumb Code   164  usart2_4_5.o(i.uart2_init)
    uart4_init                               0x0800a9ed   Thumb Code   166  usart2_4_5.o(i.uart4_init)
    uart4_sendString                         0x0800aa9d   Thumb Code    40  usart2_4_5.o(i.uart4_sendString)
    uart5_init                               0x0800aac9   Thumb Code   208  usart2_4_5.o(i.uart5_init)
    uart5_sendString                         0x0800aba5   Thumb Code    38  usart2_4_5.o(i.uart5_sendString)
    uart_init                                0x0800abd1   Thumb Code   172  usart.o(i.uart_init)
    usart2_sendString                        0x0800ac85   Thumb Code    40  usart2_4_5.o(i.usart2_sendString)
    usart3_init                              0x0800acb1   Thumb Code   198  usart3.o(i.usart3_init)
    usmart_cmd_rec                           0x0800ad89   Thumb Code   170  usmart.o(i.usmart_cmd_rec)
    usmart_exe                               0x0800ae39   Thumb Code   632  usmart.o(i.usmart_exe)
    usmart_get_aparm                         0x0800b10d   Thumb Code   200  usmart_str.o(i.usmart_get_aparm)
    usmart_get_cmdname                       0x0800b1d5   Thumb Code    54  usmart_str.o(i.usmart_get_cmdname)
    usmart_get_fname                         0x0800b20d   Thumb Code   440  usmart_str.o(i.usmart_get_fname)
    usmart_get_fparam                        0x0800b3cd   Thumb Code   262  usmart_str.o(i.usmart_get_fparam)
    usmart_get_parmpos                       0x0800b4d9   Thumb Code    26  usmart_str.o(i.usmart_get_parmpos)
    usmart_get_runtime                       0x0800b4f9   Thumb Code    60  usmart.o(i.usmart_get_runtime)
    usmart_init                              0x0800b53d   Thumb Code    36  usmart.o(i.usmart_init)
    usmart_pow                               0x0800b565   Thumb Code    22  usmart_str.o(i.usmart_pow)
    usmart_reset_runtime                     0x0800b57d   Thumb Code    38  usmart.o(i.usmart_reset_runtime)
    usmart_scan                              0x0800b5ad   Thumb Code   120  usmart.o(i.usmart_scan)
    usmart_search_nextc                      0x0800b669   Thumb Code    22  usmart_str.o(i.usmart_search_nextc)
    usmart_str2num                           0x0800b67f   Thumb Code   202  usmart_str.o(i.usmart_str2num)
    usmart_strcmp                            0x0800b749   Thumb Code    34  usmart_str.o(i.usmart_strcmp)
    usmart_strcopy                           0x0800b76b   Thumb Code    22  usmart_str.o(i.usmart_strcopy)
    usmart_strlen                            0x0800b781   Thumb Code    24  usmart_str.o(i.usmart_strlen)
    usmart_sys_cmd_exe                       0x0800b799   Thumb Code  1554  usmart.o(i.usmart_sys_cmd_exe)
    waitingGetterGotGoods                    0x0800be7d   Thumb Code    84  aiwac_supermarket.o(i.waitingGetterGotGoods)
    waitingGetterLoseGoods                   0x0800bf19   Thumb Code    84  aiwac_supermarket.o(i.waitingGetterLoseGoods)
    waitingGetterLosePan                     0x0800bfb1   Thumb Code    84  aiwac_supermarket.o(i.waitingGetterLosePan)
    waitingSAskState                         0x0800c049   Thumb Code    30  aiwac_supermarket.o(i.waitingSAskState)
    waitingSSendLocation                     0x0800c085   Thumb Code    42  aiwac_supermarket.o(i.waitingSSendLocation)
    wifi_Init                                0x0800c0d1   Thumb Code    32  aiwac_supermarket.o(i.wifi_Init)
    write_addr                               0x0800c115   Thumb Code     4  usmart.o(i.write_addr)
    _get_lc_ctype                            0x0800c119   Thumb Code    44  lc_ctype_c.o(locale$$code)
    _get_lc_numeric                          0x0800c145   Thumb Code    44  lc_numeric_c.o(locale$$code)
    __aeabi_dneg                             0x0800c171   Thumb Code     0  basic.o(x$fpl$basic)
    _dneg                                    0x0800c171   Thumb Code     6  basic.o(x$fpl$basic)
    __aeabi_fneg                             0x0800c177   Thumb Code     0  basic.o(x$fpl$basic)
    _fneg                                    0x0800c177   Thumb Code     6  basic.o(x$fpl$basic)
    _dabs                                    0x0800c17d   Thumb Code     6  basic.o(x$fpl$basic)
    _fabs                                    0x0800c183   Thumb Code     6  basic.o(x$fpl$basic)
    __aeabi_d2f                              0x0800c189   Thumb Code     0  d2f.o(x$fpl$d2f)
    _d2f                                     0x0800c189   Thumb Code    98  d2f.o(x$fpl$d2f)
    __aeabi_dadd                             0x0800c1ed   Thumb Code     0  daddsub_clz.o(x$fpl$dadd)
    _dadd                                    0x0800c1ed   Thumb Code   332  daddsub_clz.o(x$fpl$dadd)
    __fpl_dcheck_NaN1                        0x0800c33d   Thumb Code    10  dcheck1.o(x$fpl$dcheck1)
    __fpl_dcmp_Inf                           0x0800c34d   Thumb Code    24  dcmpi.o(x$fpl$dcmpinf)
    __aeabi_ddiv                             0x0800c365   Thumb Code     0  ddiv.o(x$fpl$ddiv)
    _ddiv                                    0x0800c365   Thumb Code   552  ddiv.o(x$fpl$ddiv)
    __aeabi_cdcmpeq                          0x0800c615   Thumb Code     0  deqf.o(x$fpl$deqf)
    _dcmpeq                                  0x0800c615   Thumb Code   120  deqf.o(x$fpl$deqf)
    __aeabi_d2iz                             0x0800c68d   Thumb Code     0  dfix.o(x$fpl$dfix)
    _dfix                                    0x0800c68d   Thumb Code    94  dfix.o(x$fpl$dfix)
    __aeabi_i2d                              0x0800c6eb   Thumb Code     0  dflt_clz.o(x$fpl$dflt)
    _dflt                                    0x0800c6eb   Thumb Code    46  dflt_clz.o(x$fpl$dflt)
    __aeabi_cdcmple                          0x0800c719   Thumb Code     0  dleqf.o(x$fpl$dleqf)
    _dcmple                                  0x0800c719   Thumb Code   120  dleqf.o(x$fpl$dleqf)
    __fpl_dcmple_InfNaN                      0x0800c77b   Thumb Code     0  dleqf.o(x$fpl$dleqf)
    __aeabi_dmul                             0x0800c791   Thumb Code     0  dmul.o(x$fpl$dmul)
    _dmul                                    0x0800c791   Thumb Code   332  dmul.o(x$fpl$dmul)
    __fpl_dnaninf                            0x0800c8e5   Thumb Code   156  dnaninf.o(x$fpl$dnaninf)
    __fpl_dretinf                            0x0800c981   Thumb Code    12  dretinf.o(x$fpl$dretinf)
    __aeabi_cdrcmple                         0x0800c98d   Thumb Code     0  drleqf.o(x$fpl$drleqf)
    _drcmple                                 0x0800c98d   Thumb Code   108  drleqf.o(x$fpl$drleqf)
    __aeabi_drsub                            0x0800c9f9   Thumb Code     0  daddsub_clz.o(x$fpl$drsb)
    _drsb                                    0x0800c9f9   Thumb Code    22  daddsub_clz.o(x$fpl$drsb)
    _dsqrt                                   0x0800ca11   Thumb Code   404  dsqrt_umaal.o(x$fpl$dsqrt)
    __aeabi_dsub                             0x0800cba9   Thumb Code     0  daddsub_clz.o(x$fpl$dsub)
    _dsub                                    0x0800cba9   Thumb Code   464  daddsub_clz.o(x$fpl$dsub)
    __aeabi_f2d                              0x0800cd7d   Thumb Code     0  f2d.o(x$fpl$f2d)
    _f2d                                     0x0800cd7d   Thumb Code    86  f2d.o(x$fpl$f2d)
    __fpl_fnaninf                            0x0800cdd3   Thumb Code   140  fnaninf.o(x$fpl$fnaninf)
    _fp_init                                 0x0800ce5f   Thumb Code    10  fpinit.o(x$fpl$fpinit)
    __fplib_config_fpu_vfp                   0x0800ce67   Thumb Code     0  fpinit.o(x$fpl$fpinit)
    __fplib_config_pureend_doubles           0x0800ce67   Thumb Code     0  fpinit.o(x$fpl$fpinit)
    __fpl_fretinf                            0x0800ce69   Thumb Code    10  fretinf.o(x$fpl$fretinf)
    _printf_fp_dec                           0x0800ce73   Thumb Code     4  printf1.o(x$fpl$printf1)
    __fpl_return_NaN                         0x0800ce77   Thumb Code   100  retnan.o(x$fpl$retnan)
    __ARM_scalbn                             0x0800cedb   Thumb Code    92  scalbn.o(x$fpl$scalbn)
    _scanf_real                              0x0800cf37   Thumb Code     4  scanf1.o(x$fpl$scanf1)
    _scanf_hex_real                          0x0800cf3b   Thumb Code     4  scanf2.o(x$fpl$scanf2)
    _scanf_infnan                            0x0800cf3f   Thumb Code     4  scanf2.o(x$fpl$scanf2)
    __fpl_cmpreturn                          0x0800cf43   Thumb Code    48  trapv.o(x$fpl$trapveneer)
    __I$use$fp                               0x0800cf72   Number         0  usenofp.o(x$fpl$usenofp)
    crc8_tab                                 0x0800cf72   Data         256  usart2_4_5.o(.constdata)
    memtblsize                               0x0800d074   Data          12  malloc.o(.constdata)
    memblksize                               0x0800d080   Data          12  malloc.o(.constdata)
    memsize                                  0x0800d08c   Data          12  malloc.o(.constdata)
    __mathlib_zero                           0x0800d168   Data           8  qnan.o(.constdata)
    Region$$Table$$Base                      0x0800d460   Number         0  anon$$obj.o(Region$$Table)
    Region$$Table$$Limit                     0x0800d480   Number         0  anon$$obj.o(Region$$Table)
    __aeabi_HUGE_VAL                         0x0800d480   Data           0  fpconst.o(c$$dinf)
    __aeabi_HUGE_VALL                        0x0800d480   Data           0  fpconst.o(c$$dinf)
    __aeabi_INFINITY                         0x0800d480   Data           0  fpconst.o(c$$dinf)
    __dInf                                   0x0800d480   Data           0  fpconst.o(c$$dinf)
    __huge_val                               0x0800d480   Data           0  fpconst.o(c$$dinf)
    __ctype                                  0x0800d495   Data           0  lc_ctype_c.o(locale$$data)
    mem3base                                 0x10000000   Data       61440  malloc.o(.ARM.__AT_0x10000000)
    mem3mapbase                              0x1000f000   Data        3840  malloc.o(.ARM.__AT_0x1000F000)
    __stdout                                 0x20000004   Data           4  usart.o(.data)
    USART_RX_STA                             0x20000008   Data           2  usart.o(.data)
    TransferError                            0x20000016   Data           1  sdio_sdcard.o(.data)
    TransferEnd                              0x20000017   Data           1  sdio_sdcard.o(.data)
    tempbuff                                 0x20000018   Data           4  sdio_sdcard.o(.data)
    USART3_RX_STA                            0x2000001c   Data           2  usart3.o(.data)
    USART2_dataLen                           0x20000020   Data           4  usart2_4_5.o(.data)
    USART2_jsonDataCount                     0x20000024   Data           4  usart2_4_5.o(.data)
    uart2ByteNum                             0x20000028   Data           4  usart2_4_5.o(.data)
    uart2CRC                                 0x2000002c   Data           1  usart2_4_5.o(.data)
    USART4_dataLen                           0x20000030   Data           4  usart2_4_5.o(.data)
    USART4_jsonDataCount                     0x20000034   Data           4  usart2_4_5.o(.data)
    uart4ByteNum                             0x20000038   Data           4  usart2_4_5.o(.data)
    uart4CRC                                 0x2000003c   Data           1  usart2_4_5.o(.data)
    USART5_dataLen                           0x20000040   Data           4  usart2_4_5.o(.data)
    USART5_jsonDataCount                     0x20000044   Data           4  usart2_4_5.o(.data)
    uart5ByteNum                             0x20000048   Data           4  usart2_4_5.o(.data)
    uart5CRC                                 0x2000004c   Data           1  usart2_4_5.o(.data)
    mallco_dev                               0x20000060   Data          36  malloc.o(.data)
    FILE_TYPE_TBL                            0x20000084   Data         312  exfuns.o(.data)
    fs                                       0x200001bc   Data           8  exfuns.o(.data)
    file                                     0x200001c4   Data           4  exfuns.o(.data)
    ftemp                                    0x200001c8   Data           4  exfuns.o(.data)
    br                                       0x200001cc   Data           4  exfuns.o(.data)
    bw                                       0x200001d0   Data           4  exfuns.o(.data)
    fatbuf                                   0x200001d4   Data           4  exfuns.o(.data)
    sys_cmd_tab                              0x200001d8   Data          28  usmart.o(.data)
    usmart_nametab                           0x200001f4   Data          32  usmart_config.o(.data)
    usmart_dev                               0x20000214   Data         244  usmart_config.o(.data)
    wifista_ssid                             0x20000318   Data           4  aiwac_supermarket.o(.data)
    wifista_encryption                       0x2000031c   Data           4  aiwac_supermarket.o(.data)
    wifista_password                         0x20000320   Data           4  aiwac_supermarket.o(.data)
    portnum                                  0x20000324   Data           4  aiwac_supermarket.o(.data)
    printfNUM                                0x20000328   Data           4  aiwac_supermarket.o(.data)
    GotGoodsResult                           0x2000032c   Data           4  aiwac_supermarket.o(.data)
    LoseGoodsResult                          0x20000330   Data           4  aiwac_supermarket.o(.data)
    LosePanResult                            0x20000334   Data           4  aiwac_supermarket.o(.data)
    LocationNow                              0x20000338   Data           4  aiwac_supermarket.o(.data)
    Car1_CorrectState                        0x2000033c   Data           4  aiwac_supermarket.o(.data)
    Car1_FDistance                           0x20000340   Data           8  aiwac_supermarket.o(.data)
    Car1_BDistance                           0x20000348   Data           8  aiwac_supermarket.o(.data)
    Car1_moveState                           0x20000350   Data           4  aiwac_supermarket.o(.data)
    Car2_CorrectState                        0x20000354   Data           4  aiwac_supermarket.o(.data)
    Car2_FDistance                           0x20000358   Data           8  aiwac_supermarket.o(.data)
    Car2_BDistance                           0x20000360   Data           8  aiwac_supermarket.o(.data)
    Car2_moveState                           0x20000368   Data           4  aiwac_supermarket.o(.data)
    netTime                                  0x2000036c   Data           4  aiwac_supermarket.o(.data)
    USART_RX_BUF                             0x20000370   Data         200  usart.o(.bss)
    SDIO_InitStructure                       0x20000438   Data          24  sdio_sdcard.o(.bss)
    SDIO_CmdInitStructure                    0x20000450   Data          20  sdio_sdcard.o(.bss)
    SDIO_DataInitStructure                   0x20000464   Data          24  sdio_sdcard.o(.bss)
    SDCardInfo                               0x200004a0   Data          88  sdio_sdcard.o(.bss)
    SDIO_DATA_BUFFER                         0x200004f8   Data         512  sdio_sdcard.o(.bss)
    USART3_TX_BUF                            0x200006f8   Data         400  usart3.o(.bss)
    USART3_RX_BUF                            0x20000888   Data         400  usart3.o(.bss)
    USART2_jsonBuF                           0x20000a18   Data         300  usart2_4_5.o(.bss)
    USART2_Car1_jsonParseBuF                 0x20000b44   Data         300  usart2_4_5.o(.bss)
    USART4_jsonBuF                           0x20000c70   Data         200  usart2_4_5.o(.bss)
    USART4_Getter_jsonParseBuF               0x20000d38   Data         200  usart2_4_5.o(.bss)
    USART5_jsonBuF                           0x20000e00   Data         300  usart2_4_5.o(.bss)
    USART5_Car2_jsonParseBuF                 0x20000f2c   Data         300  usart2_4_5.o(.bss)
    mem1base                                 0x20001060   Data       102400  malloc.o(.bss)
    mem1mapbase                              0x2001a060   Data        6400  malloc.o(.bss)
    SystemState                              0x2001b960   Data         516  aiwac_supermarket.o(.bss)
    GoodsLocation                            0x2001bb64   Data          39  aiwac_supermarket.o(.bss)
    __libspace_start                         0x2001bb8c   Data          96  libspace.o(.bss)
    __temporary_stack_top$libspace           0x2001bbec   Data           0  libspace.o(.bss)
    mem2base                                 0x68000000   Data       983040  malloc.o(.ARM.__AT_0x68000000)
    mem2mapbase                              0x680f0000   Data       61440  malloc.o(.ARM.__AT_0x680F0000)



==============================================================================

Memory Map of the image

  Image Entry point : 0x08000189

  Load Region LR_IROM1 (Base: 0x08000000, Size: 0x0000d924, Max: 0x00100000, ABSOLUTE, COMPRESSED[0x0000d6a8])

    Execution Region ER_IROM1 (Base: 0x08000000, Size: 0x0000d5b4, Max: 0x00100000, ABSOLUTE)

    Base Addr    Size         Type   Attr      Idx    E Section Name        Object

    0x08000000   0x00000188   Data   RO          383    RESET               startup_stm32f40_41xxx.o
    0x08000188   0x00000008   Code   RO         6315  * !!!main             c_w.l(__main.o)
    0x08000190   0x00000034   Code   RO         6816    !!!scatter          c_w.l(__scatter.o)
    0x080001c4   0x0000005a   Code   RO         6814    !!dczerorl2         c_w.l(__dczerorl2.o)
    0x0800021e   0x00000002   PAD
    0x08000220   0x0000001c   Code   RO         6818    !!handler_zi        c_w.l(__scatter_zi.o)
    0x0800023c   0x00000000   Code   RO         6286    .ARM.Collect$$_printf_percent$$00000000  c_w.l(_printf_percent.o)
    0x0800023c   0x00000006   Code   RO         6467    .ARM.Collect$$_printf_percent$$00000001  c_w.l(_printf_n.o)
    0x08000242   0x00000006   Code   RO         6468    .ARM.Collect$$_printf_percent$$00000002  c_w.l(_printf_p.o)
    0x08000248   0x00000006   Code   RO         6284    .ARM.Collect$$_printf_percent$$00000003  c_w.l(_printf_f.o)
    0x0800024e   0x00000006   Code   RO         6285    .ARM.Collect$$_printf_percent$$00000004  c_w.l(_printf_e.o)
    0x08000254   0x00000006   Code   RO         6471    .ARM.Collect$$_printf_percent$$00000005  c_w.l(_printf_g.o)
    0x0800025a   0x00000006   Code   RO         6472    .ARM.Collect$$_printf_percent$$00000006  c_w.l(_printf_a.o)
    0x08000260   0x0000000a   Code   RO         6477    .ARM.Collect$$_printf_percent$$00000007  c_w.l(_printf_ll.o)
    0x0800026a   0x00000006   Code   RO         6470    .ARM.Collect$$_printf_percent$$00000008  c_w.l(_printf_i.o)
    0x08000270   0x00000006   Code   RO         6282    .ARM.Collect$$_printf_percent$$00000009  c_w.l(_printf_d.o)
    0x08000276   0x00000006   Code   RO         6283    .ARM.Collect$$_printf_percent$$0000000A  c_w.l(_printf_u.o)
    0x0800027c   0x00000006   Code   RO         6469    .ARM.Collect$$_printf_percent$$0000000B  c_w.l(_printf_o.o)
    0x08000282   0x00000006   Code   RO         6281    .ARM.Collect$$_printf_percent$$0000000C  c_w.l(_printf_x.o)
    0x08000288   0x00000006   Code   RO         6474    .ARM.Collect$$_printf_percent$$0000000D  c_w.l(_printf_lli.o)
    0x0800028e   0x00000006   Code   RO         6475    .ARM.Collect$$_printf_percent$$0000000E  c_w.l(_printf_lld.o)
    0x08000294   0x00000006   Code   RO         6476    .ARM.Collect$$_printf_percent$$0000000F  c_w.l(_printf_llu.o)
    0x0800029a   0x00000006   Code   RO         6481    .ARM.Collect$$_printf_percent$$00000010  c_w.l(_printf_llo.o)
    0x080002a0   0x00000006   Code   RO         6482    .ARM.Collect$$_printf_percent$$00000011  c_w.l(_printf_llx.o)
    0x080002a6   0x0000000a   Code   RO         6478    .ARM.Collect$$_printf_percent$$00000012  c_w.l(_printf_l.o)
    0x080002b0   0x00000006   Code   RO         6279    .ARM.Collect$$_printf_percent$$00000013  c_w.l(_printf_c.o)
    0x080002b6   0x00000006   Code   RO         6280    .ARM.Collect$$_printf_percent$$00000014  c_w.l(_printf_s.o)
    0x080002bc   0x00000006   Code   RO         6479    .ARM.Collect$$_printf_percent$$00000015  c_w.l(_printf_lc.o)
    0x080002c2   0x00000006   Code   RO         6480    .ARM.Collect$$_printf_percent$$00000016  c_w.l(_printf_ls.o)
    0x080002c8   0x00000004   Code   RO         6473    .ARM.Collect$$_printf_percent$$00000017  c_w.l(_printf_percent_end.o)
    0x080002cc   0x00000002   Code   RO         6701    .ARM.Collect$$libinit$$00000000  c_w.l(libinit.o)
    0x080002ce   0x00000004   Code   RO         6489    .ARM.Collect$$libinit$$00000001  c_w.l(libinit2.o)
    0x080002d2   0x00000000   Code   RO         6492    .ARM.Collect$$libinit$$00000004  c_w.l(libinit2.o)
    0x080002d2   0x00000000   Code   RO         6495    .ARM.Collect$$libinit$$0000000A  c_w.l(libinit2.o)
    0x080002d2   0x00000000   Code   RO         6497    .ARM.Collect$$libinit$$0000000C  c_w.l(libinit2.o)
    0x080002d2   0x00000000   Code   RO         6499    .ARM.Collect$$libinit$$0000000E  c_w.l(libinit2.o)
    0x080002d2   0x00000006   Code   RO         6500    .ARM.Collect$$libinit$$0000000F  c_w.l(libinit2.o)
    0x080002d8   0x00000000   Code   RO         6502    .ARM.Collect$$libinit$$00000011  c_w.l(libinit2.o)
    0x080002d8   0x0000000c   Code   RO         6503    .ARM.Collect$$libinit$$00000012  c_w.l(libinit2.o)
    0x080002e4   0x00000000   Code   RO         6504    .ARM.Collect$$libinit$$00000013  c_w.l(libinit2.o)
    0x080002e4   0x00000000   Code   RO         6506    .ARM.Collect$$libinit$$00000015  c_w.l(libinit2.o)
    0x080002e4   0x0000000a   Code   RO         6507    .ARM.Collect$$libinit$$00000016  c_w.l(libinit2.o)
    0x080002ee   0x00000000   Code   RO         6508    .ARM.Collect$$libinit$$00000017  c_w.l(libinit2.o)
    0x080002ee   0x00000000   Code   RO         6510    .ARM.Collect$$libinit$$00000019  c_w.l(libinit2.o)
    0x080002ee   0x00000000   Code   RO         6512    .ARM.Collect$$libinit$$0000001B  c_w.l(libinit2.o)
    0x080002ee   0x00000000   Code   RO         6514    .ARM.Collect$$libinit$$0000001D  c_w.l(libinit2.o)
    0x080002ee   0x00000000   Code   RO         6516    .ARM.Collect$$libinit$$0000001F  c_w.l(libinit2.o)
    0x080002ee   0x00000000   Code   RO         6518    .ARM.Collect$$libinit$$00000021  c_w.l(libinit2.o)
    0x080002ee   0x00000000   Code   RO         6520    .ARM.Collect$$libinit$$00000023  c_w.l(libinit2.o)
    0x080002ee   0x00000000   Code   RO         6522    .ARM.Collect$$libinit$$00000025  c_w.l(libinit2.o)
    0x080002ee   0x00000000   Code   RO         6526    .ARM.Collect$$libinit$$0000002C  c_w.l(libinit2.o)
    0x080002ee   0x00000000   Code   RO         6528    .ARM.Collect$$libinit$$0000002E  c_w.l(libinit2.o)
    0x080002ee   0x00000000   Code   RO         6530    .ARM.Collect$$libinit$$00000030  c_w.l(libinit2.o)
    0x080002ee   0x00000000   Code   RO         6532    .ARM.Collect$$libinit$$00000032  c_w.l(libinit2.o)
    0x080002ee   0x00000002   Code   RO         6533    .ARM.Collect$$libinit$$00000033  c_w.l(libinit2.o)
    0x080002f0   0x00000002   Code   RO         6795    .ARM.Collect$$libshutdown$$00000000  c_w.l(libshutdown.o)
    0x080002f2   0x00000000   Code   RO         6720    .ARM.Collect$$libshutdown$$00000003  c_w.l(libshutdown2.o)
    0x080002f2   0x00000000   Code   RO         6723    .ARM.Collect$$libshutdown$$00000006  c_w.l(libshutdown2.o)
    0x080002f2   0x00000000   Code   RO         6726    .ARM.Collect$$libshutdown$$00000009  c_w.l(libshutdown2.o)
    0x080002f2   0x00000000   Code   RO         6728    .ARM.Collect$$libshutdown$$0000000B  c_w.l(libshutdown2.o)
    0x080002f2   0x00000000   Code   RO         6731    .ARM.Collect$$libshutdown$$0000000E  c_w.l(libshutdown2.o)
    0x080002f2   0x00000002   Code   RO         6732    .ARM.Collect$$libshutdown$$0000000F  c_w.l(libshutdown2.o)
    0x080002f4   0x00000000   Code   RO         6403    .ARM.Collect$$rtentry$$00000000  c_w.l(__rtentry.o)
    0x080002f4   0x00000000   Code   RO         6574    .ARM.Collect$$rtentry$$00000002  c_w.l(__rtentry2.o)
    0x080002f4   0x00000006   Code   RO         6586    .ARM.Collect$$rtentry$$00000004  c_w.l(__rtentry4.o)
    0x080002fa   0x00000000   Code   RO         6576    .ARM.Collect$$rtentry$$00000009  c_w.l(__rtentry2.o)
    0x080002fa   0x00000004   Code   RO         6577    .ARM.Collect$$rtentry$$0000000A  c_w.l(__rtentry2.o)
    0x080002fe   0x00000000   Code   RO         6579    .ARM.Collect$$rtentry$$0000000C  c_w.l(__rtentry2.o)
    0x080002fe   0x00000008   Code   RO         6580    .ARM.Collect$$rtentry$$0000000D  c_w.l(__rtentry2.o)
    0x08000306   0x00000002   Code   RO         6704    .ARM.Collect$$rtexit$$00000000  c_w.l(rtexit.o)
    0x08000308   0x00000000   Code   RO         6755    .ARM.Collect$$rtexit$$00000002  c_w.l(rtexit2.o)
    0x08000308   0x00000004   Code   RO         6756    .ARM.Collect$$rtexit$$00000003  c_w.l(rtexit2.o)
    0x0800030c   0x00000006   Code   RO         6757    .ARM.Collect$$rtexit$$00000004  c_w.l(rtexit2.o)
    0x08000312   0x00000002   PAD
    0x08000314   0x00000040   Code   RO          384    .text               startup_stm32f40_41xxx.o
    0x08000354   0x00000002   Code   RO         6152    .text               c_w.l(use_no_semi_2.o)
    0x08000356   0x0000001a   Code   RO         6218    .text               c_w.l(tolower.o)
    0x08000370   0x00000024   Code   RO         6220    .text               c_w.l(c89vsprintf.o)
    0x08000394   0x00000018   Code   RO         6222    .text               c_w.l(__2printf.o)
    0x080003ac   0x0000002c   Code   RO         6224    .text               c_w.l(__2sprintf.o)
    0x080003d8   0x0000004e   Code   RO         6232    .text               c_w.l(_printf_pad.o)
    0x08000426   0x00000052   Code   RO         6234    .text               c_w.l(_printf_str.o)
    0x08000478   0x00000078   Code   RO         6236    .text               c_w.l(_printf_dec.o)
    0x080004f0   0x00000094   Code   RO         6256    .text               c_w.l(_printf_hex_int_ll_ptr.o)
    0x08000584   0x00000188   Code   RO         6276    .text               c_w.l(__printf_flags_ss_wp.o)
    0x0800070c   0x0000001a   Code   RO         6287    .text               c_w.l(atoi.o)
    0x08000726   0x00000014   Code   RO         6289    .text               c_w.l(strchr.o)
    0x0800073a   0x00000024   Code   RO         6291    .text               c_w.l(strstr.o)
    0x0800075e   0x00000048   Code   RO         6293    .text               c_w.l(strcpy.o)
    0x080007a6   0x0000003e   Code   RO         6295    .text               c_w.l(strlen.o)
    0x080007e4   0x00000096   Code   RO         6297    .text               c_w.l(strncmp.o)
    0x0800087a   0x00000018   Code   RO         6299    .text               c_w.l(strcat.o)
    0x08000892   0x0000008a   Code   RO         6301    .text               c_w.l(rt_memcpy_v6.o)
    0x0800091c   0x00000064   Code   RO         6303    .text               c_w.l(rt_memcpy_w.o)
    0x08000980   0x00000044   Code   RO         6305    .text               c_w.l(rt_memclr.o)
    0x080009c4   0x0000004e   Code   RO         6307    .text               c_w.l(rt_memclr_w.o)
    0x08000a12   0x00000056   Code   RO         6309    .text               c_w.l(strncpy.o)
    0x08000a68   0x00000080   Code   RO         6311    .text               c_w.l(strcmpv7m.o)
    0x08000ae8   0x00000006   Code   RO         6313    .text               c_w.l(heapauxi.o)
    0x08000aee   0x00000002   Code   RO         6399    .text               c_w.l(use_no_semi.o)
    0x08000af0   0x00000010   Code   RO         6404    .text               c_w.l(rt_ctype_table.o)
    0x08000b00   0x00000008   Code   RO         6414    .text               c_w.l(rt_errno_addr_intlibspace.o)
    0x08000b08   0x00000016   Code   RO         6438    .text               c_w.l(_rserrno.o)
    0x08000b1e   0x00000024   Code   RO         6440    .text               c_w.l(_printf_truncate.o)
    0x08000b42   0x000000b2   Code   RO         6442    .text               c_w.l(_printf_intcommon.o)
    0x08000bf4   0x00000028   Code   RO         6444    .text               c_w.l(_printf_charcount.o)
    0x08000c1c   0x0000041a   Code   RO         6446    .text               c_w.l(_printf_fp_dec.o)
    0x08001036   0x00000002   PAD
    0x08001038   0x00000030   Code   RO         6448    .text               c_w.l(_printf_char_common.o)
    0x08001068   0x0000000a   Code   RO         6450    .text               c_w.l(_sputc.o)
    0x08001072   0x0000002c   Code   RO         6452    .text               c_w.l(_printf_char.o)
    0x0800109e   0x00000002   PAD
    0x080010a0   0x00000024   Code   RO         6454    .text               c_w.l(_printf_char_file.o)
    0x080010c4   0x000000bc   Code   RO         6456    .text               c_w.l(_printf_wctomb.o)
    0x08001180   0x0000007c   Code   RO         6459    .text               c_w.l(_printf_longlong_dec.o)
    0x080011fc   0x00000070   Code   RO         6465    .text               c_w.l(_printf_oct_int_ll.o)
    0x0800126c   0x000000a0   Code   RO         6483    .text               c_w.l(strtod.o)
    0x0800130c   0x00000070   Code   RO         6485    .text               c_w.l(strtol.o)
    0x0800137c   0x00000008   Code   RO         6570    .text               c_w.l(libspace.o)
    0x08001384   0x00000008   Code   RO         6595    .text               c_w.l(rt_locale_intlibspace.o)
    0x0800138c   0x0000008a   Code   RO         6605    .text               c_w.l(lludiv10.o)
    0x08001416   0x00000012   Code   RO         6607    .text               c_w.l(isspace.o)
    0x08001428   0x00000080   Code   RO         6609    .text               c_w.l(_printf_fp_infnan.o)
    0x080014a8   0x0000002c   Code   RO         6613    .text               c_w.l(_printf_wchar.o)
    0x080014d4   0x00000040   Code   RO         6615    .text               c_w.l(_sgetc.o)
    0x08001514   0x0000009e   Code   RO         6617    .text               c_w.l(_strtoul.o)
    0x080015b2   0x00000002   PAD
    0x080015b4   0x000000dc   Code   RO         6619    .text               c_w.l(bigflt0.o)
    0x08001690   0x00000008   Code   RO         6644    .text               c_w.l(ferror.o)
    0x08001698   0x00000040   Code   RO         6648    .text               c_w.l(_wcrtomb.o)
    0x080016d8   0x0000004a   Code   RO         6674    .text               c_w.l(sys_stackheap_outer.o)
    0x08001722   0x0000001c   Code   RO         6682    .text               c_w.l(_chval.o)
    0x0800173e   0x00000002   PAD
    0x08001740   0x000004a4   Code   RO         6684    .text               c_w.l(scanf_fp.o)
    0x08001be4   0x0000000c   Code   RO         6686    .text               c_w.l(exit.o)
    0x08001bf0   0x00000318   Code   RO         6761    .text               c_w.l(scanf_hexfp.o)
    0x08001f08   0x00000134   Code   RO         6763    .text               c_w.l(scanf_infnan.o)
    0x0800203c   0x00000026   Code   RO         6777    .text               c_w.l(llshl.o)
    0x08002062   0x0000003e   Code   RO         6622    CL$$btod_d2e        c_w.l(btod.o)
    0x080020a0   0x00000046   Code   RO         6624    CL$$btod_d2e_denorm_low  c_w.l(btod.o)
    0x080020e6   0x00000060   Code   RO         6623    CL$$btod_d2e_norm_op1  c_w.l(btod.o)
    0x08002146   0x00000338   Code   RO         6632    CL$$btod_div_common  c_w.l(btod.o)
    0x0800247e   0x00000002   PAD
    0x08002480   0x00000054   Code   RO         6630    CL$$btod_e2d        c_w.l(btod.o)
    0x080024d4   0x000000c6   Code   RO         6629    CL$$btod_e2e        c_w.l(btod.o)
    0x0800259a   0x00000028   Code   RO         6626    CL$$btod_ediv       c_w.l(btod.o)
    0x080025c2   0x00000028   Code   RO         6628    CL$$btod_edivd      c_w.l(btod.o)
    0x080025ea   0x00000028   Code   RO         6625    CL$$btod_emul       c_w.l(btod.o)
    0x08002612   0x00000028   Code   RO         6627    CL$$btod_emuld      c_w.l(btod.o)
    0x0800263a   0x00000244   Code   RO         6631    CL$$btod_mult_common  c_w.l(btod.o)
    0x0800287e   0x00000002   PAD
    0x08002880   0x00000040   Code   RO         5860    i.AIWAC_MasterGetGoods  aiwac_supermarket.o
    0x080028c0   0x000000f4   Code   RO         5861    i.AiwacMasterSendOrderCar1  aiwac_supermarket.o
    0x080029b4   0x000000f4   Code   RO         5862    i.AiwacMasterSendOrderCar2  aiwac_supermarket.o
    0x08002aa8   0x00000004   Code   RO          242    i.BusFault_Handler  stm32f4xx_it.o
    0x08002aac   0x00000064   Code   RO          926    i.CmdResp1Error     sdio_sdcard.o
    0x08002b10   0x00000002   Code   RO          243    i.DebugMon_Handler  stm32f4xx_it.o
    0x08002b12   0x00000002   PAD
    0x08002b14   0x00000030   Code   RO         5863    i.DropGoods         aiwac_supermarket.o
    0x08002b44   0x00000034   Code   RO         5864    i.DropPan           aiwac_supermarket.o
    0x08002b78   0x00000090   Code   RO         2285    i.GPIO_Init         stm32f4xx_gpio.o
    0x08002c08   0x00000046   Code   RO         2286    i.GPIO_PinAFConfig  stm32f4xx_gpio.o
    0x08002c4e   0x00000004   Code   RO          244    i.HardFault_Handler  stm32f4xx_it.o
    0x08002c52   0x00000004   Code   RO          245    i.MemManage_Handler  stm32f4xx_it.o
    0x08002c56   0x00000002   Code   RO          246    i.NMI_Handler       stm32f4xx_it.o
    0x08002c58   0x00000078   Code   RO         1903    i.NVIC_Init         misc.o
    0x08002cd0   0x00000014   Code   RO         1904    i.NVIC_PriorityGroupConfig  misc.o
    0x08002ce4   0x00000158   Code   RO         5865    i.PaserCar1_State   aiwac_supermarket.o
    0x08002e3c   0x00000158   Code   RO         5866    i.PaserCar2_State   aiwac_supermarket.o
    0x08002f94   0x00000158   Code   RO         5867    i.PaserGoodsGetter_State  aiwac_supermarket.o
    0x080030ec   0x00000002   Code   RO          247    i.PendSV_Handler    stm32f4xx_it.o
    0x080030ee   0x00000002   PAD
    0x080030f0   0x00000020   Code   RO         2386    i.RCC_AHB1PeriphClockCmd  stm32f4xx_rcc.o
    0x08003110   0x00000020   Code   RO         2395    i.RCC_APB1PeriphClockCmd  stm32f4xx_rcc.o
    0x08003130   0x00000020   Code   RO         2397    i.RCC_APB1PeriphResetCmd  stm32f4xx_rcc.o
    0x08003150   0x00000020   Code   RO         2398    i.RCC_APB2PeriphClockCmd  stm32f4xx_rcc.o
    0x08003170   0x00000020   Code   RO         2400    i.RCC_APB2PeriphResetCmd  stm32f4xx_rcc.o
    0x08003190   0x000000e8   Code   RO         2407    i.RCC_GetClocksFreq  stm32f4xx_rcc.o
    0x08003278   0x0000000c   Code   RO         3083    i.SDIO_ClearFlag    stm32f4xx_sdio.o
    0x08003284   0x00000018   Code   RO         3095    i.SDIO_GetFlagStatus  stm32f4xx_sdio.o
    0x0800329c   0x00000008   Code   RO          935    i.SDIO_IRQHandler   sdio_sdcard.o
    0x080032a4   0x0000002c   Code   RO         3103    i.SDIO_SendCommand  stm32f4xx_sdio.o
    0x080032d0   0x00000154   Code   RO          945    i.SD_ProcessIRQSrc  sdio_sdcard.o
    0x08003424   0x00000002   Code   RO          248    i.SVC_Handler       stm32f4xx_it.o
    0x08003426   0x00000002   PAD
    0x08003428   0x000000ec   Code   RO          343    i.SetSysClock       system_stm32f4xx.o
    0x08003514   0x00000028   Code   RO         1907    i.SysTick_CLKSourceConfig  misc.o
    0x0800353c   0x00000002   Code   RO          249    i.SysTick_Handler   stm32f4xx_it.o
    0x0800353e   0x00000002   PAD
    0x08003540   0x00000068   Code   RO          345    i.SystemInit        system_stm32f4xx.o
    0x080035a8   0x00000038   Code   RO         5329    i.TIM4_IRQHandler   usmart.o
    0x080035e0   0x00000034   Code   RO         1230    i.TIM7_IRQHandler   timer.o
    0x08003614   0x00000054   Code   RO         1231    i.TIM7_Int_Init     timer.o
    0x08003668   0x00000006   Code   RO         3518    i.TIM_ClearFlag     stm32f4xx_tim.o
    0x0800366e   0x00000006   Code   RO         3519    i.TIM_ClearITPendingBit  stm32f4xx_tim.o
    0x08003674   0x00000018   Code   RO         3524    i.TIM_Cmd           stm32f4xx_tim.o
    0x0800368c   0x00000006   Code   RO         3543    i.TIM_GetCounter    stm32f4xx_tim.o
    0x08003692   0x00000012   Code   RO         3544    i.TIM_GetFlagStatus  stm32f4xx_tim.o
    0x080036a4   0x00000022   Code   RO         3545    i.TIM_GetITStatus   stm32f4xx_tim.o
    0x080036c6   0x00000012   Code   RO         3549    i.TIM_ITConfig      stm32f4xx_tim.o
    0x080036d8   0x00000004   Code   RO         3584    i.TIM_SetAutoreload  stm32f4xx_tim.o
    0x080036dc   0x00000004   Code   RO         3590    i.TIM_SetCounter    stm32f4xx_tim.o
    0x080036e0   0x00000084   Code   RO         3596    i.TIM_TimeBaseInit  stm32f4xx_tim.o
    0x08003764   0x0000005c   Code   RO         5330    i.Timer4_Init       usmart.o
    0x080037c0   0x00000154   Code   RO         1771    i.UART4_IRQHandler  usart2_4_5.o
    0x08003914   0x00000154   Code   RO         1772    i.UART5_IRQHandler  usart2_4_5.o
    0x08003a68   0x00000088   Code   RO          457    i.USART1_IRQHandler  usart.o
    0x08003af0   0x00000038   Code   RO         1773    i.USART2StateTo0    usart2_4_5.o
    0x08003b28   0x00000154   Code   RO         1774    i.USART2_IRQHandler  usart2_4_5.o
    0x08003c7c   0x00000070   Code   RO         1597    i.USART3_IRQHandler  usart3.o
    0x08003cec   0x00000038   Code   RO         1775    i.USART4StateTo0    usart2_4_5.o
    0x08003d24   0x00000038   Code   RO         1776    i.USART5StateTo0    usart2_4_5.o
    0x08003d5c   0x00000012   Code   RO         4074    i.USART_ClearFlag   stm32f4xx_usart.o
    0x08003d6e   0x00000018   Code   RO         4078    i.USART_Cmd         stm32f4xx_usart.o
    0x08003d86   0x00000002   PAD
    0x08003d88   0x000000f0   Code   RO         4080    i.USART_DeInit      stm32f4xx_usart.o
    0x08003e78   0x0000001a   Code   RO         4081    i.USART_GetFlagStatus  stm32f4xx_usart.o
    0x08003e92   0x00000054   Code   RO         4082    i.USART_GetITStatus  stm32f4xx_usart.o
    0x08003ee6   0x0000004a   Code   RO         4084    i.USART_ITConfig    stm32f4xx_usart.o
    0x08003f30   0x000000d4   Code   RO         4085    i.USART_Init        stm32f4xx_usart.o
    0x08004004   0x0000000a   Code   RO         4092    i.USART_ReceiveData  stm32f4xx_usart.o
    0x0800400e   0x00000008   Code   RO         4095    i.USART_SendData    stm32f4xx_usart.o
    0x08004016   0x00000004   Code   RO          250    i.UsageFault_Handler  stm32f4xx_it.o
    0x0800401a   0x00000002   PAD
    0x0800401c   0x00000034   Code   RO         5868    i.WIFISend          aiwac_supermarket.o
    0x08004050   0x00000030   Code   RO         6563    i.__ARM_fpclassify  m_wm.l(fpclassify.o)
    0x08004080   0x00000038   Code   RO         6355    i.__hardfp_atof     m_wm.l(atof.o)
    0x080040b8   0x00000014   Code   RO         6361    i.__hardfp_fabs     m_wm.l(fabs.o)
    0x080040cc   0x00000004   PAD
    0x080040d0   0x00000118   Code   RO         6367    i.__hardfp_floor    m_wm.l(floor.o)
    0x080041e8   0x000000d0   Code   RO         6796    i.__hardfp_ldexp    m_wm.l(ldexp.o)
    0x080042b8   0x00000c38   Code   RO         6373    i.__hardfp_pow      m_wm.l(pow.o)
    0x08004ef0   0x000000f8   Code   RO         6565    i.__kernel_poly     m_wm.l(poly.o)
    0x08004fe8   0x00000030   Code   RO         6549    i.__mathlib_dbl_divzero  m_wm.l(dunder.o)
    0x08005018   0x00000014   Code   RO         6551    i.__mathlib_dbl_infnan2  m_wm.l(dunder.o)
    0x0800502c   0x00000004   PAD
    0x08005030   0x00000020   Code   RO         6552    i.__mathlib_dbl_invalid  m_wm.l(dunder.o)
    0x08005050   0x00000020   Code   RO         6553    i.__mathlib_dbl_overflow  m_wm.l(dunder.o)
    0x08005070   0x00000020   Code   RO         6555    i.__mathlib_dbl_underflow  m_wm.l(dunder.o)
    0x08005090   0x000000b8   Code   RO         6745    i.__mathlib_narrow  m_wm.l(narrow.o)
    0x08005148   0x00000014   Code   RO         6798    i.__support_ldexp   m_wm.l(ldexp.o)
    0x0800515c   0x0000000e   Code   RO         6269    i._is_digit         c_w.l(__printf_wp.o)
    0x0800516a   0x00000006   Code   RO          458    i._sys_exit         usart.o
    0x08005170   0x0000000e   Code   RO         5284    i.aiwacFree         wifista.o
    0x0800517e   0x0000000e   Code   RO         5285    i.aiwacMalloc       wifista.o
    0x0800518c   0x000002c4   Code   RO         5869    i.askState2other    aiwac_supermarket.o
    0x08005450   0x0000003c   Code   RO         5122    i.atk_8266_at_response  common.o
    0x0800548c   0x00000034   Code   RO         5123    i.atk_8266_check_cmd  common.o
    0x080054c0   0x00000044   Code   RO         5124    i.atk_8266_consta_check  common.o
    0x08005504   0x00000070   Code   RO         5135    i.atk_8266_quit_trans  common.o
    0x08005574   0x00000074   Code   RO         5136    i.atk_8266_send_cmd  common.o
    0x080055e8   0x000000c8   Code   RO         5138    i.atk_8266_test     common.o
    0x080056b0   0x000002fc   Code   RO         5286    i.atk_8266_wifista_test  wifista.o
    0x080059ac   0x0000002a   Code   RO         5528    i.cJSON_AddItemToArray  cjson.o
    0x080059d6   0x00000002   PAD
    0x080059d8   0x00000030   Code   RO         5529    i.cJSON_AddItemToObject  cjson.o
    0x08005a08   0x00000030   Code   RO         5537    i.cJSON_CreateNumber  cjson.o
    0x08005a38   0x00000012   Code   RO         5538    i.cJSON_CreateObject  cjson.o
    0x08005a4a   0x0000001c   Code   RO         5539    i.cJSON_CreateString  cjson.o
    0x08005a66   0x00000002   PAD
    0x08005a68   0x00000050   Code   RO         5542    i.cJSON_Delete      cjson.o
    0x08005ab8   0x0000000c   Code   RO         5550    i.cJSON_GetErrorPtr  cjson.o
    0x08005ac4   0x0000001e   Code   RO         5551    i.cJSON_GetObjectItem  cjson.o
    0x08005ae2   0x00000002   PAD
    0x08005ae4   0x00000020   Code   RO         5554    i.cJSON_New_Item    cjson.o
    0x08005b04   0x00000010   Code   RO         5555    i.cJSON_Parse       cjson.o
    0x08005b14   0x00000064   Code   RO         5556    i.cJSON_ParseWithOpts  cjson.o
    0x08005b78   0x00000010   Code   RO         5558    i.cJSON_PrintUnformatted  cjson.o
    0x08005b88   0x0000004c   Code   RO         5561    i.cJSON_strcasecmp  cjson.o
    0x08005bd4   0x0000002c   Code   RO         5562    i.cJSON_strdup      cjson.o
    0x08005c00   0x00000060   Code   RO         5870    i.checkORReconnect  aiwac_supermarket.o
    0x08005c60   0x00000320   Code   RO         5871    i.checkSysState     aiwac_supermarket.o
    0x08005f80   0x00000084   Code   RO         5872    i.controlCarToDropPan  aiwac_supermarket.o
    0x08006004   0x00000080   Code   RO         5873    i.controlCarToGate  aiwac_supermarket.o
    0x08006084   0x00000114   Code   RO         5874    i.controlCarToGoodsSpace  aiwac_supermarket.o
    0x08006198   0x0000008c   Code   RO         5875    i.controlCarToInitSpace  aiwac_supermarket.o
    0x08006224   0x00000028   Code   RO         1777    i.crc8_calculate    usart2_4_5.o
    0x0800624c   0x0000003c   Code   RO          391    i.delay_init        delay.o
    0x08006288   0x00000038   Code   RO          392    i.delay_ms          delay.o
    0x080062c0   0x0000004c   Code   RO          394    i.delay_xms         delay.o
    0x0800630c   0x000001cc   Code   RO         5876    i.designFSpeed2     aiwac_supermarket.o
    0x080064d8   0x00000080   Code   RO         4765    i.exfuns_init       exfuns.o
    0x08006558   0x00000018   Code   RO         6363    i.fabs              m_wm.l(fabs.o)
    0x08006570   0x00000160   Code   RO         5877    i.feedbackGoInit    aiwac_supermarket.o
    0x080066d0   0x0000018c   Code   RO         5878    i.feedbackGotGoodsResult  aiwac_supermarket.o
    0x0800685c   0x00000134   Code   RO         5879    i.feedbackGotOrder  aiwac_supermarket.o
    0x08006990   0x0000018c   Code   RO         5880    i.feedbackLoseGoodsResult  aiwac_supermarket.o
    0x08006b1c   0x00000168   Code   RO         5881    i.feedbackStartGetGoods  aiwac_supermarket.o
    0x08006c84   0x0000001c   Code   RO          459    i.fputc             usart.o
    0x08006ca0   0x0000008c   Code   RO         6773    i.frexp             m_wm.l(frexp.o)
    0x08006d2c   0x00000e80   Code   RO         5882    i.goGoalPosition    aiwac_supermarket.o
    0x08007bac   0x000009a8   Code   RO         5883    i.goStartTogether   aiwac_supermarket.o
    0x08008554   0x00000578   Code   RO         5884    i.goToEverywhere    aiwac_supermarket.o
    0x08008acc   0x000000b0   Code   RO         5885    i.goToLocation      aiwac_supermarket.o
    0x08008b7c   0x000000f0   Code   RO         5886    i.initSysValue      aiwac_supermarket.o
    0x08008c6c   0x00000084   Code   RO            4    i.main              main.o
    0x08008cf0   0x0000006c   Code   RO         4266    i.my_mem_free       malloc.o
    0x08008d5c   0x00000044   Code   RO         4267    i.my_mem_init       malloc.o
    0x08008da0   0x000000a8   Code   RO         4268    i.my_mem_malloc     malloc.o
    0x08008e48   0x00000040   Code   RO         4269    i.my_mem_perused    malloc.o
    0x08008e88   0x0000004c   Code   RO         5887    i.myabs_double      aiwac_supermarket.o
    0x08008ed4   0x00000024   Code   RO         4270    i.myfree            malloc.o
    0x08008ef8   0x00000028   Code   RO         4271    i.mymalloc          malloc.o
    0x08008f20   0x00000014   Code   RO         4273    i.mymemset          malloc.o
    0x08008f34   0x000000d0   Code   RO         5888    i.notifyGoodsGetterDropPan  aiwac_supermarket.o
    0x08009004   0x0000012c   Code   RO         5889    i.notifyGoodsGetterLocation  aiwac_supermarket.o
    0x08009130   0x000000d4   Code   RO         5890    i.notifyGoodsGetterLoseGoods  aiwac_supermarket.o
    0x08009204   0x0000059c   Code   RO         5891    i.parseOrderFromS   aiwac_supermarket.o
    0x080097a0   0x000000ac   Code   RO         5564    i.parse_array       cjson.o
    0x0800984c   0x00000114   Code   RO         5565    i.parse_hex4        cjson.o
    0x08009960   0x000001c8   Code   RO         5566    i.parse_number      cjson.o
    0x08009b28   0x00000114   Code   RO         5567    i.parse_object      cjson.o
    0x08009c3c   0x000001cc   Code   RO         5568    i.parse_string      cjson.o
    0x08009e08   0x000000bc   Code   RO         5569    i.parse_value       cjson.o
    0x08009ec4   0x0000016c   Code   RO         5570    i.print_array       cjson.o
    0x0800a030   0x000001d0   Code   RO         5571    i.print_number      cjson.o
    0x0800a200   0x00000274   Code   RO         5572    i.print_object      cjson.o
    0x0800a474   0x0000000c   Code   RO         5573    i.print_string      cjson.o
    0x0800a480   0x00000128   Code   RO         5574    i.print_string_ptr  cjson.o
    0x0800a5a8   0x00000094   Code   RO         5575    i.print_value       cjson.o
    0x0800a63c   0x00000006   Code   RO         5331    i.read_addr         usmart.o
    0x0800a642   0x00000002   PAD
    0x0800a644   0x0000013c   Code   RO         5892    i.sendMasterID2S    aiwac_supermarket.o
    0x0800a780   0x000000e8   Code   RO         5893    i.sendTuringOrder   aiwac_supermarket.o
    0x0800a868   0x00000012   Code   RO         5576    i.skip              cjson.o
    0x0800a87a   0x0000006e   Code   RO         6389    i.sqrt              m_wm.l(sqrt.o)
    0x0800a8e8   0x00000006   Code   RO         5577    i.suffix_object     cjson.o
    0x0800a8ee   0x00000002   PAD
    0x0800a8f0   0x00000050   Code   RO         1598    i.u3_printf         usart3.o
    0x0800a940   0x000000ac   Code   RO         1778    i.uart2_init        usart2_4_5.o
    0x0800a9ec   0x000000b0   Code   RO         1779    i.uart4_init        usart2_4_5.o
    0x0800aa9c   0x0000002c   Code   RO         1781    i.uart4_sendString  usart2_4_5.o
    0x0800aac8   0x000000dc   Code   RO         1782    i.uart5_init        usart2_4_5.o
    0x0800aba4   0x0000002c   Code   RO         1784    i.uart5_sendString  usart2_4_5.o
    0x0800abd0   0x000000b4   Code   RO          460    i.uart_init         usart.o
    0x0800ac84   0x0000002c   Code   RO         1786    i.usart2_sendString  usart2_4_5.o
    0x0800acb0   0x000000d8   Code   RO         1599    i.usart3_init       usart3.o
    0x0800ad88   0x000000b0   Code   RO         5332    i.usmart_cmd_rec    usmart.o
    0x0800ae38   0x000002d4   Code   RO         5333    i.usmart_exe        usmart.o
    0x0800b10c   0x000000c8   Code   RO         5442    i.usmart_get_aparm  usmart_str.o
    0x0800b1d4   0x00000036   Code   RO         5443    i.usmart_get_cmdname  usmart_str.o
    0x0800b20a   0x00000002   PAD
    0x0800b20c   0x000001c0   Code   RO         5444    i.usmart_get_fname  usmart_str.o
    0x0800b3cc   0x0000010c   Code   RO         5445    i.usmart_get_fparam  usmart_str.o
    0x0800b4d8   0x00000020   Code   RO         5446    i.usmart_get_parmpos  usmart_str.o
    0x0800b4f8   0x00000044   Code   RO         5334    i.usmart_get_runtime  usmart.o
    0x0800b53c   0x00000028   Code   RO         5335    i.usmart_init       usmart.o
    0x0800b564   0x00000016   Code   RO         5447    i.usmart_pow        usmart_str.o
    0x0800b57a   0x00000002   PAD
    0x0800b57c   0x00000030   Code   RO         5336    i.usmart_reset_runtime  usmart.o
    0x0800b5ac   0x000000bc   Code   RO         5337    i.usmart_scan       usmart.o
    0x0800b668   0x00000016   Code   RO         5448    i.usmart_search_nextc  usmart_str.o
    0x0800b67e   0x000000ca   Code   RO         5449    i.usmart_str2num    usmart_str.o
    0x0800b748   0x00000022   Code   RO         5450    i.usmart_strcmp     usmart_str.o
    0x0800b76a   0x00000016   Code   RO         5451    i.usmart_strcopy    usmart_str.o
    0x0800b780   0x00000018   Code   RO         5452    i.usmart_strlen     usmart_str.o
    0x0800b798   0x000006e4   Code   RO         5338    i.usmart_sys_cmd_exe  usmart.o
    0x0800be7c   0x0000009c   Code   RO         5895    i.waitingGetterGotGoods  aiwac_supermarket.o
    0x0800bf18   0x00000098   Code   RO         5896    i.waitingGetterLoseGoods  aiwac_supermarket.o
    0x0800bfb0   0x00000098   Code   RO         5897    i.waitingGetterLosePan  aiwac_supermarket.o
    0x0800c048   0x0000003c   Code   RO         5898    i.waitingSAskState  aiwac_supermarket.o
    0x0800c084   0x0000004c   Code   RO         5899    i.waitingSSendLocation  aiwac_supermarket.o
    0x0800c0d0   0x00000044   Code   RO         5900    i.wifi_Init         aiwac_supermarket.o
    0x0800c114   0x00000004   Code   RO         5339    i.write_addr        usmart.o
    0x0800c118   0x0000002c   Code   RO         6651    locale$$code        c_w.l(lc_ctype_c.o)
    0x0800c144   0x0000002c   Code   RO         6654    locale$$code        c_w.l(lc_numeric_c.o)
    0x0800c170   0x00000018   Code   RO         6317    x$fpl$basic         fz_wm.l(basic.o)
    0x0800c188   0x00000062   Code   RO         6319    x$fpl$d2f           fz_wm.l(d2f.o)
    0x0800c1ea   0x00000002   PAD
    0x0800c1ec   0x00000150   Code   RO         6321    x$fpl$dadd          fz_wm.l(daddsub_clz.o)
    0x0800c33c   0x00000010   Code   RO         6665    x$fpl$dcheck1       fz_wm.l(dcheck1.o)
    0x0800c34c   0x00000018   Code   RO         6534    x$fpl$dcmpinf       fz_wm.l(dcmpi.o)
    0x0800c364   0x000002b0   Code   RO         6328    x$fpl$ddiv          fz_wm.l(ddiv.o)
    0x0800c614   0x00000078   Code   RO         6769    x$fpl$deqf          fz_wm.l(deqf.o)
    0x0800c68c   0x0000005e   Code   RO         6331    x$fpl$dfix          fz_wm.l(dfix.o)
    0x0800c6ea   0x0000002e   Code   RO         6340    x$fpl$dflt          fz_wm.l(dflt_clz.o)
    0x0800c718   0x00000078   Code   RO         6345    x$fpl$dleqf         fz_wm.l(dleqf.o)
    0x0800c790   0x00000154   Code   RO         6347    x$fpl$dmul          fz_wm.l(dmul.o)
    0x0800c8e4   0x0000009c   Code   RO         6536    x$fpl$dnaninf       fz_wm.l(dnaninf.o)
    0x0800c980   0x0000000c   Code   RO         6538    x$fpl$dretinf       fz_wm.l(dretinf.o)
    0x0800c98c   0x0000006c   Code   RO         6349    x$fpl$drleqf        fz_wm.l(drleqf.o)
    0x0800c9f8   0x00000016   Code   RO         6322    x$fpl$drsb          fz_wm.l(daddsub_clz.o)
    0x0800ca0e   0x00000002   PAD
    0x0800ca10   0x00000198   Code   RO         6540    x$fpl$dsqrt         fz_wm.l(dsqrt_umaal.o)
    0x0800cba8   0x000001d4   Code   RO         6323    x$fpl$dsub          fz_wm.l(daddsub_clz.o)
    0x0800cd7c   0x00000056   Code   RO         6351    x$fpl$f2d           fz_wm.l(f2d.o)
    0x0800cdd2   0x0000008c   Code   RO         6542    x$fpl$fnaninf       fz_wm.l(fnaninf.o)
    0x0800ce5e   0x0000000a   Code   RO         6667    x$fpl$fpinit        fz_wm.l(fpinit.o)
    0x0800ce68   0x0000000a   Code   RO         6544    x$fpl$fretinf       fz_wm.l(fretinf.o)
    0x0800ce72   0x00000004   Code   RO         6353    x$fpl$printf1       fz_wm.l(printf1.o)
    0x0800ce76   0x00000064   Code   RO         6702    x$fpl$retnan        fz_wm.l(retnan.o)
    0x0800ceda   0x0000005c   Code   RO         6546    x$fpl$scalbn        fz_wm.l(scalbn.o)
    0x0800cf36   0x00000004   Code   RO         6671    x$fpl$scanf1        fz_wm.l(scanf1.o)
    0x0800cf3a   0x00000008   Code   RO         6736    x$fpl$scanf2        fz_wm.l(scanf2.o)
    0x0800cf42   0x00000030   Code   RO         6742    x$fpl$trapveneer    fz_wm.l(trapv.o)
    0x0800cf72   0x00000000   Code   RO         6548    x$fpl$usenofp       fz_wm.l(usenofp.o)
    0x0800cf72   0x00000100   Data   RO         1788    .constdata          usart2_4_5.o
    0x0800d072   0x00000002   PAD
    0x0800d074   0x00000024   Data   RO         4280    .constdata          malloc.o
    0x0800d098   0x00000007   Data   RO         5578    .constdata          cjson.o
    0x0800d09f   0x00000028   Data   RO         6257    .constdata          c_w.l(_printf_hex_int_ll_ptr.o)
    0x0800d0c7   0x00000011   Data   RO         6277    .constdata          c_w.l(__printf_flags_ss_wp.o)
    0x0800d0d8   0x00000088   Data   RO         6376    .constdata          m_wm.l(pow.o)
    0x0800d160   0x00000008   Data   RO         6457    .constdata          c_w.l(_printf_wctomb.o)
    0x0800d168   0x00000008   Data   RO         6567    .constdata          m_wm.l(qnan.o)
    0x0800d170   0x00000094   Data   RO         6620    .constdata          c_w.l(bigflt0.o)
    0x0800d204   0x00000064   Data   RO         4768    .conststring        exfuns.o
    0x0800d268   0x00000028   Data   RO         5340    .conststring        usmart.o
    0x0800d290   0x00000090   Data   RO         5417    .conststring        usmart_config.o
    0x0800d320   0x0000013d   Data   RO         5903    .conststring        aiwac_supermarket.o
    0x0800d45d   0x00000003   PAD
    0x0800d460   0x00000020   Data   RO         6812    Region$$Table       anon$$obj.o
    0x0800d480   0x00000008   Data   RO         6733    c$$dinf             fz_wm.l(fpconst.o)
    0x0800d488   0x00000110   Data   RO         6650    locale$$data        c_w.l(lc_ctype_c.o)
    0x0800d598   0x0000001c   Data   RO         6653    locale$$data        c_w.l(lc_numeric_c.o)


    Execution Region RW_IRAM1 (Base: 0x20000000, Size: 0x0001c1f0, Max: 0x00020000, ABSOLUTE, COMPRESSED[0x000000f4])

    Base Addr    Size         Type   Attr      Idx    E Section Name        Object

    0x20000000   0x00000004   Data   RW          395    .data               delay.o
    0x20000004   0x00000006   Data   RW          462    .data               usart.o
    0x2000000a   0x00000002   PAD
    0x2000000c   0x00000010   Data   RW          957    .data               sdio_sdcard.o
    0x2000001c   0x00000002   Data   RW         1601    .data               usart3.o
    0x2000001e   0x00000002   PAD
    0x20000020   0x0000002d   Data   RW         1789    .data               usart2_4_5.o
    0x2000004d   0x00000010   Data   RW         2439    .data               stm32f4xx_rcc.o
    0x2000005d   0x00000003   PAD
    0x20000060   0x00000024   Data   RW         4281    .data               malloc.o
    0x20000084   0x00000154   Data   RW         4769    .data               exfuns.o
    0x200001d8   0x0000001c   Data   RW         5341    .data               usmart.o
    0x200001f4   0x00000114   Data   RW         5418    .data               usmart_config.o
    0x20000308   0x0000000c   Data   RW         5579    .data               cjson.o
    0x20000314   0x00000004   PAD
    0x20000318   0x00000058   Data   RW         5904    .data               aiwac_supermarket.o
    0x20000370   0x000000c8   Zero   RW          461    .bss                usart.o
    0x20000438   0x000002c0   Zero   RW          956    .bss                sdio_sdcard.o
    0x200006f8   0x00000320   Zero   RW         1600    .bss                usart3.o
    0x20000a18   0x00000640   Zero   RW         1787    .bss                usart2_4_5.o
    0x20001058   0x00000008   PAD
    0x20001060   0x0001a900   Zero   RW         4279    .bss                malloc.o
    0x2001b960   0x0000022b   Zero   RW         5901    .bss                aiwac_supermarket.o
    0x2001bb8b   0x00000001   PAD
    0x2001bb8c   0x00000060   Zero   RW         6571    .bss                c_w.l(libspace.o)
    0x2001bbec   0x00000004   PAD
    0x2001bbf0   0x00000200   Zero   RW          382    HEAP                startup_stm32f40_41xxx.o
    0x2001bdf0   0x00000400   Zero   RW          381    STACK               startup_stm32f40_41xxx.o



  Load Region LR$$.ARM.__AT_0x10000000 (Base: 0x10000000, Size: 0x00000000, Max: 0x0000f000, ABSOLUTE)

    Execution Region ER$$.ARM.__AT_0x10000000 (Base: 0x10000000, Size: 0x0000f000, Max: 0x0000f000, ABSOLUTE, UNINIT)

    Base Addr    Size         Type   Attr      Idx    E Section Name        Object

    0x10000000   0x0000f000   Zero   RW         4275    .ARM.__AT_0x10000000  malloc.o



  Load Region LR$$.ARM.__AT_0x1000F000 (Base: 0x1000f000, Size: 0x00000000, Max: 0x00000f00, ABSOLUTE)

    Execution Region ER$$.ARM.__AT_0x1000F000 (Base: 0x1000f000, Size: 0x00000f00, Max: 0x00000f00, ABSOLUTE, UNINIT)

    Base Addr    Size         Type   Attr      Idx    E Section Name        Object

    0x1000f000   0x00000f00   Zero   RW         4276    .ARM.__AT_0x1000F000  malloc.o



  Load Region LR$$.ARM.__AT_0x68000000 (Base: 0x68000000, Size: 0x00000000, Max: 0x000f0000, ABSOLUTE)

    Execution Region ER$$.ARM.__AT_0x68000000 (Base: 0x68000000, Size: 0x000f0000, Max: 0x000f0000, ABSOLUTE, UNINIT)

    Base Addr    Size         Type   Attr      Idx    E Section Name        Object

    0x68000000   0x000f0000   Zero   RW         4277    .ARM.__AT_0x68000000  malloc.o



  Load Region LR$$.ARM.__AT_0x680F0000 (Base: 0x680f0000, Size: 0x00000000, Max: 0x0000f000, ABSOLUTE)

    Execution Region ER$$.ARM.__AT_0x680F0000 (Base: 0x680f0000, Size: 0x0000f000, Max: 0x0000f000, ABSOLUTE, UNINIT)

    Base Addr    Size         Type   Attr      Idx    E Section Name        Object

    0x680f0000   0x0000f000   Zero   RW         4278    .ARM.__AT_0x680F0000  malloc.o


==============================================================================

Image component sizes


      Code (inc. data)   RO Data    RW Data    ZI Data      Debug   Object Name

     17732       5138        317         88        555      35406   aiwac_supermarket.o
      4354        268          7         12          0      23624   cjson.o
       608        194          0          0          0       4146   common.o
       192         12          0          4          0       2000   delay.o
       128         18        100        340          0       1558   exfuns.o
         0          0          0          0          0       2564   ff.o
       132         16          0          0          0     294651   main.o
       504         60         36         36    1218560       6586   malloc.o
       180         24          0          0          0       2145   misc.o
       448         28          0         16        704      12014   sdio_sdcard.o
        64         26        392          0       1536        864   startup_stm32f40_41xxx.o
       214          0          0          0          0       1811   stm32f4xx_gpio.o
        26          0          0          0          0       4226   stm32f4xx_it.o
       392         48          0         16          0       5945   stm32f4xx_rcc.o
        80         14          0          0          0       3545   stm32f4xx_sdio.o
       252         28          0          0          0       6684   stm32f4xx_tim.o
       696         42          0          0          0       6814   stm32f4xx_usart.o
       340         32          0          0          0       1525   system_stm32f4xx.o
       136         16          0          0          0       1218   timer.o
       350         28          0          6        200       4384   usart.o
      1928        198        256         45       1600      10874   usart2_4_5.o
       408         42          0          2        800       3494   usart3.o
      3166       1332         40         28          0       8154   usmart.o
         0          0        144        276          0       1580   usmart_config.o
      1328         20          0          0          0       8921   usmart_str.o
       792        472          0          0          0       2354   wifista.o

    ----------------------------------------------------------------------
     34476       8056       1329        880    1223964     457087   Object Totals
         0          0         32          0          0          0   (incl. Generated)
        26          0          5         11          9          0   (incl. Padding)

    ----------------------------------------------------------------------

      Code (inc. data)   RO Data    RW Data    ZI Data      Debug   Library Member Name

        24          4          0          0          0         84   __2printf.o
        44          6          0          0          0         84   __2sprintf.o
        90          0          0          0          0          0   __dczerorl2.o
         8          0          0          0          0         68   __main.o
       392          4         17          0          0         92   __printf_flags_ss_wp.o
        14          0          0          0          0         68   __printf_wp.o
         0          0          0          0          0          0   __rtentry.o
        12          0          0          0          0          0   __rtentry2.o
         6          0          0          0          0          0   __rtentry4.o
        52          8          0          0          0          0   __scatter.o
        28          0          0          0          0          0   __scatter_zi.o
        28          0          0          0          0         68   _chval.o
         6          0          0          0          0          0   _printf_a.o
         6          0          0          0          0          0   _printf_c.o
        44          0          0          0          0        108   _printf_char.o
        48          6          0          0          0         96   _printf_char_common.o
        36          4          0          0          0         80   _printf_char_file.o
        40          0          0          0          0         68   _printf_charcount.o
         6          0          0          0          0          0   _printf_d.o
       120         16          0          0          0         92   _printf_dec.o
         6          0          0          0          0          0   _printf_e.o
         6          0          0          0          0          0   _printf_f.o
      1050          0          0          0          0        216   _printf_fp_dec.o
       128         16          0          0          0         84   _printf_fp_infnan.o
         6          0          0          0          0          0   _printf_g.o
       148          4         40          0          0        160   _printf_hex_int_ll_ptr.o
         6          0          0          0          0          0   _printf_i.o
       178          0          0          0          0         88   _printf_intcommon.o
        10          0          0          0          0          0   _printf_l.o
         6          0          0          0          0          0   _printf_lc.o
        10          0          0          0          0          0   _printf_ll.o
         6          0          0          0          0          0   _printf_lld.o
         6          0          0          0          0          0   _printf_lli.o
         6          0          0          0          0          0   _printf_llo.o
         6          0          0          0          0          0   _printf_llu.o
         6          0          0          0          0          0   _printf_llx.o
       124         16          0          0          0         92   _printf_longlong_dec.o
         6          0          0          0          0          0   _printf_ls.o
         6          0          0          0          0          0   _printf_n.o
         6          0          0          0          0          0   _printf_o.o
       112          8          0          0          0        124   _printf_oct_int_ll.o
         6          0          0          0          0          0   _printf_p.o
        78          0          0          0          0        108   _printf_pad.o
         0          0          0          0          0          0   _printf_percent.o
         4          0          0          0          0          0   _printf_percent_end.o
         6          0          0          0          0          0   _printf_s.o
        82          0          0          0          0         80   _printf_str.o
        36          0          0          0          0         84   _printf_truncate.o
         6          0          0          0          0          0   _printf_u.o
        44          0          0          0          0        108   _printf_wchar.o
       188          6          8          0          0         92   _printf_wctomb.o
         6          0          0          0          0          0   _printf_x.o
        22          0          0          0          0        100   _rserrno.o
        64          0          0          0          0         84   _sgetc.o
        10          0          0          0          0         68   _sputc.o
       158          0          0          0          0         92   _strtoul.o
        64          0          0          0          0         92   _wcrtomb.o
        26          0          0          0          0         80   atoi.o
       220          4        148          0          0         96   bigflt0.o
      2074        132          0          0          0        940   btod.o
        36          4          0          0          0         76   c89vsprintf.o
        12          0          0          0          0         72   exit.o
         8          0          0          0          0         68   ferror.o
         6          0          0          0          0        152   heapauxi.o
        18          0          0          0          0         76   isspace.o
        44         10        272          0          0         76   lc_ctype_c.o
        44         10         28          0          0         76   lc_numeric_c.o
         2          0          0          0          0          0   libinit.o
        34          0          0          0          0          0   libinit2.o
         2          0          0          0          0          0   libshutdown.o
         2          0          0          0          0          0   libshutdown2.o
         8          4          0          0         96         68   libspace.o
        38          0          0          0          0         68   llshl.o
       138          0          0          0          0         80   lludiv10.o
        16          4          0          0          0         76   rt_ctype_table.o
         8          4          0          0          0         68   rt_errno_addr_intlibspace.o
         8          4          0          0          0         68   rt_locale_intlibspace.o
        68          0          0          0          0         68   rt_memclr.o
        78          0          0          0          0         80   rt_memclr_w.o
       138          0          0          0          0         68   rt_memcpy_v6.o
       100          0          0          0          0         80   rt_memcpy_w.o
         2          0          0          0          0          0   rtexit.o
        10          0          0          0          0          0   rtexit2.o
      1188         12          0          0          0        148   scanf_fp.o
       792         14          0          0          0        100   scanf_hexfp.o
       308         16          0          0          0        100   scanf_infnan.o
        24          0          0          0          0         68   strcat.o
        20          0          0          0          0         68   strchr.o
       128          0          0          0          0         68   strcmpv7m.o
        72          0          0          0          0         80   strcpy.o
        62          0          0          0          0         76   strlen.o
       150          0          0          0          0         80   strncmp.o
        86          0          0          0          0         76   strncpy.o
        36          0          0          0          0         80   strstr.o
       160         12          0          0          0        120   strtod.o
       112          0          0          0          0         88   strtol.o
        74          0          0          0          0         80   sys_stackheap_outer.o
        26          0          0          0          0         76   tolower.o
         2          0          0          0          0         68   use_no_semi.o
         2          0          0          0          0         68   use_no_semi_2.o
        24          0          0          0          0        164   basic.o
        98          4          0          0          0        140   d2f.o
       826         16          0          0          0        492   daddsub_clz.o
        16          4          0          0          0        116   dcheck1.o
        24          0          0          0          0        116   dcmpi.o
       688        140          0          0          0        256   ddiv.o
       120          4          0          0          0        140   deqf.o
        94          4          0          0          0        140   dfix.o
        46          0          0          0          0        116   dflt_clz.o
       120          4          0          0          0        140   dleqf.o
       340         12          0          0          0        152   dmul.o
       156          4          0          0          0        140   dnaninf.o
        12          0          0          0          0        116   dretinf.o
       108          0          0          0          0        128   drleqf.o
       408         56          0          0          0        168   dsqrt_umaal.o
        86          4          0          0          0        132   f2d.o
       140          4          0          0          0        132   fnaninf.o
         0          0          8          0          0          0   fpconst.o
        10          0          0          0          0        116   fpinit.o
        10          0          0          0          0        116   fretinf.o
         4          0          0          0          0        116   printf1.o
       100          0          0          0          0        116   retnan.o
        92          0          0          0          0        116   scalbn.o
         4          0          0          0          0        116   scanf1.o
         8          0          0          0          0        132   scanf2.o
        48          0          0          0          0        116   trapv.o
         0          0          0          0          0          0   usenofp.o
        56         12          0          0          0        132   atof.o
       164         44          0          0          0        620   dunder.o
        44          0          0          0          0        248   fabs.o
       280         28          0          0          0        156   floor.o
        48          0          0          0          0        124   fpclassify.o
       140         22          0          0          0        132   frexp.o
       228          8          0          0          0        308   ldexp.o
       184         18          0          0          0        152   narrow.o
       248          0          0          0          0        152   poly.o
      3128        302        136          0          0        356   pow.o
         0          0          8          0          0          0   qnan.o
       110          0          0          0          0        148   sqrt.o

    ----------------------------------------------------------------------
     18238       1020        665          0        100      12720   Library Totals
        28          2          0          0          4          0   (incl. Padding)

    ----------------------------------------------------------------------

      Code (inc. data)   RO Data    RW Data    ZI Data      Debug   Library Name

      9998        328        513          0         96       6460   c_w.l
      3582        256          8          0          0       3732   fz_wm.l
      4630        434        144          0          0       2528   m_wm.l

    ----------------------------------------------------------------------
     18238       1020        665          0        100      12720   Library Totals

    ----------------------------------------------------------------------

==============================================================================


      Code (inc. data)   RO Data    RW Data    ZI Data      Debug   

     52714       9076       1994        880    1224064     444415   Grand Totals
     52714       9076       1994        244    1224064     444415   ELF Image Totals (compressed)
     52714       9076       1994        244          0          0   ROM Totals

==============================================================================

    Total RO  Size (Code + RO Data)                54708 (  53.43kB)
    Total RW  Size (RW Data + ZI Data)           1224944 (1196.23kB)
    Total ROM Size (Code + RO Data + RW Data)      54952 (  53.66kB)

==============================================================================

