Component: ARM Compiler 5.05 update 1 (build 106) Tool: armlink [4d0efa]

==============================================================================

Section Cross References

    main.o(i.main) refers to misc.o(i.NVIC_PriorityGroupConfig) for NVIC_PriorityGroupConfig
    main.o(i.main) refers to delay.o(i.delay_init) for delay_init
    main.o(i.main) refers to usart.o(i.uart_init) for uart_init
    main.o(i.main) refers to usart3.o(i.usart3_init) for usart3_init
    main.o(i.main) refers to usart2_4_5.o(i.uart2_init) for uart2_init
    main.o(i.main) refers to usart2_4_5.o(i.uart4_init) for uart4_init
    main.o(i.main) refers to usart2_4_5.o(i.uart5_init) for uart5_init
    main.o(i.main) refers to key.o(i.KEY_Init) for KEY_Init
    main.o(i.main) refers to malloc.o(i.my_mem_init) for my_mem_init
    main.o(i.main) refers to exfuns.o(i.exfuns_init) for exfuns_init
    main.o(i.main) refers to ff.o(i.f_mount) for f_mount
    main.o(i.main) refers to aiwac_supermarket.o(i.wifi_Init) for wifi_Init
    main.o(i.main) refers to aiwac_supermarket.o(i.sendMasterID2S) for sendMasterID2S
    main.o(i.main) refers to aiwac_supermarket.o(i.parseOrderFromS) for parseOrderFromS
    main.o(i.main) refers to aiwac_supermarket.o(i.AIWAC_MasterGetGoods) for AIWAC_MasterGetGoods
    main.o(i.main) refers to usmart_config.o(.data) for usmart_dev
    main.o(i.main) refers to exfuns.o(.data) for fs
    system_stm32f4xx.o(i.SystemCoreClockUpdate) refers to system_stm32f4xx.o(.data) for SystemCoreClock
    system_stm32f4xx.o(i.SystemInit) refers to system_stm32f4xx.o(i.SetSysClock) for SetSysClock
    startup_stm32f40_41xxx.o(STACK) refers (Special) to heapauxi.o(.text) for __use_two_region_memory
    startup_stm32f40_41xxx.o(HEAP) refers (Special) to heapauxi.o(.text) for __use_two_region_memory
    startup_stm32f40_41xxx.o(RESET) refers (Special) to heapauxi.o(.text) for __use_two_region_memory
    startup_stm32f40_41xxx.o(RESET) refers to startup_stm32f40_41xxx.o(STACK) for __initial_sp
    startup_stm32f40_41xxx.o(RESET) refers to startup_stm32f40_41xxx.o(.text) for Reset_Handler
    startup_stm32f40_41xxx.o(RESET) refers to stm32f4xx_it.o(i.NMI_Handler) for NMI_Handler
    startup_stm32f40_41xxx.o(RESET) refers to stm32f4xx_it.o(i.HardFault_Handler) for HardFault_Handler
    startup_stm32f40_41xxx.o(RESET) refers to stm32f4xx_it.o(i.MemManage_Handler) for MemManage_Handler
    startup_stm32f40_41xxx.o(RESET) refers to stm32f4xx_it.o(i.BusFault_Handler) for BusFault_Handler
    startup_stm32f40_41xxx.o(RESET) refers to stm32f4xx_it.o(i.UsageFault_Handler) for UsageFault_Handler
    startup_stm32f40_41xxx.o(RESET) refers to stm32f4xx_it.o(i.SVC_Handler) for SVC_Handler
    startup_stm32f40_41xxx.o(RESET) refers to stm32f4xx_it.o(i.DebugMon_Handler) for DebugMon_Handler
    startup_stm32f40_41xxx.o(RESET) refers to stm32f4xx_it.o(i.PendSV_Handler) for PendSV_Handler
    startup_stm32f40_41xxx.o(RESET) refers to stm32f4xx_it.o(i.SysTick_Handler) for SysTick_Handler
    startup_stm32f40_41xxx.o(RESET) refers to usmart.o(i.TIM4_IRQHandler) for TIM4_IRQHandler
    startup_stm32f40_41xxx.o(RESET) refers to usart.o(i.USART1_IRQHandler) for USART1_IRQHandler
    startup_stm32f40_41xxx.o(RESET) refers to usart2_4_5.o(i.USART2_IRQHandler) for USART2_IRQHandler
    startup_stm32f40_41xxx.o(RESET) refers to usart3.o(i.USART3_IRQHandler) for USART3_IRQHandler
    startup_stm32f40_41xxx.o(RESET) refers to sdio_sdcard.o(i.SDIO_IRQHandler) for SDIO_IRQHandler
    startup_stm32f40_41xxx.o(RESET) refers to usart2_4_5.o(i.UART4_IRQHandler) for UART4_IRQHandler
    startup_stm32f40_41xxx.o(RESET) refers to usart2_4_5.o(i.UART5_IRQHandler) for UART5_IRQHandler
    startup_stm32f40_41xxx.o(RESET) refers to timer.o(i.TIM7_IRQHandler) for TIM7_IRQHandler
    startup_stm32f40_41xxx.o(.text) refers (Special) to heapauxi.o(.text) for __use_two_region_memory
    startup_stm32f40_41xxx.o(.text) refers to system_stm32f4xx.o(i.SystemInit) for SystemInit
    startup_stm32f40_41xxx.o(.text) refers to __main.o(!!!main) for __main
    startup_stm32f40_41xxx.o(.text) refers to startup_stm32f40_41xxx.o(HEAP) for Heap_Mem
    startup_stm32f40_41xxx.o(.text) refers to startup_stm32f40_41xxx.o(STACK) for Stack_Mem
    delay.o(i.delay_init) refers to misc.o(i.SysTick_CLKSourceConfig) for SysTick_CLKSourceConfig
    delay.o(i.delay_init) refers to delay.o(.data) for fac_us
    delay.o(i.delay_ms) refers to delay.o(i.delay_xms) for delay_xms
    delay.o(i.delay_us) refers to delay.o(.data) for fac_us
    delay.o(i.delay_xms) refers to delay.o(.data) for fac_ms
    usart.o(.rev16_text) refers (Special) to use_no_semi_2.o(.text) for __use_no_semihosting
    usart.o(.revsh_text) refers (Special) to use_no_semi_2.o(.text) for __use_no_semihosting
    usart.o(.rrx_text) refers (Special) to use_no_semi_2.o(.text) for __use_no_semihosting
    usart.o(i.USART1_IRQHandler) refers (Special) to use_no_semi_2.o(.text) for __use_no_semihosting
[...]
    TIM4_IRQHandler                          0x080055a5   Thumb Code    46  usmart.o(i.TIM4_IRQHandler)
    TIM7_IRQHandler                          0x080055dd   Thumb Code    42  timer.o(i.TIM7_IRQHandler)
    TIM7_Int_Init                            0x08005611   Thumb Code    78  timer.o(i.TIM7_Int_Init)
    TIM_ClearFlag                            0x08005665   Thumb Code     6  stm32f4xx_tim.o(i.TIM_ClearFlag)
    TIM_ClearITPendingBit                    0x0800566b   Thumb Code     6  stm32f4xx_tim.o(i.TIM_ClearITPendingBit)
    TIM_Cmd                                  0x08005671   Thumb Code    24  stm32f4xx_tim.o(i.TIM_Cmd)
    TIM_GetCounter                           0x08005689   Thumb Code     6  stm32f4xx_tim.o(i.TIM_GetCounter)
    TIM_GetFlagStatus                        0x0800568f   Thumb Code    18  stm32f4xx_tim.o(i.TIM_GetFlagStatus)
    TIM_GetITStatus                          0x080056a1   Thumb Code    34  stm32f4xx_tim.o(i.TIM_GetITStatus)
    TIM_ITConfig                             0x080056c3   Thumb Code    18  stm32f4xx_tim.o(i.TIM_ITConfig)
    TIM_SetAutoreload                        0x080056d5   Thumb Code     4  stm32f4xx_tim.o(i.TIM_SetAutoreload)
    TIM_SetCounter                           0x080056d9   Thumb Code     4  stm32f4xx_tim.o(i.TIM_SetCounter)
    TIM_TimeBaseInit                         0x080056dd   Thumb Code   104  stm32f4xx_tim.o(i.TIM_TimeBaseInit)
    Timer4_Init                              0x08005761   Thumb Code    86  usmart.o(i.Timer4_Init)
    UART4_IRQHandler                         0x080057bd   Thumb Code   312  usart2_4_5.o(i.UART4_IRQHandler)
    UART5_IRQHandler                         0x08005911   Thumb Code   310  usart2_4_5.o(i.UART5_IRQHandler)
    USART1_IRQHandler                        0x08005a65   Thumb Code   122  usart.o(i.USART1_IRQHandler)
    USART2StateTo0                           0x08005aed   Thumb Code    36  usart2_4_5.o(i.USART2StateTo0)
    USART2_IRQHandler                        0x08005b25   Thumb Code   312  usart2_4_5.o(i.USART2_IRQHandler)
    USART3_IRQHandler                        0x08005c79   Thumb Code    96  usart3.o(i.USART3_IRQHandler)
    USART4StateTo0                           0x08005ce9   Thumb Code    36  usart2_4_5.o(i.USART4StateTo0)
    USART5StateTo0                           0x08005d21   Thumb Code    36  usart2_4_5.o(i.USART5StateTo0)
    USART_ClearFlag                          0x08005d59   Thumb Code    18  stm32f4xx_usart.o(i.USART_ClearFlag)
    USART_Cmd                                0x08005d6b   Thumb Code    24  stm32f4xx_usart.o(i.USART_Cmd)
    USART_DeInit                             0x08005d85   Thumb Code   206  stm32f4xx_usart.o(i.USART_DeInit)
    USART_GetFlagStatus                      0x08005e75   Thumb Code    26  stm32f4xx_usart.o(i.USART_GetFlagStatus)
    USART_GetITStatus                        0x08005e8f   Thumb Code    84  stm32f4xx_usart.o(i.USART_GetITStatus)
    USART_ITConfig                           0x08005ee3   Thumb Code    74  stm32f4xx_usart.o(i.USART_ITConfig)
    USART_Init                               0x08005f2d   Thumb Code   204  stm32f4xx_usart.o(i.USART_Init)
    USART_ReceiveData                        0x08006001   Thumb Code    10  stm32f4xx_usart.o(i.USART_ReceiveData)
    USART_SendData                           0x0800600b   Thumb Code     8  stm32f4xx_usart.o(i.USART_SendData)
    UsageFault_Handler                       0x08006013   Thumb Code     4  stm32f4xx_it.o(i.UsageFault_Handler)
    W25QXX_Erase_Sector                      0x08006019   Thumb Code    70  w25qxx.o(i.W25QXX_Erase_Sector)
    W25QXX_Init                              0x08006071   Thumb Code   102  w25qxx.o(i.W25QXX_Init)
    W25QXX_Read                              0x080060e9   Thumb Code    74  w25qxx.o(i.W25QXX_Read)
    W25QXX_ReadID                            0x08006139   Thumb Code    64  w25qxx.o(i.W25QXX_ReadID)
    W25QXX_ReadSR                            0x08006181   Thumb Code    36  w25qxx.o(i.W25QXX_ReadSR)
    W25QXX_Wait_Busy                         0x080061ad   Thumb Code    18  w25qxx.o(i.W25QXX_Wait_Busy)
    W25QXX_Write                             0x080061c1   Thumb Code   180  w25qxx.o(i.W25QXX_Write)
    W25QXX_Write_Enable                      0x08006279   Thumb Code    24  w25qxx.o(i.W25QXX_Write_Enable)
    W25QXX_Write_NoCheck                     0x08006299   Thumb Code    70  w25qxx.o(i.W25QXX_Write_NoCheck)
    W25QXX_Write_Page                        0x080062e1   Thumb Code    80  w25qxx.o(i.W25QXX_Write_Page)
    WIFISend                                 0x08006335   Thumb Code    28  aiwac_supermarket.o(i.WIFISend)
    __ARM_fpclassify                         0x08006365   Thumb Code    48  fpclassify.o(i.__ARM_fpclassify)
    __hardfp_atof                            0x08006399   Thumb Code    44  atof.o(i.__hardfp_atof)
    __hardfp_fabs                            0x080063d1   Thumb Code    20  fabs.o(i.__hardfp_fabs)
    __hardfp_floor                           0x080063e9   Thumb Code   252  floor.o(i.__hardfp_floor)
    __hardfp_ldexp                           0x08006501   Thumb Code   200  ldexp.o(i.__hardfp_ldexp)
    __hardfp_pow                             0x080065d1   Thumb Code  3044  pow.o(i.__hardfp_pow)
    __kernel_poly                            0x08007209   Thumb Code   248  poly.o(i.__kernel_poly)
    __mathlib_dbl_divzero                    0x08007301   Thumb Code    28  dunder.o(i.__mathlib_dbl_divzero)
    __mathlib_dbl_infnan2                    0x08007331   Thumb Code    20  dunder.o(i.__mathlib_dbl_infnan2)
    __mathlib_dbl_invalid                    0x08007349   Thumb Code    24  dunder.o(i.__mathlib_dbl_invalid)
    __mathlib_dbl_overflow                   0x08007369   Thumb Code    24  dunder.o(i.__mathlib_dbl_overflow)
    __mathlib_dbl_underflow                  0x08007389   Thumb Code    24  dunder.o(i.__mathlib_dbl_underflow)
    __mathlib_narrow                         0x080073a9   Thumb Code   166  narrow.o(i.__mathlib_narrow)
    __support_ldexp                          0x08007461   Thumb Code    20  ldexp.o(i.__support_ldexp)
    _is_digit                                0x08007475   Thumb Code    14  __printf_wp.o(i._is_digit)
    _sys_exit                                0x08007483   Thumb Code     6  usart.o(i._sys_exit)
    aiwacFree                                0x08007489   Thumb Code    14  wifista.o(i.aiwacFree)
    aiwacMalloc                              0x08007497   Thumb Code    14  wifista.o(i.aiwacMalloc)
    askState2other                           0x080074a5   Thumb Code   492  aiwac_supermarket.o(i.askState2other)
    atk_8266_at_response                     0x08007719   Thumb Code    46  common.o(i.atk_8266_at_response)
    atk_8266_check_cmd                       0x08007755   Thumb Code    44  common.o(i.atk_8266_check_cmd)
    atk_8266_quit_trans                      0x08007789   Thumb Code   100  common.o(i.atk_8266_quit_trans)
    atk_8266_send_cmd                        0x080077f9   Thumb Code    92  common.o(i.atk_8266_send_cmd)
    atk_8266_test                            0x0800786d   Thumb Code    96  common.o(i.atk_8266_test)
    atk_8266_wifista_test                    0x08007935   Thumb Code   304  wifista.o(i.atk_8266_wifista_test)
    cJSON_AddItemToArray                     0x08007c3d   Thumb Code    42  cjson.o(i.cJSON_AddItemToArray)
    cJSON_AddItemToObject                    0x08007c69   Thumb Code    44  cjson.o(i.cJSON_AddItemToObject)
    cJSON_CreateNumber                       0x08007c99   Thumb Code    48  cjson.o(i.cJSON_CreateNumber)
    cJSON_CreateObject                       0x08007cc9   Thumb Code    18  cjson.o(i.cJSON_CreateObject)
    cJSON_CreateString                       0x08007cdb   Thumb Code    28  cjson.o(i.cJSON_CreateString)
    cJSON_Delete                             0x08007cf9   Thumb Code    74  cjson.o(i.cJSON_Delete)
    cJSON_GetErrorPtr                        0x08007d49   Thumb Code     6  cjson.o(i.cJSON_GetErrorPtr)
    cJSON_GetObjectItem                      0x08007d55   Thumb Code    30  cjson.o(i.cJSON_GetObjectItem)
    cJSON_Parse                              0x08007d95   Thumb Code    16  cjson.o(i.cJSON_Parse)
    cJSON_ParseWithOpts                      0x08007da5   Thumb Code    96  cjson.o(i.cJSON_ParseWithOpts)
    cJSON_Print                              0x08007e09   Thumb Code    16  cjson.o(i.cJSON_Print)
    cJSON_PrintUnformatted                   0x08007e19   Thumb Code    16  cjson.o(i.cJSON_PrintUnformatted)
    checkSysState                            0x08007ea1   Thumb Code   610  aiwac_supermarket.o(i.checkSysState)
    controlCarToDropPan                      0x08008375   Thumb Code    38  aiwac_supermarket.o(i.controlCarToDropPan)
    controlCarToGate                         0x080083dd   Thumb Code    38  aiwac_supermarket.o(i.controlCarToGate)
    controlCarToGoodsSpace                   0x08008445   Thumb Code   116  aiwac_supermarket.o(i.controlCarToGoodsSpace)
    controlCarToInitSpace                    0x08008535   Thumb Code    38  aiwac_supermarket.o(i.controlCarToInitSpace)
    convert_from_bytes_to_power_of_two       0x080085a1   Thumb Code    18  sdio_sdcard.o(i.convert_from_bytes_to_power_of_two)
    crc8_calculate                           0x080085b5   Thumb Code    36  usart2_4_5.o(i.crc8_calculate)
    delay_init                               0x080085dd   Thumb Code    52  delay.o(i.delay_init)
    delay_ms                                 0x08008619   Thumb Code    56  delay.o(i.delay_ms)
    delay_xms                                0x08008651   Thumb Code    72  delay.o(i.delay_xms)
    designFSpeed2                            0x0800869d   Thumb Code   370  aiwac_supermarket.o(i.designFSpeed2)
    disk_initialize                          0x08008851   Thumb Code    52  diskio.o(i.disk_initialize)
    disk_read                                0x08008889   Thumb Code    98  diskio.o(i.disk_read)
    disk_status                              0x080088eb   Thumb Code     6  diskio.o(i.disk_status)
    disk_write                               0x080088f1   Thumb Code    98  diskio.o(i.disk_write)
    exfuns_init                              0x08008955   Thumb Code   110  exfuns.o(i.exfuns_init)
    f_mount                                  0x080089d5   Thumb Code    86  ff.o(i.f_mount)
    fabs                                     0x08008a31   Thumb Code    24  fabs.o(i.fabs)
    feedbackGoInit                           0x08008a49   Thumb Code   222  aiwac_supermarket.o(i.feedbackGoInit)
    feedbackGotGoodsResult                   0x08008b91   Thumb Code   248  aiwac_supermarket.o(i.feedbackGotGoodsResult)
    feedbackGotOrder                         0x08008cf9   Thumb Code   216  aiwac_supermarket.o(i.feedbackGotOrder)
    feedbackLoseGoodsResult                  0x08008e35   Thumb Code   248  aiwac_supermarket.o(i.feedbackLoseGoodsResult)
    feedbackStartGetGoods                    0x08008f9d   Thumb Code   222  aiwac_supermarket.o(i.feedbackStartGetGoods)
    fputc                                    0x0800946d   Thumb Code    22  usart.o(i.fputc)
    frexp                                    0x08009489   Thumb Code   118  frexp.o(i.frexp)
    goGoalPosition                           0x08009561   Thumb Code  3298  aiwac_supermarket.o(i.goGoalPosition)
    goStartTogether                          0x0800a28d   Thumb Code  2268  aiwac_supermarket.o(i.goStartTogether)
    goToEverywhere                           0x0800ac35   Thumb Code  1180  aiwac_supermarket.o(i.goToEverywhere)
    goToLocation                             0x0800b0d5   Thumb Code    42  aiwac_supermarket.o(i.goToLocation)
    initSysValue                             0x0800b101   Thumb Code   120  aiwac_supermarket.o(i.initSysValue)
    main                                     0x0800b1c1   Thumb Code   134  main.o(i.main)
    my_mem_free                              0x0800b28d   Thumb Code    96  malloc.o(i.my_mem_free)
    my_mem_init                              0x0800b2f9   Thumb Code    54  malloc.o(i.my_mem_init)
    my_mem_malloc                            0x0800b33d   Thumb Code   156  malloc.o(i.my_mem_malloc)
    my_mem_perused                           0x0800b3e5   Thumb Code    54  malloc.o(i.my_mem_perused)
    myabs_double                             0x0800b425   Thumb Code    68  aiwac_supermarket.o(i.myabs_double)
    myfree                                   0x0800b471   Thumb Code    30  malloc.o(i.myfree)
    mymalloc                                 0x0800b495   Thumb Code    34  malloc.o(i.mymalloc)
    mymemset                                 0x0800b4bd   Thumb Code    20  malloc.o(i.mymemset)
    notifyGoodsGetterDropPan                 0x0800b4d1   Thumb Code   152  aiwac_supermarket.o(i.notifyGoodsGetterDropPan)
    notifyGoodsGetterLocation                0x0800b5a1   Thumb Code   222  aiwac_supermarket.o(i.notifyGoodsGetterLocation)
    notifyGoodsGetterLoseGoods               0x0800b6cd   Thumb Code   152  aiwac_supermarket.o(i.notifyGoodsGetterLoseGoods)
    parseOrderFromS                          0x0800b79d   Thumb Code   610  aiwac_supermarket.o(i.parseOrderFromS)
    read_addr                                0x0800c9f5   Thumb Code     6  usmart.o(i.read_addr)
    sendMasterID2S                           0x0800c9fd   Thumb Code   208  aiwac_supermarket.o(i.sendMasterID2S)
    sendTuringOrder                          0x0800cb11   Thumb Code   136  aiwac_supermarket.o(i.sendTuringOrder)
    sqrt                                     0x0800cc0b   Thumb Code   110  sqrt.o(i.sqrt)
    u3_printf                                0x0800cccd   Thumb Code    72  usart3.o(i.u3_printf)
    uart2_init                               0x0800cd1d   Thumb Code   164  usart2_4_5.o(i.uart2_init)
    uart4_init                               0x0800cdc9   Thumb Code   166  usart2_4_5.o(i.uart4_init)
    uart4_sendString                         0x0800ce79   Thumb Code    40  usart2_4_5.o(i.uart4_sendString)
    uart5_init                               0x0800cea5   Thumb Code   208  usart2_4_5.o(i.uart5_init)
    uart5_sendString                         0x0800cf81   Thumb Code    38  usart2_4_5.o(i.uart5_sendString)
    uart_init                                0x0800cfad   Thumb Code   172  usart.o(i.uart_init)
    usart2_sendString                        0x0800d061   Thumb Code    40  usart2_4_5.o(i.usart2_sendString)
    usart3_init                              0x0800d08d   Thumb Code   198  usart3.o(i.usart3_init)
    usmart_cmd_rec                           0x0800d165   Thumb Code   170  usmart.o(i.usmart_cmd_rec)
    usmart_exe                               0x0800d215   Thumb Code   632  usmart.o(i.usmart_exe)
    usmart_get_aparm                         0x0800d4e9   Thumb Code   200  usmart_str.o(i.usmart_get_aparm)
    usmart_get_cmdname                       0x0800d5b1   Thumb Code    54  usmart_str.o(i.usmart_get_cmdname)
    usmart_get_fname                         0x0800d5e9   Thumb Code   440  usmart_str.o(i.usmart_get_fname)
    usmart_get_fparam                        0x0800d7a9   Thumb Code   262  usmart_str.o(i.usmart_get_fparam)
    usmart_get_parmpos                       0x0800d8b5   Thumb Code    26  usmart_str.o(i.usmart_get_parmpos)
    usmart_get_runtime                       0x0800d8d5   Thumb Code    60  usmart.o(i.usmart_get_runtime)
    usmart_init                              0x0800d919   Thumb Code    36  usmart.o(i.usmart_init)
    usmart_pow                               0x0800d941   Thumb Code    22  usmart_str.o(i.usmart_pow)
    usmart_reset_runtime                     0x0800d959   Thumb Code    38  usmart.o(i.usmart_reset_runtime)
    usmart_scan                              0x0800d989   Thumb Code   120  usmart.o(i.usmart_scan)
    usmart_search_nextc                      0x0800da45   Thumb Code    22  usmart_str.o(i.usmart_search_nextc)
    usmart_str2num                           0x0800da5b   Thumb Code   202  usmart_str.o(i.usmart_str2num)
    usmart_strcmp                            0x0800db25   Thumb Code    34  usmart_str.o(i.usmart_strcmp)
    usmart_strcopy                           0x0800db47   Thumb Code    22  usmart_str.o(i.usmart_strcopy)
    usmart_strlen                            0x0800db5d   Thumb Code    24  usmart_str.o(i.usmart_strlen)
    usmart_sys_cmd_exe                       0x0800db75   Thumb Code  1554  usmart.o(i.usmart_sys_cmd_exe)
    waitingGetterGotGoods                    0x0800e259   Thumb Code    84  aiwac_supermarket.o(i.waitingGetterGotGoods)
    waitingGetterLoseGoods                   0x0800e2f5   Thumb Code    84  aiwac_supermarket.o(i.waitingGetterLoseGoods)
    waitingGetterLosePan                     0x0800e38d   Thumb Code    84  aiwac_supermarket.o(i.waitingGetterLosePan)
    waitingSAskState                         0x0800e425   Thumb Code    30  aiwac_supermarket.o(i.waitingSAskState)
    waitingSSendLocation                     0x0800e461   Thumb Code    42  aiwac_supermarket.o(i.waitingSSendLocation)
    wifi_Init                                0x0800e4ad   Thumb Code    26  aiwac_supermarket.o(i.wifi_Init)
    write_addr                               0x0800e4dd   Thumb Code     4  usmart.o(i.write_addr)
    _get_lc_ctype                            0x0800e4e1   Thumb Code    44  lc_ctype_c.o(locale$$code)
    _get_lc_numeric                          0x0800e50d   Thumb Code    44  lc_numeric_c.o(locale$$code)
    __aeabi_dneg                             0x0800e539   Thumb Code     0  basic.o(x$fpl$basic)
    _dneg                                    0x0800e539   Thumb Code     6  basic.o(x$fpl$basic)
    __aeabi_fneg                             0x0800e53f   Thumb Code     0  basic.o(x$fpl$basic)
    _fneg                                    0x0800e53f   Thumb Code     6  basic.o(x$fpl$basic)
    _dabs                                    0x0800e545   Thumb Code     6  basic.o(x$fpl$basic)
    _fabs                                    0x0800e54b   Thumb Code     6  basic.o(x$fpl$basic)
    __aeabi_d2f                              0x0800e551   Thumb Code     0  d2f.o(x$fpl$d2f)
    _d2f                                     0x0800e551   Thumb Code    98  d2f.o(x$fpl$d2f)
    __aeabi_dadd                             0x0800e5b5   Thumb Code     0  daddsub_clz.o(x$fpl$dadd)
    _dadd                                    0x0800e5b5   Thumb Code   332  daddsub_clz.o(x$fpl$dadd)
    __fpl_dcheck_NaN1                        0x0800e705   Thumb Code    10  dcheck1.o(x$fpl$dcheck1)
    __fpl_dcmp_Inf                           0x0800e715   Thumb Code    24  dcmpi.o(x$fpl$dcmpinf)
    __aeabi_ddiv                             0x0800e72d   Thumb Code     0  ddiv.o(x$fpl$ddiv)
    _ddiv                                    0x0800e72d   Thumb Code   552  ddiv.o(x$fpl$ddiv)
    __aeabi_cdcmpeq                          0x0800e9dd   Thumb Code     0  deqf.o(x$fpl$deqf)
    _dcmpeq                                  0x0800e9dd   Thumb Code   120  deqf.o(x$fpl$deqf)
    __aeabi_d2iz                             0x0800ea55   Thumb Code     0  dfix.o(x$fpl$dfix)
    _dfix                                    0x0800ea55   Thumb Code    94  dfix.o(x$fpl$dfix)
    __aeabi_i2d                              0x0800eab3   Thumb Code     0  dflt_clz.o(x$fpl$dflt)
    _dflt                                    0x0800eab3   Thumb Code    46  dflt_clz.o(x$fpl$dflt)
    __aeabi_cdcmple                          0x0800eae1   Thumb Code     0  dleqf.o(x$fpl$dleqf)
    _dcmple                                  0x0800eae1   Thumb Code   120  dleqf.o(x$fpl$dleqf)
    __fpl_dcmple_InfNaN                      0x0800eb43   Thumb Code     0  dleqf.o(x$fpl$dleqf)
    __aeabi_dmul                             0x0800eb59   Thumb Code     0  dmul.o(x$fpl$dmul)
    _dmul                                    0x0800eb59   Thumb Code   332  dmul.o(x$fpl$dmul)
    __fpl_dnaninf                            0x0800ecad   Thumb Code   156  dnaninf.o(x$fpl$dnaninf)
    __fpl_dretinf                            0x0800ed49   Thumb Code    12  dretinf.o(x$fpl$dretinf)
    __aeabi_cdrcmple                         0x0800ed55   Thumb Code     0  drleqf.o(x$fpl$drleqf)
    _drcmple                                 0x0800ed55   Thumb Code   108  drleqf.o(x$fpl$drleqf)
    __aeabi_drsub                            0x0800edc1   Thumb Code     0  daddsub_clz.o(x$fpl$drsb)
    _drsb                                    0x0800edc1   Thumb Code    22  daddsub_clz.o(x$fpl$drsb)
    _dsqrt                                   0x0800edd9   Thumb Code   404  dsqrt_umaal.o(x$fpl$dsqrt)
    __aeabi_dsub                             0x0800ef71   Thumb Code     0  daddsub_clz.o(x$fpl$dsub)
    _dsub                                    0x0800ef71   Thumb Code   464  daddsub_clz.o(x$fpl$dsub)
    _fp_init                                 0x0800f145   Thumb Code    10  fpinit.o(x$fpl$fpinit)
    __fplib_config_fpu_vfp                   0x0800f14d   Thumb Code     0  fpinit.o(x$fpl$fpinit)
    __fplib_config_pureend_doubles           0x0800f14d   Thumb Code     0  fpinit.o(x$fpl$fpinit)
    __fpl_fretinf                            0x0800f14f   Thumb Code    10  fretinf.o(x$fpl$fretinf)
    _printf_fp_dec                           0x0800f159   Thumb Code     4  printf1.o(x$fpl$printf1)
    __fpl_return_NaN                         0x0800f15d   Thumb Code   100  retnan.o(x$fpl$retnan)
    __ARM_scalbn                             0x0800f1c1   Thumb Code    92  scalbn.o(x$fpl$scalbn)
    _scanf_real                              0x0800f21d   Thumb Code     4  scanf1.o(x$fpl$scanf1)
    _scanf_hex_real                          0x0800f221   Thumb Code     4  scanf2.o(x$fpl$scanf2)
    _scanf_infnan                            0x0800f225   Thumb Code     4  scanf2.o(x$fpl$scanf2)
    __fpl_cmpreturn                          0x0800f229   Thumb Code    48  trapv.o(x$fpl$trapveneer)
    __I$use$fp                               0x0800f258   Number         0  usenofp.o(x$fpl$usenofp)
    crc8_tab                                 0x0800f258   Data         256  usart2_4_5.o(.constdata)
    memtblsize                               0x0800f358   Data          12  malloc.o(.constdata)
    memblksize                               0x0800f364   Data          12  malloc.o(.constdata)
    memsize                                  0x0800f370   Data          12  malloc.o(.constdata)
    __mathlib_zero                           0x0800f450   Data           8  qnan.o(.constdata)
    Region$$Table$$Base                      0x0800f74c   Number         0  anon$$obj.o(Region$$Table)
    Region$$Table$$Limit                     0x0800f76c   Number         0  anon$$obj.o(Region$$Table)
    __aeabi_HUGE_VAL                         0x0800f76c   Data           0  fpconst.o(c$$dinf)
    __aeabi_HUGE_VALL                        0x0800f76c   Data           0  fpconst.o(c$$dinf)
    __aeabi_INFINITY                         0x0800f76c   Data           0  fpconst.o(c$$dinf)
    __dInf                                   0x0800f76c   Data           0  fpconst.o(c$$dinf)
    __huge_val                               0x0800f76c   Data           0  fpconst.o(c$$dinf)
    __ctype                                  0x0800f781   Data           0  lc_ctype_c.o(locale$$data)
    mem3base                                 0x10000000   Data       61440  malloc.o(.ARM.__AT_0x10000000)
    mem3mapbase                              0x1000f000   Data        3840  malloc.o(.ARM.__AT_0x1000F000)
    __stdout                                 0x20000004   Data           4  usart.o(.data)
    USART_RX_STA                             0x20000008   Data           2  usart.o(.data)
    TransferError                            0x20000016   Data           1  sdio_sdcard.o(.data)
    TransferEnd                              0x20000017   Data           1  sdio_sdcard.o(.data)
    tempbuff                                 0x20000018   Data           4  sdio_sdcard.o(.data)
    USART3_RX_STA                            0x2000001c   Data           2  usart3.o(.data)
    W25QXX_TYPE                              0x2000001e   Data           2  w25qxx.o(.data)
    USART2_dataLen                           0x20000020   Data           4  usart2_4_5.o(.data)
    USART2_jsonDataCount                     0x20000024   Data           4  usart2_4_5.o(.data)
    uart2ByteNum                             0x20000028   Data           4  usart2_4_5.o(.data)
    uart2CRC                                 0x2000002c   Data           1  usart2_4_5.o(.data)
    USART4_dataLen                           0x20000030   Data           4  usart2_4_5.o(.data)
    USART4_jsonDataCount                     0x20000034   Data           4  usart2_4_5.o(.data)
    uart4ByteNum                             0x20000038   Data           4  usart2_4_5.o(.data)
    uart4CRC                                 0x2000003c   Data           1  usart2_4_5.o(.data)
    USART5_dataLen                           0x20000040   Data           4  usart2_4_5.o(.data)
    USART5_jsonDataCount                     0x20000044   Data           4  usart2_4_5.o(.data)
    uart5ByteNum                             0x20000048   Data           4  usart2_4_5.o(.data)
    uart5CRC                                 0x2000004c   Data           1  usart2_4_5.o(.data)
    mallco_dev                               0x20000060   Data          36  malloc.o(.data)
    FLASH_SECTOR_COUNT                       0x2000008e   Data           2  diskio.o(.data)
    FILE_TYPE_TBL                            0x20000090   Data         312  exfuns.o(.data)
    fs                                       0x200001c8   Data           8  exfuns.o(.data)
    file                                     0x200001d0   Data           4  exfuns.o(.data)
    ftemp                                    0x200001d4   Data           4  exfuns.o(.data)
    br                                       0x200001d8   Data           4  exfuns.o(.data)
    bw                                       0x200001dc   Data           4  exfuns.o(.data)
    fatbuf                                   0x200001e0   Data           4  exfuns.o(.data)
    sys_cmd_tab                              0x200001e4   Data          28  usmart.o(.data)
    usmart_nametab                           0x20000200   Data          32  usmart_config.o(.data)
    usmart_dev                               0x20000220   Data         244  usmart_config.o(.data)
    wifista_ssid                             0x20000320   Data           4  aiwac_supermarket.o(.data)
    wifista_encryption                       0x20000324   Data           4  aiwac_supermarket.o(.data)
    wifista_password                         0x20000328   Data           4  aiwac_supermarket.o(.data)
    portnum                                  0x2000032c   Data           4  aiwac_supermarket.o(.data)
    printfNUM                                0x20000330   Data           4  aiwac_supermarket.o(.data)
    GotGoodsResult                           0x20000334   Data           4  aiwac_supermarket.o(.data)
    LoseGoodsResult                          0x20000338   Data           4  aiwac_supermarket.o(.data)
    LosePanResult                            0x2000033c   Data           4  aiwac_supermarket.o(.data)
    LocationNow                              0x20000340   Data           4  aiwac_supermarket.o(.data)
    Car1_CorrectState                        0x20000344   Data           4  aiwac_supermarket.o(.data)
    Car1_FDistance                           0x20000348   Data           8  aiwac_supermarket.o(.data)
    Car1_BDistance                           0x20000350   Data           8  aiwac_supermarket.o(.data)
    Car1_moveState                           0x20000358   Data           4  aiwac_supermarket.o(.data)
    Car2_CorrectState                        0x2000035c   Data           4  aiwac_supermarket.o(.data)
    Car2_FDistance                           0x20000360   Data           8  aiwac_supermarket.o(.data)
    Car2_BDistance                           0x20000368   Data           8  aiwac_supermarket.o(.data)
    Car2_moveState                           0x20000370   Data           4  aiwac_supermarket.o(.data)
    USART_RX_BUF                             0x20000374   Data         200  usart.o(.bss)
    SDIO_InitStructure                       0x20000440   Data          24  sdio_sdcard.o(.bss)
    SDIO_CmdInitStructure                    0x20000458   Data          20  sdio_sdcard.o(.bss)
    SDIO_DataInitStructure                   0x2000046c   Data          24  sdio_sdcard.o(.bss)
    SDCardInfo                               0x200004a8   Data          88  sdio_sdcard.o(.bss)
    SDIO_DATA_BUFFER                         0x20000500   Data         512  sdio_sdcard.o(.bss)
    USART3_TX_BUF                            0x20000700   Data         400  usart3.o(.bss)
    USART3_RX_BUF                            0x20000890   Data         400  usart3.o(.bss)
    W25QXX_BUFFER                            0x20000a20   Data        4096  w25qxx.o(.bss)
    USART2_jsonBuF                           0x20001a20   Data         300  usart2_4_5.o(.bss)
    USART2_Car1_jsonParseBuF                 0x20001b4c   Data         300  usart2_4_5.o(.bss)
    USART4_jsonBuF                           0x20001c78   Data         300  usart2_4_5.o(.bss)
    USART4_Getter_jsonParseBuF               0x20001da4   Data         300  usart2_4_5.o(.bss)
    USART5_jsonBuF                           0x20001ed0   Data         300  usart2_4_5.o(.bss)
    USART5_Car2_jsonParseBuF                 0x20001ffc   Data         300  usart2_4_5.o(.bss)
    mem1base                                 0x20002140   Data       102400  malloc.o(.bss)
    mem1mapbase                              0x2001b140   Data        6400  malloc.o(.bss)
    SystemState                              0x2001ca40   Data         516  aiwac_supermarket.o(.bss)
    GoodsLocation                            0x2001cc44   Data          27  aiwac_supermarket.o(.bss)
    __libspace_start                         0x2001cc60   Data          96  libspace.o(.bss)
    __temporary_stack_top$libspace           0x2001ccc0   Data           0  libspace.o(.bss)
    mem2base                                 0x68000000   Data       983040  malloc.o(.ARM.__AT_0x68000000)
    mem2mapbase                              0x680f0000   Data       61440  malloc.o(.ARM.__AT_0x680F0000)



==============================================================================

Memory Map of the image

  Image Entry point : 0x08000189

  Load Region LR_IROM1 (Base: 0x08000000, Size: 0x0000fc14, Max: 0x00100000, ABSOLUTE, COMPRESSED[0x0000f990])

    Execution Region ER_IROM1 (Base: 0x08000000, Size: 0x0000f8a0, Max: 0x00100000, ABSOLUTE)

    Base Addr    Size         Type   Attr      Idx    E Section Name        Object

    0x08000000   0x00000188   Data   RO          383    RESET               startup_stm32f40_41xxx.o
    0x08000188   0x00000008   Code   RO         6309  * !!!main             c_w.l(__main.o)
    0x08000190   0x00000034   Code   RO         6810    !!!scatter          c_w.l(__scatter.o)
    0x080001c4   0x0000005a   Code   RO         6808    !!dczerorl2         c_w.l(__dczerorl2.o)
    0x0800021e   0x00000002   PAD
    0x08000220   0x0000001c   Code   RO         6812    !!handler_zi        c_w.l(__scatter_zi.o)
    0x0800023c   0x00000000   Code   RO         6280    .ARM.Collect$$_printf_percent$$00000000  c_w.l(_printf_percent.o)
    0x0800023c   0x00000006   Code   RO         6459    .ARM.Collect$$_printf_percent$$00000001  c_w.l(_printf_n.o)
    0x08000242   0x00000006   Code   RO         6460    .ARM.Collect$$_printf_percent$$00000002  c_w.l(_printf_p.o)
    0x08000248   0x00000006   Code   RO         6278    .ARM.Collect$$_printf_percent$$00000003  c_w.l(_printf_f.o)
    0x0800024e   0x00000006   Code   RO         6279    .ARM.Collect$$_printf_percent$$00000004  c_w.l(_printf_e.o)
    0x08000254   0x00000006   Code   RO         6463    .ARM.Collect$$_printf_percent$$00000005  c_w.l(_printf_g.o)
    0x0800025a   0x00000006   Code   RO         6464    .ARM.Collect$$_printf_percent$$00000006  c_w.l(_printf_a.o)
    0x08000260   0x0000000a   Code   RO         6469    .ARM.Collect$$_printf_percent$$00000007  c_w.l(_printf_ll.o)
    0x0800026a   0x00000006   Code   RO         6462    .ARM.Collect$$_printf_percent$$00000008  c_w.l(_printf_i.o)
    0x08000270   0x00000006   Code   RO         6276    .ARM.Collect$$_printf_percent$$00000009  c_w.l(_printf_d.o)
    0x08000276   0x00000006   Code   RO         6277    .ARM.Collect$$_printf_percent$$0000000A  c_w.l(_printf_u.o)
    0x0800027c   0x00000006   Code   RO         6461    .ARM.Collect$$_printf_percent$$0000000B  c_w.l(_printf_o.o)
    0x08000282   0x00000006   Code   RO         6275    .ARM.Collect$$_printf_percent$$0000000C  c_w.l(_printf_x.o)
    0x08000288   0x00000006   Code   RO         6466    .ARM.Collect$$_printf_percent$$0000000D  c_w.l(_printf_lli.o)
    0x0800028e   0x00000006   Code   RO         6467    .ARM.Collect$$_printf_percent$$0000000E  c_w.l(_printf_lld.o)
    0x08000294   0x00000006   Code   RO         6468    .ARM.Collect$$_printf_percent$$0000000F  c_w.l(_printf_llu.o)
    0x0800029a   0x00000006   Code   RO         6473    .ARM.Collect$$_printf_percent$$00000010  c_w.l(_printf_llo.o)
    0x080002a0   0x00000006   Code   RO         6474    .ARM.Collect$$_printf_percent$$00000011  c_w.l(_printf_llx.o)
    0x080002a6   0x0000000a   Code   RO         6470    .ARM.Collect$$_printf_percent$$00000012  c_w.l(_printf_l.o)
    0x080002b0   0x00000006   Code   RO         6273    .ARM.Collect$$_printf_percent$$00000013  c_w.l(_printf_c.o)
    0x080002b6   0x00000006   Code   RO         6274    .ARM.Collect$$_printf_percent$$00000014  c_w.l(_printf_s.o)
    0x080002bc   0x00000006   Code   RO         6471    .ARM.Collect$$_printf_percent$$00000015  c_w.l(_printf_lc.o)
    0x080002c2   0x00000006   Code   RO         6472    .ARM.Collect$$_printf_percent$$00000016  c_w.l(_printf_ls.o)
    0x080002c8   0x00000004   Code   RO         6465    .ARM.Collect$$_printf_percent$$00000017  c_w.l(_printf_percent_end.o)
    0x080002cc   0x00000002   Code   RO         6691    .ARM.Collect$$libinit$$00000000  c_w.l(libinit.o)
    0x080002ce   0x00000004   Code   RO         6481    .ARM.Collect$$libinit$$00000001  c_w.l(libinit2.o)
    0x080002d2   0x00000000   Code   RO         6484    .ARM.Collect$$libinit$$00000004  c_w.l(libinit2.o)
    0x080002d2   0x00000000   Code   RO         6487    .ARM.Collect$$libinit$$0000000A  c_w.l(libinit2.o)
    0x080002d2   0x00000000   Code   RO         6489    .ARM.Collect$$libinit$$0000000C  c_w.l(libinit2.o)
    0x080002d2   0x00000000   Code   RO         6491    .ARM.Collect$$libinit$$0000000E  c_w.l(libinit2.o)
    0x080002d2   0x00000006   Code   RO         6492    .ARM.Collect$$libinit$$0000000F  c_w.l(libinit2.o)
    0x080002d8   0x00000000   Code   RO         6494    .ARM.Collect$$libinit$$00000011  c_w.l(libinit2.o)
    0x080002d8   0x0000000c   Code   RO         6495    .ARM.Collect$$libinit$$00000012  c_w.l(libinit2.o)
    0x080002e4   0x00000000   Code   RO         6496    .ARM.Collect$$libinit$$00000013  c_w.l(libinit2.o)
    0x080002e4   0x00000000   Code   RO         6498    .ARM.Collect$$libinit$$00000015  c_w.l(libinit2.o)
    0x080002e4   0x0000000a   Code   RO         6499    .ARM.Collect$$libinit$$00000016  c_w.l(libinit2.o)
    0x080002ee   0x00000000   Code   RO         6500    .ARM.Collect$$libinit$$00000017  c_w.l(libinit2.o)
    0x080002ee   0x00000000   Code   RO         6502    .ARM.Collect$$libinit$$00000019  c_w.l(libinit2.o)
    0x080002ee   0x00000000   Code   RO         6504    .ARM.Collect$$libinit$$0000001B  c_w.l(libinit2.o)
    0x080002ee   0x00000000   Code   RO         6506    .ARM.Collect$$libinit$$0000001D  c_w.l(libinit2.o)
    0x080002ee   0x00000000   Code   RO         6508    .ARM.Collect$$libinit$$0000001F  c_w.l(libinit2.o)
    0x080002ee   0x00000000   Code   RO         6510    .ARM.Collect$$libinit$$00000021  c_w.l(libinit2.o)
    0x080002ee   0x00000000   Code   RO         6512    .ARM.Collect$$libinit$$00000023  c_w.l(libinit2.o)
    0x080002ee   0x00000000   Code   RO         6514    .ARM.Collect$$libinit$$00000025  c_w.l(libinit2.o)
    0x080002ee   0x00000000   Code   RO         6518    .ARM.Collect$$libinit$$0000002C  c_w.l(libinit2.o)
    0x080002ee   0x00000000   Code   RO         6520    .ARM.Collect$$libinit$$0000002E  c_w.l(libinit2.o)
    0x080002ee   0x00000000   Code   RO         6522    .ARM.Collect$$libinit$$00000030  c_w.l(libinit2.o)
    0x080002ee   0x00000000   Code   RO         6524    .ARM.Collect$$libinit$$00000032  c_w.l(libinit2.o)
    0x080002ee   0x00000002   Code   RO         6525    .ARM.Collect$$libinit$$00000033  c_w.l(libinit2.o)
    0x080002f0   0x00000002   Code   RO         6787    .ARM.Collect$$libshutdown$$00000000  c_w.l(libshutdown.o)
    0x080002f2   0x00000000   Code   RO         6710    .ARM.Collect$$libshutdown$$00000003  c_w.l(libshutdown2.o)
    0x080002f2   0x00000000   Code   RO         6713    .ARM.Collect$$libshutdown$$00000006  c_w.l(libshutdown2.o)
    0x080002f2   0x00000000   Code   RO         6716    .ARM.Collect$$libshutdown$$00000009  c_w.l(libshutdown2.o)
    0x080002f2   0x00000000   Code   RO         6718    .ARM.Collect$$libshutdown$$0000000B  c_w.l(libshutdown2.o)
    0x080002f2   0x00000000   Code   RO         6721    .ARM.Collect$$libshutdown$$0000000E  c_w.l(libshutdown2.o)
    0x080002f2   0x00000002   Code   RO         6722    .ARM.Collect$$libshutdown$$0000000F  c_w.l(libshutdown2.o)
    0x080002f4   0x00000000   Code   RO         6395    .ARM.Collect$$rtentry$$00000000  c_w.l(__rtentry.o)
    0x080002f4   0x00000000   Code   RO         6564    .ARM.Collect$$rtentry$$00000002  c_w.l(__rtentry2.o)
    0x080002f4   0x00000006   Code   RO         6576    .ARM.Collect$$rtentry$$00000004  c_w.l(__rtentry4.o)
    0x080002fa   0x00000000   Code   RO         6566    .ARM.Collect$$rtentry$$00000009  c_w.l(__rtentry2.o)
    0x080002fa   0x00000004   Code   RO         6567    .ARM.Collect$$rtentry$$0000000A  c_w.l(__rtentry2.o)
    0x080002fe   0x00000000   Code   RO         6569    .ARM.Collect$$rtentry$$0000000C  c_w.l(__rtentry2.o)
    0x080002fe   0x00000008   Code   RO         6570    .ARM.Collect$$rtentry$$0000000D  c_w.l(__rtentry2.o)
    0x08000306   0x00000002   Code   RO         6694    .ARM.Collect$$rtexit$$00000000  c_w.l(rtexit.o)
    0x08000308   0x00000000   Code   RO         6745    .ARM.Collect$$rtexit$$00000002  c_w.l(rtexit2.o)
    0x08000308   0x00000004   Code   RO         6746    .ARM.Collect$$rtexit$$00000003  c_w.l(rtexit2.o)
    0x0800030c   0x00000006   Code   RO         6747    .ARM.Collect$$rtexit$$00000004  c_w.l(rtexit2.o)
    0x08000312   0x00000002   PAD
    0x08000314   0x00000010   Code   RO          435    .emb_text           sys.o
    0x08000324   0x00000040   Code   RO          384    .text               startup_stm32f40_41xxx.o
    0x08000364   0x00000002   Code   RO         6146    .text               c_w.l(use_no_semi_2.o)
    0x08000366   0x0000001a   Code   RO         6212    .text               c_w.l(tolower.o)
    0x08000380   0x00000024   Code   RO         6214    .text               c_w.l(c89vsprintf.o)
    0x080003a4   0x00000018   Code   RO         6216    .text               c_w.l(__2printf.o)
    0x080003bc   0x0000002c   Code   RO         6218    .text               c_w.l(__2sprintf.o)
    0x080003e8   0x0000004e   Code   RO         6226    .text               c_w.l(_printf_pad.o)
    0x08000436   0x00000052   Code   RO         6228    .text               c_w.l(_printf_str.o)
    0x08000488   0x00000078   Code   RO         6230    .text               c_w.l(_printf_dec.o)
    0x08000500   0x00000094   Code   RO         6250    .text               c_w.l(_printf_hex_int_ll_ptr.o)
    0x08000594   0x00000188   Code   RO         6270    .text               c_w.l(__printf_flags_ss_wp.o)
    0x0800071c   0x0000001a   Code   RO         6281    .text               c_w.l(atoi.o)
    0x08000736   0x00000014   Code   RO         6283    .text               c_w.l(strchr.o)
    0x0800074a   0x00000024   Code   RO         6285    .text               c_w.l(strstr.o)
    0x0800076e   0x00000048   Code   RO         6287    .text               c_w.l(strcpy.o)
    0x080007b6   0x0000003e   Code   RO         6289    .text               c_w.l(strlen.o)
    0x080007f4   0x00000096   Code   RO         6291    .text               c_w.l(strncmp.o)
    0x0800088a   0x00000018   Code   RO         6293    .text               c_w.l(strcat.o)
    0x080008a2   0x0000008a   Code   RO         6295    .text               c_w.l(rt_memcpy_v6.o)
    0x0800092c   0x00000064   Code   RO         6297    .text               c_w.l(rt_memcpy_w.o)
    0x08000990   0x00000044   Code   RO         6299    .text               c_w.l(rt_memclr.o)
    0x080009d4   0x0000004e   Code   RO         6301    .text               c_w.l(rt_memclr_w.o)
    0x08000a22   0x00000056   Code   RO         6303    .text               c_w.l(strncpy.o)
    0x08000a78   0x00000080   Code   RO         6305    .text               c_w.l(strcmpv7m.o)
    0x08000af8   0x00000006   Code   RO         6307    .text               c_w.l(heapauxi.o)
    0x08000afe   0x00000002   Code   RO         6391    .text               c_w.l(use_no_semi.o)
    0x08000b00   0x00000010   Code   RO         6396    .text               c_w.l(rt_ctype_table.o)
    0x08000b10   0x00000008   Code   RO         6406    .text               c_w.l(rt_errno_addr_intlibspace.o)
    0x08000b18   0x00000016   Code   RO         6430    .text               c_w.l(_rserrno.o)
    0x08000b2e   0x00000024   Code   RO         6432    .text               c_w.l(_printf_truncate.o)
    0x08000b52   0x000000b2   Code   RO         6434    .text               c_w.l(_printf_intcommon.o)
    0x08000c04   0x00000028   Code   RO         6436    .text               c_w.l(_printf_charcount.o)
    0x08000c2c   0x0000041a   Code   RO         6438    .text               c_w.l(_printf_fp_dec.o)
    0x08001046   0x00000002   PAD
    0x08001048   0x00000030   Code   RO         6440    .text               c_w.l(_printf_char_common.o)
    0x08001078   0x0000000a   Code   RO         6442    .text               c_w.l(_sputc.o)
    0x08001082   0x0000002c   Code   RO         6444    .text               c_w.l(_printf_char.o)
    0x080010ae   0x00000002   PAD
    0x080010b0   0x00000024   Code   RO         6446    .text               c_w.l(_printf_char_file.o)
    0x080010d4   0x000000bc   Code   RO         6448    .text               c_w.l(_printf_wctomb.o)
    0x08001190   0x0000007c   Code   RO         6451    .text               c_w.l(_printf_longlong_dec.o)
    0x0800120c   0x00000070   Code   RO         6457    .text               c_w.l(_printf_oct_int_ll.o)
    0x0800127c   0x000000a0   Code   RO         6475    .text               c_w.l(strtod.o)
    0x0800131c   0x00000070   Code   RO         6477    .text               c_w.l(strtol.o)
    0x0800138c   0x00000008   Code   RO         6560    .text               c_w.l(libspace.o)
    0x08001394   0x00000008   Code   RO         6585    .text               c_w.l(rt_locale_intlibspace.o)
    0x0800139c   0x0000008a   Code   RO         6595    .text               c_w.l(lludiv10.o)
    0x08001426   0x00000012   Code   RO         6597    .text               c_w.l(isspace.o)
    0x08001438   0x00000080   Code   RO         6599    .text               c_w.l(_printf_fp_infnan.o)
    0x080014b8   0x0000002c   Code   RO         6603    .text               c_w.l(_printf_wchar.o)
    0x080014e4   0x00000040   Code   RO         6605    .text               c_w.l(_sgetc.o)
    0x08001524   0x0000009e   Code   RO         6607    .text               c_w.l(_strtoul.o)
    0x080015c2   0x00000002   PAD
    0x080015c4   0x000000dc   Code   RO         6609    .text               c_w.l(bigflt0.o)
    0x080016a0   0x00000008   Code   RO         6634    .text               c_w.l(ferror.o)
    0x080016a8   0x00000040   Code   RO         6638    .text               c_w.l(_wcrtomb.o)
    0x080016e8   0x0000004a   Code   RO         6664    .text               c_w.l(sys_stackheap_outer.o)
    0x08001732   0x0000001c   Code   RO         6672    .text               c_w.l(_chval.o)
    0x0800174e   0x00000002   PAD
    0x08001750   0x000004a4   Code   RO         6674    .text               c_w.l(scanf_fp.o)
    0x08001bf4   0x0000000c   Code   RO         6676    .text               c_w.l(exit.o)
    0x08001c00   0x00000318   Code   RO         6751    .text               c_w.l(scanf_hexfp.o)
    0x08001f18   0x00000134   Code   RO         6753    .text               c_w.l(scanf_infnan.o)
    0x0800204c   0x00000026   Code   RO         6769    .text               c_w.l(llshl.o)
    0x08002072   0x0000003e   Code   RO         6612    CL$$btod_d2e        c_w.l(btod.o)
    0x080020b0   0x00000046   Code   RO         6614    CL$$btod_d2e_denorm_low  c_w.l(btod.o)
    0x080020f6   0x00000060   Code   RO         6613    CL$$btod_d2e_norm_op1  c_w.l(btod.o)
    0x08002156   0x00000338   Code   RO         6622    CL$$btod_div_common  c_w.l(btod.o)
    0x0800248e   0x00000002   PAD
    0x08002490   0x00000054   Code   RO         6620    CL$$btod_e2d        c_w.l(btod.o)
    0x080024e4   0x000000c6   Code   RO         6619    CL$$btod_e2e        c_w.l(btod.o)
    0x080025aa   0x00000028   Code   RO         6616    CL$$btod_ediv       c_w.l(btod.o)
    0x080025d2   0x00000028   Code   RO         6618    CL$$btod_edivd      c_w.l(btod.o)
    0x080025fa   0x00000028   Code   RO         6615    CL$$btod_emul       c_w.l(btod.o)
    0x08002622   0x00000028   Code   RO         6617    CL$$btod_emuld      c_w.l(btod.o)
    0x0800264a   0x00000244   Code   RO         6621    CL$$btod_mult_common  c_w.l(btod.o)
    0x0800288e   0x00000002   PAD
    0x08002890   0x0000003c   Code   RO         5860    i.AIWAC_MasterGetGoods  aiwac_supermarket.o
    0x080028cc   0x000000f4   Code   RO         5861    i.AiwacMasterSendOrderCar1  aiwac_supermarket.o
    0x080029c0   0x000000f4   Code   RO         5862    i.AiwacMasterSendOrderCar2  aiwac_supermarket.o
    0x08002ab4   0x00000004   Code   RO          242    i.BusFault_Handler  stm32f4xx_it.o
    0x08002ab8   0x00000030   Code   RO          925    i.CmdError          sdio_sdcard.o
    0x08002ae8   0x00000064   Code   RO          926    i.CmdResp1Error     sdio_sdcard.o
    0x08002b4c   0x00000054   Code   RO          927    i.CmdResp2Error     sdio_sdcard.o
    0x08002ba0   0x00000038   Code   RO          928    i.CmdResp3Error     sdio_sdcard.o
    0x08002bd8   0x00000094   Code   RO          929    i.CmdResp6Error     sdio_sdcard.o
    0x08002c6c   0x0000004c   Code   RO          930    i.CmdResp7Error     sdio_sdcard.o
    0x08002cb8   0x00000016   Code   RO         1953    i.DMA_Cmd           stm32f4xx_dma.o
    0x08002cce   0x00000002   PAD
    0x08002cd0   0x00000158   Code   RO         1954    i.DMA_DeInit        stm32f4xx_dma.o
    0x08002e28   0x00000016   Code   RO         1957    i.DMA_FlowControllerConfig  stm32f4xx_dma.o
    0x08002e3e   0x00000014   Code   RO         1958    i.DMA_GetCmdStatus  stm32f4xx_dma.o
    0x08002e52   0x00000002   PAD
    0x08002e54   0x00000058   Code   RO         1965    i.DMA_Init          stm32f4xx_dma.o
    0x08002eac   0x00000002   Code   RO          243    i.DebugMon_Handler  stm32f4xx_it.o
    0x08002eae   0x00000002   PAD
    0x08002eb0   0x00000030   Code   RO         5863    i.DropGoods         aiwac_supermarket.o
    0x08002ee0   0x00000034   Code   RO         5864    i.DropPan           aiwac_supermarket.o
    0x08002f14   0x00000194   Code   RO          931    i.FindSCR           sdio_sdcard.o
    0x080030a8   0x00000090   Code   RO         2285    i.GPIO_Init         stm32f4xx_gpio.o
    0x08003138   0x00000046   Code   RO         2286    i.GPIO_PinAFConfig  stm32f4xx_gpio.o
    0x0800317e   0x00000004   Code   RO         2293    i.GPIO_SetBits      stm32f4xx_gpio.o
    0x08003182   0x00000004   Code   RO          244    i.HardFault_Handler  stm32f4xx_it.o
    0x08003186   0x00000002   PAD
    0x08003188   0x000000a0   Code   RO          932    i.IsCardProgramming  sdio_sdcard.o
    0x08003228   0x00000044   Code   RO          648    i.KEY_Init          key.o
    0x0800326c   0x00000004   Code   RO          245    i.MemManage_Handler  stm32f4xx_it.o
    0x08003270   0x00000002   Code   RO          246    i.NMI_Handler       stm32f4xx_it.o
    0x08003272   0x00000002   PAD
    0x08003274   0x00000078   Code   RO         1903    i.NVIC_Init         misc.o
    0x080032ec   0x00000014   Code   RO         1904    i.NVIC_PriorityGroupConfig  misc.o
    0x08003300   0x00000178   Code   RO         5865    i.PaserCar1_State   aiwac_supermarket.o
    0x08003478   0x00000178   Code   RO         5866    i.PaserCar2_State   aiwac_supermarket.o
    0x080035f0   0x00000154   Code   RO         5867    i.PaserGoodsGetter_State  aiwac_supermarket.o
    0x08003744   0x00000002   Code   RO          247    i.PendSV_Handler    stm32f4xx_it.o
    0x08003746   0x00000002   PAD
    0x08003748   0x00000020   Code   RO         2386    i.RCC_AHB1PeriphClockCmd  stm32f4xx_rcc.o
    0x08003768   0x00000020   Code   RO         2395    i.RCC_APB1PeriphClockCmd  stm32f4xx_rcc.o
    0x08003788   0x00000020   Code   RO         2397    i.RCC_APB1PeriphResetCmd  stm32f4xx_rcc.o
    0x080037a8   0x00000020   Code   RO         2398    i.RCC_APB2PeriphClockCmd  stm32f4xx_rcc.o
    0x080037c8   0x00000020   Code   RO         2400    i.RCC_APB2PeriphResetCmd  stm32f4xx_rcc.o
    0x080037e8   0x000000e8   Code   RO         2407    i.RCC_GetClocksFreq  stm32f4xx_rcc.o
    0x080038d0   0x000000ac   Code   RO          933    i.SDEnWideBus       sdio_sdcard.o
    0x0800397c   0x0000000c   Code   RO         3083    i.SDIO_ClearFlag    stm32f4xx_sdio.o
    0x08003988   0x00000014   Code   RO          934    i.SDIO_Clock_Set    sdio_sdcard.o
    0x0800399c   0x00000034   Code   RO         3089    i.SDIO_DataConfig   stm32f4xx_sdio.o
    0x080039d0   0x00000018   Code   RO         3095    i.SDIO_GetFlagStatus  stm32f4xx_sdio.o
    0x080039e8   0x00000010   Code   RO         3097    i.SDIO_GetPowerState  stm32f4xx_sdio.o
    0x080039f8   0x00000008   Code   RO          935    i.SDIO_IRQHandler   sdio_sdcard.o
    0x08003a00   0x00000030   Code   RO         3100    i.SDIO_Init         stm32f4xx_sdio.o
    0x08003a30   0x00000038   Code   RO          936    i.SDIO_Register_Deinit  sdio_sdcard.o
    0x08003a68   0x0000002c   Code   RO         3103    i.SDIO_SendCommand  stm32f4xx_sdio.o
    0x08003a94   0x0000000c   Code   RO         3105    i.SDIO_SetPowerState  stm32f4xx_sdio.o
    0x08003aa0   0x00000080   Code   RO          937    i.SD_DMA_Config     sdio_sdcard.o
    0x08003b20   0x00000068   Code   RO          938    i.SD_EnableWideBusOperation  sdio_sdcard.o
    0x08003b88   0x00000314   Code   RO          939    i.SD_GetCardInfo    sdio_sdcard.o
    0x08003e9c   0x00000118   Code   RO          941    i.SD_Init           sdio_sdcard.o
    0x08003fb4   0x00000164   Code   RO          942    i.SD_InitializeCards  sdio_sdcard.o
    0x08004118   0x000001e4   Code   RO          944    i.SD_PowerON        sdio_sdcard.o
    0x080042fc   0x00000154   Code   RO          945    i.SD_ProcessIRQSrc  sdio_sdcard.o
    0x08004450   0x00000268   Code   RO          946    i.SD_ReadBlock      sdio_sdcard.o
    0x080046b8   0x000000a0   Code   RO          947    i.SD_ReadDisk       sdio_sdcard.o
    0x08004758   0x000002f4   Code   RO          948    i.SD_ReadMultiBlocks  sdio_sdcard.o
    0x08004a4c   0x00000030   Code   RO          949    i.SD_SelectDeselect  sdio_sdcard.o
    0x08004a7c   0x00000018   Code   RO          951    i.SD_SetDeviceMode  sdio_sdcard.o
    0x08004a94   0x00000388   Code   RO          952    i.SD_WriteBlock     sdio_sdcard.o
    0x08004e1c   0x000000a0   Code   RO          953    i.SD_WriteDisk      sdio_sdcard.o
    0x08004ebc   0x000003d0   Code   RO          954    i.SD_WriteMultiBlocks  sdio_sdcard.o
    0x0800528c   0x000000c4   Code   RO         1143    i.SPI1_Init         spi.o
    0x08005350   0x00000038   Code   RO         1144    i.SPI1_ReadWriteByte  spi.o
    0x08005388   0x00000028   Code   RO         1145    i.SPI1_SetSpeed     spi.o
    0x080053b0   0x00000018   Code   RO         3286    i.SPI_Cmd           stm32f4xx_spi.o
    0x080053c8   0x00000012   Code   RO         3294    i.SPI_I2S_GetFlagStatus  stm32f4xx_spi.o
    0x080053da   0x00000006   Code   RO         3297    i.SPI_I2S_ReceiveData  stm32f4xx_spi.o
    0x080053e0   0x00000004   Code   RO         3298    i.SPI_I2S_SendData  stm32f4xx_spi.o
    0x080053e4   0x0000003c   Code   RO         3299    i.SPI_Init          stm32f4xx_spi.o
    0x08005420   0x00000002   Code   RO          248    i.SVC_Handler       stm32f4xx_it.o
    0x08005422   0x00000002   PAD
    0x08005424   0x000000ec   Code   RO          343    i.SetSysClock       system_stm32f4xx.o
    0x08005510   0x00000028   Code   RO         1907    i.SysTick_CLKSourceConfig  misc.o
    0x08005538   0x00000002   Code   RO          249    i.SysTick_Handler   stm32f4xx_it.o
    0x0800553a   0x00000002   PAD
    0x0800553c   0x00000068   Code   RO          345    i.SystemInit        system_stm32f4xx.o
    0x080055a4   0x00000038   Code   RO         5329    i.TIM4_IRQHandler   usmart.o
    0x080055dc   0x00000034   Code   RO         1230    i.TIM7_IRQHandler   timer.o
    0x08005610   0x00000054   Code   RO         1231    i.TIM7_Int_Init     timer.o
    0x08005664   0x00000006   Code   RO         3518    i.TIM_ClearFlag     stm32f4xx_tim.o
    0x0800566a   0x00000006   Code   RO         3519    i.TIM_ClearITPendingBit  stm32f4xx_tim.o
    0x08005670   0x00000018   Code   RO         3524    i.TIM_Cmd           stm32f4xx_tim.o
    0x08005688   0x00000006   Code   RO         3543    i.TIM_GetCounter    stm32f4xx_tim.o
    0x0800568e   0x00000012   Code   RO         3544    i.TIM_GetFlagStatus  stm32f4xx_tim.o
    0x080056a0   0x00000022   Code   RO         3545    i.TIM_GetITStatus   stm32f4xx_tim.o
    0x080056c2   0x00000012   Code   RO         3549    i.TIM_ITConfig      stm32f4xx_tim.o
    0x080056d4   0x00000004   Code   RO         3584    i.TIM_SetAutoreload  stm32f4xx_tim.o
    0x080056d8   0x00000004   Code   RO         3590    i.TIM_SetCounter    stm32f4xx_tim.o
    0x080056dc   0x00000084   Code   RO         3596    i.TIM_TimeBaseInit  stm32f4xx_tim.o
    0x08005760   0x0000005c   Code   RO         5330    i.Timer4_Init       usmart.o
    0x080057bc   0x00000154   Code   RO         1771    i.UART4_IRQHandler  usart2_4_5.o
    0x08005910   0x00000154   Code   RO         1772    i.UART5_IRQHandler  usart2_4_5.o
    0x08005a64   0x00000088   Code   RO          457    i.USART1_IRQHandler  usart.o
    0x08005aec   0x00000038   Code   RO         1773    i.USART2StateTo0    usart2_4_5.o
    0x08005b24   0x00000154   Code   RO         1774    i.USART2_IRQHandler  usart2_4_5.o
    0x08005c78   0x00000070   Code   RO         1597    i.USART3_IRQHandler  usart3.o
    0x08005ce8   0x00000038   Code   RO         1775    i.USART4StateTo0    usart2_4_5.o
    0x08005d20   0x00000038   Code   RO         1776    i.USART5StateTo0    usart2_4_5.o
    0x08005d58   0x00000012   Code   RO         4074    i.USART_ClearFlag   stm32f4xx_usart.o
    0x08005d6a   0x00000018   Code   RO         4078    i.USART_Cmd         stm32f4xx_usart.o
    0x08005d82   0x00000002   PAD
    0x08005d84   0x000000f0   Code   RO         4080    i.USART_DeInit      stm32f4xx_usart.o
    0x08005e74   0x0000001a   Code   RO         4081    i.USART_GetFlagStatus  stm32f4xx_usart.o
    0x08005e8e   0x00000054   Code   RO         4082    i.USART_GetITStatus  stm32f4xx_usart.o
    0x08005ee2   0x0000004a   Code   RO         4084    i.USART_ITConfig    stm32f4xx_usart.o
    0x08005f2c   0x000000d4   Code   RO         4085    i.USART_Init        stm32f4xx_usart.o
    0x08006000   0x0000000a   Code   RO         4092    i.USART_ReceiveData  stm32f4xx_usart.o
    0x0800600a   0x00000008   Code   RO         4095    i.USART_SendData    stm32f4xx_usart.o
    0x08006012   0x00000004   Code   RO          250    i.UsageFault_Handler  stm32f4xx_it.o
    0x08006016   0x00000002   PAD
    0x08006018   0x00000058   Code   RO         1657    i.W25QXX_Erase_Sector  w25qxx.o
    0x08006070   0x00000078   Code   RO         1658    i.W25QXX_Init       w25qxx.o
    0x080060e8   0x00000050   Code   RO         1660    i.W25QXX_Read       w25qxx.o
    0x08006138   0x00000048   Code   RO         1661    i.W25QXX_ReadID     w25qxx.o
    0x08006180   0x0000002c   Code   RO         1662    i.W25QXX_ReadSR     w25qxx.o
    0x080061ac   0x00000012   Code   RO         1664    i.W25QXX_Wait_Busy  w25qxx.o
    0x080061be   0x00000002   PAD
    0x080061c0   0x000000b8   Code   RO         1665    i.W25QXX_Write      w25qxx.o
    0x08006278   0x00000020   Code   RO         1667    i.W25QXX_Write_Enable  w25qxx.o
    0x08006298   0x00000046   Code   RO         1668    i.W25QXX_Write_NoCheck  w25qxx.o
    0x080062de   0x00000002   PAD
    0x080062e0   0x00000054   Code   RO         1669    i.W25QXX_Write_Page  w25qxx.o
    0x08006334   0x00000030   Code   RO         5868    i.WIFISend          aiwac_supermarket.o
    0x08006364   0x00000030   Code   RO         6553    i.__ARM_fpclassify  m_wm.l(fpclassify.o)
    0x08006394   0x00000004   PAD
    0x08006398   0x00000038   Code   RO         6347    i.__hardfp_atof     m_wm.l(atof.o)
    0x080063d0   0x00000014   Code   RO         6353    i.__hardfp_fabs     m_wm.l(fabs.o)
    0x080063e4   0x00000004   PAD
    0x080063e8   0x00000118   Code   RO         6359    i.__hardfp_floor    m_wm.l(floor.o)
    0x08006500   0x000000d0   Code   RO         6790    i.__hardfp_ldexp    m_wm.l(ldexp.o)
    0x080065d0   0x00000c38   Code   RO         6365    i.__hardfp_pow      m_wm.l(pow.o)
    0x08007208   0x000000f8   Code   RO         6555    i.__kernel_poly     m_wm.l(poly.o)
    0x08007300   0x00000030   Code   RO         6539    i.__mathlib_dbl_divzero  m_wm.l(dunder.o)
    0x08007330   0x00000014   Code   RO         6541    i.__mathlib_dbl_infnan2  m_wm.l(dunder.o)
    0x08007344   0x00000004   PAD
    0x08007348   0x00000020   Code   RO         6542    i.__mathlib_dbl_invalid  m_wm.l(dunder.o)
    0x08007368   0x00000020   Code   RO         6543    i.__mathlib_dbl_overflow  m_wm.l(dunder.o)
    0x08007388   0x00000020   Code   RO         6545    i.__mathlib_dbl_underflow  m_wm.l(dunder.o)
    0x080073a8   0x000000b8   Code   RO         6735    i.__mathlib_narrow  m_wm.l(narrow.o)
    0x08007460   0x00000014   Code   RO         6792    i.__support_ldexp   m_wm.l(ldexp.o)
    0x08007474   0x0000000e   Code   RO         6263    i._is_digit         c_w.l(__printf_wp.o)
    0x08007482   0x00000006   Code   RO          458    i._sys_exit         usart.o
    0x08007488   0x0000000e   Code   RO         5284    i.aiwacFree         wifista.o
    0x08007496   0x0000000e   Code   RO         5285    i.aiwacMalloc       wifista.o
    0x080074a4   0x00000274   Code   RO         5869    i.askState2other    aiwac_supermarket.o
    0x08007718   0x0000003c   Code   RO         5122    i.atk_8266_at_response  common.o
    0x08007754   0x00000034   Code   RO         5123    i.atk_8266_check_cmd  common.o
    0x08007788   0x00000070   Code   RO         5135    i.atk_8266_quit_trans  common.o
    0x080077f8   0x00000074   Code   RO         5136    i.atk_8266_send_cmd  common.o
    0x0800786c   0x000000c8   Code   RO         5138    i.atk_8266_test     common.o
    0x08007934   0x00000308   Code   RO         5286    i.atk_8266_wifista_test  wifista.o
    0x08007c3c   0x0000002a   Code   RO         5528    i.cJSON_AddItemToArray  cjson.o
    0x08007c66   0x00000002   PAD
    0x08007c68   0x00000030   Code   RO         5529    i.cJSON_AddItemToObject  cjson.o
    0x08007c98   0x00000030   Code   RO         5537    i.cJSON_CreateNumber  cjson.o
    0x08007cc8   0x00000012   Code   RO         5538    i.cJSON_CreateObject  cjson.o
    0x08007cda   0x0000001c   Code   RO         5539    i.cJSON_CreateString  cjson.o
    0x08007cf6   0x00000002   PAD
    0x08007cf8   0x00000050   Code   RO         5542    i.cJSON_Delete      cjson.o
    0x08007d48   0x0000000c   Code   RO         5550    i.cJSON_GetErrorPtr  cjson.o
    0x08007d54   0x0000001e   Code   RO         5551    i.cJSON_GetObjectItem  cjson.o
    0x08007d72   0x00000002   PAD
    0x08007d74   0x00000020   Code   RO         5554    i.cJSON_New_Item    cjson.o
    0x08007d94   0x00000010   Code   RO         5555    i.cJSON_Parse       cjson.o
    0x08007da4   0x00000064   Code   RO         5556    i.cJSON_ParseWithOpts  cjson.o
    0x08007e08   0x00000010   Code   RO         5557    i.cJSON_Print       cjson.o
    0x08007e18   0x00000010   Code   RO         5558    i.cJSON_PrintUnformatted  cjson.o
    0x08007e28   0x0000004c   Code   RO         5561    i.cJSON_strcasecmp  cjson.o
    0x08007e74   0x0000002c   Code   RO         5562    i.cJSON_strdup      cjson.o
    0x08007ea0   0x00000444   Code   RO         5870    i.checkSysState     aiwac_supermarket.o
    0x080082e4   0x00000090   Code   RO         4347    i.check_fs          ff.o
    0x08008374   0x00000068   Code   RO         5871    i.controlCarToDropPan  aiwac_supermarket.o
    0x080083dc   0x00000068   Code   RO         5872    i.controlCarToGate  aiwac_supermarket.o
    0x08008444   0x000000f0   Code   RO         5873    i.controlCarToGoodsSpace  aiwac_supermarket.o
    0x08008534   0x0000006c   Code   RO         5874    i.controlCarToInitSpace  aiwac_supermarket.o
    0x080085a0   0x00000012   Code   RO          955    i.convert_from_bytes_to_power_of_two  sdio_sdcard.o
    0x080085b2   0x00000002   PAD
    0x080085b4   0x00000028   Code   RO         1777    i.crc8_calculate    usart2_4_5.o
    0x080085dc   0x0000003c   Code   RO          391    i.delay_init        delay.o
    0x08008618   0x00000038   Code   RO          392    i.delay_ms          delay.o
    0x08008650   0x0000004c   Code   RO          394    i.delay_xms         delay.o
    0x0800869c   0x000001b4   Code   RO         5875    i.designFSpeed2     aiwac_supermarket.o
    0x08008850   0x00000038   Code   RO         4694    i.disk_initialize   diskio.o
    0x08008888   0x00000062   Code   RO         4696    i.disk_read         diskio.o
    0x080088ea   0x00000006   Code   RO         4697    i.disk_status       diskio.o
    0x080088f0   0x00000062   Code   RO         4698    i.disk_write        diskio.o
    0x08008952   0x00000002   PAD
    0x08008954   0x00000080   Code   RO         4765    i.exfuns_init       exfuns.o
    0x080089d4   0x0000005c   Code   RO         4370    i.f_mount           ff.o
    0x08008a30   0x00000018   Code   RO         6355    i.fabs              m_wm.l(fabs.o)
    0x08008a48   0x00000148   Code   RO         5876    i.feedbackGoInit    aiwac_supermarket.o
    0x08008b90   0x00000168   Code   RO         5877    i.feedbackGotGoodsResult  aiwac_supermarket.o
    0x08008cf8   0x0000013c   Code   RO         5878    i.feedbackGotOrder  aiwac_supermarket.o
    0x08008e34   0x00000168   Code   RO         5879    i.feedbackLoseGoodsResult  aiwac_supermarket.o
    0x08008f9c   0x00000148   Code   RO         5880    i.feedbackStartGetGoods  aiwac_supermarket.o
    0x080090e4   0x00000388   Code   RO         4386    i.find_volume       ff.o
    0x0800946c   0x0000001c   Code   RO          459    i.fputc             usart.o
    0x08009488   0x0000008c   Code   RO         6765    i.frexp             m_wm.l(frexp.o)
    0x08009514   0x0000004a   Code   RO         4392    i.get_ldnumber      ff.o
    0x0800955e   0x00000002   PAD
    0x08009560   0x00000d2c   Code   RO         5881    i.goGoalPosition    aiwac_supermarket.o
    0x0800a28c   0x000009a8   Code   RO         5882    i.goStartTogether   aiwac_supermarket.o
    0x0800ac34   0x000004a0   Code   RO         5883    i.goToEverywhere    aiwac_supermarket.o
    0x0800b0d4   0x0000002a   Code   RO         5884    i.goToLocation      aiwac_supermarket.o
    0x0800b0fe   0x00000002   PAD
    0x0800b100   0x000000c0   Code   RO         5885    i.initSysValue      aiwac_supermarket.o
    0x0800b1c0   0x00000098   Code   RO            4    i.main              main.o
    0x0800b258   0x00000032   Code   RO         4397    i.move_window       ff.o
    0x0800b28a   0x00000002   PAD
    0x0800b28c   0x0000006c   Code   RO         4266    i.my_mem_free       malloc.o
    0x0800b2f8   0x00000044   Code   RO         4267    i.my_mem_init       malloc.o
    0x0800b33c   0x000000a8   Code   RO         4268    i.my_mem_malloc     malloc.o
    0x0800b3e4   0x00000040   Code   RO         4269    i.my_mem_perused    malloc.o
    0x0800b424   0x0000004c   Code   RO         5886    i.myabs_double      aiwac_supermarket.o
    0x0800b470   0x00000024   Code   RO         4270    i.myfree            malloc.o
    0x0800b494   0x00000028   Code   RO         4271    i.mymalloc          malloc.o
    0x0800b4bc   0x00000014   Code   RO         4273    i.mymemset          malloc.o
    0x0800b4d0   0x000000d0   Code   RO         5887    i.notifyGoodsGetterDropPan  aiwac_supermarket.o
    0x0800b5a0   0x0000012c   Code   RO         5888    i.notifyGoodsGetterLocation  aiwac_supermarket.o
    0x0800b6cc   0x000000d0   Code   RO         5889    i.notifyGoodsGetterLoseGoods  aiwac_supermarket.o
    0x0800b79c   0x000003bc   Code   RO         5890    i.parseOrderFromS   aiwac_supermarket.o
    0x0800bb58   0x000000ac   Code   RO         5564    i.parse_array       cjson.o
    0x0800bc04   0x00000114   Code   RO         5565    i.parse_hex4        cjson.o
    0x0800bd18   0x000001c8   Code   RO         5566    i.parse_number      cjson.o
    0x0800bee0   0x00000114   Code   RO         5567    i.parse_object      cjson.o
    0x0800bff4   0x000001cc   Code   RO         5568    i.parse_string      cjson.o
    0x0800c1c0   0x000000bc   Code   RO         5569    i.parse_value       cjson.o
    0x0800c27c   0x0000016c   Code   RO         5570    i.print_array       cjson.o
    0x0800c3e8   0x000001d0   Code   RO         5571    i.print_number      cjson.o
    0x0800c5b8   0x00000274   Code   RO         5572    i.print_object      cjson.o
    0x0800c82c   0x0000000c   Code   RO         5573    i.print_string      cjson.o
    0x0800c838   0x00000128   Code   RO         5574    i.print_string_ptr  cjson.o
    0x0800c960   0x00000094   Code   RO         5575    i.print_value       cjson.o
    0x0800c9f4   0x00000006   Code   RO         5331    i.read_addr         usmart.o
    0x0800c9fa   0x00000002   PAD
    0x0800c9fc   0x00000114   Code   RO         5891    i.sendMasterID2S    aiwac_supermarket.o
    0x0800cb10   0x000000e8   Code   RO         5892    i.sendTuringOrder   aiwac_supermarket.o
    0x0800cbf8   0x00000012   Code   RO         5576    i.skip              cjson.o
    0x0800cc0a   0x0000006e   Code   RO         6381    i.sqrt              m_wm.l(sqrt.o)
    0x0800cc78   0x00000006   Code   RO         5577    i.suffix_object     cjson.o
    0x0800cc7e   0x0000004c   Code   RO         4405    i.sync_window       ff.o
    0x0800ccca   0x00000002   PAD
    0x0800cccc   0x00000050   Code   RO         1598    i.u3_printf         usart3.o
    0x0800cd1c   0x000000ac   Code   RO         1778    i.uart2_init        usart2_4_5.o
    0x0800cdc8   0x000000b0   Code   RO         1779    i.uart4_init        usart2_4_5.o
    0x0800ce78   0x0000002c   Code   RO         1781    i.uart4_sendString  usart2_4_5.o
    0x0800cea4   0x000000dc   Code   RO         1782    i.uart5_init        usart2_4_5.o
    0x0800cf80   0x0000002c   Code   RO         1784    i.uart5_sendString  usart2_4_5.o
    0x0800cfac   0x000000b4   Code   RO          460    i.uart_init         usart.o
    0x0800d060   0x0000002c   Code   RO         1786    i.usart2_sendString  usart2_4_5.o
    0x0800d08c   0x000000d8   Code   RO         1599    i.usart3_init       usart3.o
    0x0800d164   0x000000b0   Code   RO         5332    i.usmart_cmd_rec    usmart.o
    0x0800d214   0x000002d4   Code   RO         5333    i.usmart_exe        usmart.o
    0x0800d4e8   0x000000c8   Code   RO         5442    i.usmart_get_aparm  usmart_str.o
    0x0800d5b0   0x00000036   Code   RO         5443    i.usmart_get_cmdname  usmart_str.o
    0x0800d5e6   0x00000002   PAD
    0x0800d5e8   0x000001c0   Code   RO         5444    i.usmart_get_fname  usmart_str.o
    0x0800d7a8   0x0000010c   Code   RO         5445    i.usmart_get_fparam  usmart_str.o
    0x0800d8b4   0x00000020   Code   RO         5446    i.usmart_get_parmpos  usmart_str.o
    0x0800d8d4   0x00000044   Code   RO         5334    i.usmart_get_runtime  usmart.o
    0x0800d918   0x00000028   Code   RO         5335    i.usmart_init       usmart.o
    0x0800d940   0x00000016   Code   RO         5447    i.usmart_pow        usmart_str.o
    0x0800d956   0x00000002   PAD
    0x0800d958   0x00000030   Code   RO         5336    i.usmart_reset_runtime  usmart.o
    0x0800d988   0x000000bc   Code   RO         5337    i.usmart_scan       usmart.o
    0x0800da44   0x00000016   Code   RO         5448    i.usmart_search_nextc  usmart_str.o
    0x0800da5a   0x000000ca   Code   RO         5449    i.usmart_str2num    usmart_str.o
    0x0800db24   0x00000022   Code   RO         5450    i.usmart_strcmp     usmart_str.o
    0x0800db46   0x00000016   Code   RO         5451    i.usmart_strcopy    usmart_str.o
    0x0800db5c   0x00000018   Code   RO         5452    i.usmart_strlen     usmart_str.o
    0x0800db74   0x000006e4   Code   RO         5338    i.usmart_sys_cmd_exe  usmart.o
    0x0800e258   0x0000009c   Code   RO         5894    i.waitingGetterGotGoods  aiwac_supermarket.o
    0x0800e2f4   0x00000098   Code   RO         5895    i.waitingGetterLoseGoods  aiwac_supermarket.o
    0x0800e38c   0x00000098   Code   RO         5896    i.waitingGetterLosePan  aiwac_supermarket.o
    0x0800e424   0x0000003c   Code   RO         5897    i.waitingSAskState  aiwac_supermarket.o
    0x0800e460   0x0000004c   Code   RO         5898    i.waitingSSendLocation  aiwac_supermarket.o
    0x0800e4ac   0x00000030   Code   RO         5899    i.wifi_Init         aiwac_supermarket.o
    0x0800e4dc   0x00000004   Code   RO         5339    i.write_addr        usmart.o
    0x0800e4e0   0x0000002c   Code   RO         6641    locale$$code        c_w.l(lc_ctype_c.o)
    0x0800e50c   0x0000002c   Code   RO         6644    locale$$code        c_w.l(lc_numeric_c.o)
    0x0800e538   0x00000018   Code   RO         6311    x$fpl$basic         fz_wm.l(basic.o)
    0x0800e550   0x00000062   Code   RO         6759    x$fpl$d2f           fz_wm.l(d2f.o)
    0x0800e5b2   0x00000002   PAD
    0x0800e5b4   0x00000150   Code   RO         6313    x$fpl$dadd          fz_wm.l(daddsub_clz.o)
    0x0800e704   0x00000010   Code   RO         6655    x$fpl$dcheck1       fz_wm.l(dcheck1.o)
    0x0800e714   0x00000018   Code   RO         6526    x$fpl$dcmpinf       fz_wm.l(dcmpi.o)
    0x0800e72c   0x000002b0   Code   RO         6320    x$fpl$ddiv          fz_wm.l(ddiv.o)
    0x0800e9dc   0x00000078   Code   RO         6761    x$fpl$deqf          fz_wm.l(deqf.o)
    0x0800ea54   0x0000005e   Code   RO         6323    x$fpl$dfix          fz_wm.l(dfix.o)
    0x0800eab2   0x0000002e   Code   RO         6332    x$fpl$dflt          fz_wm.l(dflt_clz.o)
    0x0800eae0   0x00000078   Code   RO         6337    x$fpl$dleqf         fz_wm.l(dleqf.o)
    0x0800eb58   0x00000154   Code   RO         6339    x$fpl$dmul          fz_wm.l(dmul.o)
    0x0800ecac   0x0000009c   Code   RO         6528    x$fpl$dnaninf       fz_wm.l(dnaninf.o)
    0x0800ed48   0x0000000c   Code   RO         6530    x$fpl$dretinf       fz_wm.l(dretinf.o)
    0x0800ed54   0x0000006c   Code   RO         6341    x$fpl$drleqf        fz_wm.l(drleqf.o)
    0x0800edc0   0x00000016   Code   RO         6314    x$fpl$drsb          fz_wm.l(daddsub_clz.o)
    0x0800edd6   0x00000002   PAD
    0x0800edd8   0x00000198   Code   RO         6532    x$fpl$dsqrt         fz_wm.l(dsqrt_umaal.o)
    0x0800ef70   0x000001d4   Code   RO         6315    x$fpl$dsub          fz_wm.l(daddsub_clz.o)
    0x0800f144   0x0000000a   Code   RO         6657    x$fpl$fpinit        fz_wm.l(fpinit.o)
    0x0800f14e   0x0000000a   Code   RO         6788    x$fpl$fretinf       fz_wm.l(fretinf.o)
    0x0800f158   0x00000004   Code   RO         6345    x$fpl$printf1       fz_wm.l(printf1.o)
    0x0800f15c   0x00000064   Code   RO         6692    x$fpl$retnan        fz_wm.l(retnan.o)
    0x0800f1c0   0x0000005c   Code   RO         6536    x$fpl$scalbn        fz_wm.l(scalbn.o)
    0x0800f21c   0x00000004   Code   RO         6661    x$fpl$scanf1        fz_wm.l(scanf1.o)
    0x0800f220   0x00000008   Code   RO         6726    x$fpl$scanf2        fz_wm.l(scanf2.o)
    0x0800f228   0x00000030   Code   RO         6732    x$fpl$trapveneer    fz_wm.l(trapv.o)
    0x0800f258   0x00000000   Code   RO         6538    x$fpl$usenofp       fz_wm.l(usenofp.o)
    0x0800f258   0x00000100   Data   RO         1788    .constdata          usart2_4_5.o
    0x0800f358   0x00000024   Data   RO         4280    .constdata          malloc.o
    0x0800f37c   0x00000007   Data   RO         5578    .constdata          cjson.o
    0x0800f383   0x00000028   Data   RO         6251    .constdata          c_w.l(_printf_hex_int_ll_ptr.o)
    0x0800f3ab   0x00000011   Data   RO         6271    .constdata          c_w.l(__printf_flags_ss_wp.o)
    0x0800f3bc   0x00000004   PAD
    0x0800f3c0   0x00000088   Data   RO         6368    .constdata          m_wm.l(pow.o)
    0x0800f448   0x00000008   Data   RO         6449    .constdata          c_w.l(_printf_wctomb.o)
    0x0800f450   0x00000008   Data   RO         6557    .constdata          m_wm.l(qnan.o)
    0x0800f458   0x00000094   Data   RO         6610    .constdata          c_w.l(bigflt0.o)
    0x0800f4ec   0x00000064   Data   RO         4768    .conststring        exfuns.o
    0x0800f550   0x00000028   Data   RO         5340    .conststring        usmart.o
    0x0800f578   0x00000090   Data   RO         5417    .conststring        usmart_config.o
    0x0800f608   0x00000143   Data   RO         5902    .conststring        aiwac_supermarket.o
    0x0800f74b   0x00000001   PAD
    0x0800f74c   0x00000020   Data   RO         6806    Region$$Table       anon$$obj.o
    0x0800f76c   0x00000008   Data   RO         6723    c$$dinf             fz_wm.l(fpconst.o)
    0x0800f774   0x00000110   Data   RO         6640    locale$$data        c_w.l(lc_ctype_c.o)
    0x0800f884   0x0000001c   Data   RO         6643    locale$$data        c_w.l(lc_numeric_c.o)


    Execution Region RW_IRAM1 (Base: 0x20000000, Size: 0x0001d2c0, Max: 0x00020000, ABSOLUTE, COMPRESSED[0x000000f0])

    Base Addr    Size         Type   Attr      Idx    E Section Name        Object

    0x20000000   0x00000004   Data   RW          395    .data               delay.o
    0x20000004   0x00000006   Data   RW          462    .data               usart.o
    0x2000000a   0x00000002   PAD
    0x2000000c   0x00000010   Data   RW          957    .data               sdio_sdcard.o
    0x2000001c   0x00000002   Data   RW         1601    .data               usart3.o
    0x2000001e   0x00000002   Data   RW         1672    .data               w25qxx.o
    0x20000020   0x0000002d   Data   RW         1789    .data               usart2_4_5.o
    0x2000004d   0x00000010   Data   RW         2439    .data               stm32f4xx_rcc.o
    0x2000005d   0x00000003   PAD
    0x20000060   0x00000024   Data   RW         4281    .data               malloc.o
    0x20000084   0x0000000a   Data   RW         4408    .data               ff.o
    0x2000008e   0x00000002   Data   RW         4702    .data               diskio.o
    0x20000090   0x00000154   Data   RW         4769    .data               exfuns.o
    0x200001e4   0x0000001c   Data   RW         5341    .data               usmart.o
    0x20000200   0x00000114   Data   RW         5418    .data               usmart_config.o
    0x20000314   0x0000000c   Data   RW         5579    .data               cjson.o
    0x20000320   0x00000054   Data   RW         5903    .data               aiwac_supermarket.o
    0x20000374   0x000000c8   Zero   RW          461    .bss                usart.o
    0x2000043c   0x00000004   PAD
    0x20000440   0x000002c0   Zero   RW          956    .bss                sdio_sdcard.o
    0x20000700   0x00000320   Zero   RW         1600    .bss                usart3.o
    0x20000a20   0x00001000   Zero   RW         1671    .bss                w25qxx.o
    0x20001a20   0x00000708   Zero   RW         1787    .bss                usart2_4_5.o
    0x20002128   0x00000018   PAD
    0x20002140   0x0001a900   Zero   RW         4279    .bss                malloc.o
    0x2001ca40   0x0000021f   Zero   RW         5900    .bss                aiwac_supermarket.o
    0x2001cc5f   0x00000001   PAD
    0x2001cc60   0x00000060   Zero   RW         6561    .bss                c_w.l(libspace.o)
    0x2001ccc0   0x00000200   Zero   RW          382    HEAP                startup_stm32f40_41xxx.o
    0x2001cec0   0x00000400   Zero   RW          381    STACK               startup_stm32f40_41xxx.o



  Load Region LR$$.ARM.__AT_0x10000000 (Base: 0x10000000, Size: 0x00000000, Max: 0x0000f000, ABSOLUTE)

    Execution Region ER$$.ARM.__AT_0x10000000 (Base: 0x10000000, Size: 0x0000f000, Max: 0x0000f000, ABSOLUTE, UNINIT)

    Base Addr    Size         Type   Attr      Idx    E Section Name        Object

    0x10000000   0x0000f000   Zero   RW         4275    .ARM.__AT_0x10000000  malloc.o



  Load Region LR$$.ARM.__AT_0x1000F000 (Base: 0x1000f000, Size: 0x00000000, Max: 0x00000f00, ABSOLUTE)

    Execution Region ER$$.ARM.__AT_0x1000F000 (Base: 0x1000f000, Size: 0x00000f00, Max: 0x00000f00, ABSOLUTE, UNINIT)

    Base Addr    Size         Type   Attr      Idx    E Section Name        Object

    0x1000f000   0x00000f00   Zero   RW         4276    .ARM.__AT_0x1000F000  malloc.o



  Load Region LR$$.ARM.__AT_0x68000000 (Base: 0x68000000, Size: 0x00000000, Max: 0x000f0000, ABSOLUTE)

    Execution Region ER$$.ARM.__AT_0x68000000 (Base: 0x68000000, Size: 0x000f0000, Max: 0x000f0000, ABSOLUTE, UNINIT)

    Base Addr    Size         Type   Attr      Idx    E Section Name        Object

    0x68000000   0x000f0000   Zero   RW         4277    .ARM.__AT_0x68000000  malloc.o



  Load Region LR$$.ARM.__AT_0x680F0000 (Base: 0x680f0000, Size: 0x00000000, Max: 0x0000f000, ABSOLUTE)

    Execution Region ER$$.ARM.__AT_0x680F0000 (Base: 0x680f0000, Size: 0x0000f000, Max: 0x0000f000, ABSOLUTE, UNINIT)

    Base Addr    Size         Type   Attr      Idx    E Section Name        Object

    0x680f0000   0x0000f000   Zero   RW         4278    .ARM.__AT_0x680F0000  malloc.o


==============================================================================

Image component sizes


      Code (inc. data)   RO Data    RW Data    ZI Data      Debug   Object Name

     16354       4428        323         84        543      33423   aiwac_supermarket.o
      4370        268          7         12          0      23386   cjson.o
       540        162          0          0          0       3330   common.o
       192         12          0          4          0       1900   delay.o
       258          4          0          2          0       3438   diskio.o
       128         18        100        340          0       1482   exfuns.o
      1340         28          0         10          0      11102   ff.o
        68          8          0          0          0        531   key.o
       152         18          0          0          0     315127   main.o
       504         60         36         36    1218560       6342   malloc.o
       180         24          0          0          0       2049   misc.o
      7474        410          0         16        704      34553   sdio_sdcard.o
       292         20          0          0          0       1781   spi.o
        64         26        392          0       1536        832   startup_stm32f40_41xxx.o
       496         26          0          0          0       4212   stm32f4xx_dma.o
       218          0          0          0          0       2274   stm32f4xx_gpio.o
        26          0          0          0          0       3998   stm32f4xx_it.o
       392         48          0         16          0       5745   stm32f4xx_rcc.o
       208         38          0          0          0       5605   stm32f4xx_sdio.o
       112          0          0          0          0       3426   stm32f4xx_spi.o
       252         28          0          0          0       6404   stm32f4xx_tim.o
       696         42          0          0          0       6574   stm32f4xx_usart.o
        16          0          0          0          0        484   sys.o
       340         32          0          0          0       1449   system_stm32f4xx.o
       136         16          0          0          0       1170   timer.o
       350         28          0          6        200       4232   usart.o
      1928        194        256         45       1800      10502   usart2_4_5.o
       408         42          0          2        800       3362   usart3.o
      3166       1332         40         28          0       7826   usmart.o
         0          0        144        276          0       1508   usmart_config.o
      1328         20          0          0          0       8613   usmart_str.o
       792         74          0          2       4096       6965   w25qxx.o
       804        472          0          0          0       2338   wifista.o

    ----------------------------------------------------------------------
     43632       7878       1331        884    1228268     525963   Object Totals
         0          0         32          0          0          0   (incl. Generated)
        48          0          1          5         29          0   (incl. Padding)

    ----------------------------------------------------------------------

      Code (inc. data)   RO Data    RW Data    ZI Data      Debug   Library Member Name

        24          4          0          0          0         84   __2printf.o
        44          6          0          0          0         84   __2sprintf.o
        90          0          0          0          0          0   __dczerorl2.o
         8          0          0          0          0         68   __main.o
       392          4         17          0          0         92   __printf_flags_ss_wp.o
        14          0          0          0          0         68   __printf_wp.o
         0          0          0          0          0          0   __rtentry.o
        12          0          0          0          0          0   __rtentry2.o
         6          0          0          0          0          0   __rtentry4.o
        52          8          0          0          0          0   __scatter.o
        28          0          0          0          0          0   __scatter_zi.o
        28          0          0          0          0         68   _chval.o
         6          0          0          0          0          0   _printf_a.o
         6          0          0          0          0          0   _printf_c.o
        44          0          0          0          0        108   _printf_char.o
        48          6          0          0          0         96   _printf_char_common.o
        36          4          0          0          0         80   _printf_char_file.o
        40          0          0          0          0         68   _printf_charcount.o
         6          0          0          0          0          0   _printf_d.o
       120         16          0          0          0         92   _printf_dec.o
         6          0          0          0          0          0   _printf_e.o
         6          0          0          0          0          0   _printf_f.o
      1050          0          0          0          0        216   _printf_fp_dec.o
       128         16          0          0          0         84   _printf_fp_infnan.o
         6          0          0          0          0          0   _printf_g.o
       148          4         40          0          0        160   _printf_hex_int_ll_ptr.o
         6          0          0          0          0          0   _printf_i.o
       178          0          0          0          0         88   _printf_intcommon.o
        10          0          0          0          0          0   _printf_l.o
         6          0          0          0          0          0   _printf_lc.o
        10          0          0          0          0          0   _printf_ll.o
         6          0          0          0          0          0   _printf_lld.o
         6          0          0          0          0          0   _printf_lli.o
         6          0          0          0          0          0   _printf_llo.o
         6          0          0          0          0          0   _printf_llu.o
         6          0          0          0          0          0   _printf_llx.o
       124         16          0          0          0         92   _printf_longlong_dec.o
         6          0          0          0          0          0   _printf_ls.o
         6          0          0          0          0          0   _printf_n.o
         6          0          0          0          0          0   _printf_o.o
       112          8          0          0          0        124   _printf_oct_int_ll.o
         6          0          0          0          0          0   _printf_p.o
        78          0          0          0          0        108   _printf_pad.o
         0          0          0          0          0          0   _printf_percent.o
         4          0          0          0          0          0   _printf_percent_end.o
         6          0          0          0          0          0   _printf_s.o
        82          0          0          0          0         80   _printf_str.o
        36          0          0          0          0         84   _printf_truncate.o
         6          0          0          0          0          0   _printf_u.o
        44          0          0          0          0        108   _printf_wchar.o
       188          6          8          0          0         92   _printf_wctomb.o
         6          0          0          0          0          0   _printf_x.o
        22          0          0          0          0        100   _rserrno.o
        64          0          0          0          0         84   _sgetc.o
        10          0          0          0          0         68   _sputc.o
       158          0          0          0          0         92   _strtoul.o
        64          0          0          0          0         92   _wcrtomb.o
        26          0          0          0          0         80   atoi.o
       220          4        148          0          0         96   bigflt0.o
      2074        132          0          0          0        940   btod.o
        36          4          0          0          0         76   c89vsprintf.o
        12          0          0          0          0         72   exit.o
         8          0          0          0          0         68   ferror.o
         6          0          0          0          0        152   heapauxi.o
        18          0          0          0          0         76   isspace.o
        44         10        272          0          0         76   lc_ctype_c.o
        44         10         28          0          0         76   lc_numeric_c.o
         2          0          0          0          0          0   libinit.o
        34          0          0          0          0          0   libinit2.o
         2          0          0          0          0          0   libshutdown.o
         2          0          0          0          0          0   libshutdown2.o
         8          4          0          0         96         68   libspace.o
        38          0          0          0          0         68   llshl.o
       138          0          0          0          0         80   lludiv10.o
        16          4          0          0          0         76   rt_ctype_table.o
         8          4          0          0          0         68   rt_errno_addr_intlibspace.o
         8          4          0          0          0         68   rt_locale_intlibspace.o
        68          0          0          0          0         68   rt_memclr.o
        78          0          0          0          0         80   rt_memclr_w.o
       138          0          0          0          0         68   rt_memcpy_v6.o
       100          0          0          0          0         80   rt_memcpy_w.o
         2          0          0          0          0          0   rtexit.o
        10          0          0          0          0          0   rtexit2.o
      1188         12          0          0          0        148   scanf_fp.o
       792         14          0          0          0        100   scanf_hexfp.o
       308         16          0          0          0        100   scanf_infnan.o
        24          0          0          0          0         68   strcat.o
        20          0          0          0          0         68   strchr.o
       128          0          0          0          0         68   strcmpv7m.o
        72          0          0          0          0         80   strcpy.o
        62          0          0          0          0         76   strlen.o
       150          0          0          0          0         80   strncmp.o
        86          0          0          0          0         76   strncpy.o
        36          0          0          0          0         80   strstr.o
       160         12          0          0          0        120   strtod.o
       112          0          0          0          0         88   strtol.o
        74          0          0          0          0         80   sys_stackheap_outer.o
        26          0          0          0          0         76   tolower.o
         2          0          0          0          0         68   use_no_semi.o
         2          0          0          0          0         68   use_no_semi_2.o
        24          0          0          0          0        164   basic.o
        98          4          0          0          0        140   d2f.o
       826         16          0          0          0        492   daddsub_clz.o
        16          4          0          0          0        116   dcheck1.o
        24          0          0          0          0        116   dcmpi.o
       688        140          0          0          0        256   ddiv.o
       120          4          0          0          0        140   deqf.o
        94          4          0          0          0        140   dfix.o
        46          0          0          0          0        116   dflt_clz.o
       120          4          0          0          0        140   dleqf.o
       340         12          0          0          0        152   dmul.o
       156          4          0          0          0        140   dnaninf.o
        12          0          0          0          0        116   dretinf.o
       108          0          0          0          0        128   drleqf.o
       408         56          0          0          0        168   dsqrt_umaal.o
         0          0          8          0          0          0   fpconst.o
        10          0          0          0          0        116   fpinit.o
        10          0          0          0          0        116   fretinf.o
         4          0          0          0          0        116   printf1.o
       100          0          0          0          0        116   retnan.o
        92          0          0          0          0        116   scalbn.o
         4          0          0          0          0        116   scanf1.o
         8          0          0          0          0        132   scanf2.o
        48          0          0          0          0        116   trapv.o
         0          0          0          0          0          0   usenofp.o
        56         12          0          0          0        132   atof.o
       164         44          0          0          0        620   dunder.o
        44          0          0          0          0        248   fabs.o
       280         28          0          0          0        156   floor.o
        48          0          0          0          0        124   fpclassify.o
       140         22          0          0          0        132   frexp.o
       228          8          0          0          0        308   ldexp.o
       184         18          0          0          0        152   narrow.o
       248          0          0          0          0        152   poly.o
      3128        302        136          0          0        356   pow.o
         0          0          8          0          0          0   qnan.o
       110          0          0          0          0        148   sqrt.o

    ----------------------------------------------------------------------
     18016       1012        669          0         96      12456   Library Totals
        32          2          4          0          0          0   (incl. Padding)

    ----------------------------------------------------------------------

      Code (inc. data)   RO Data    RW Data    ZI Data      Debug   Library Name

      9998        328        513          0         96       6460   c_w.l
      3356        248          8          0          0       3468   fz_wm.l
      4630        434        144          0          0       2528   m_wm.l

    ----------------------------------------------------------------------
     18016       1012        669          0         96      12456   Library Totals

    ----------------------------------------------------------------------

==============================================================================


      Code (inc. data)   RO Data    RW Data    ZI Data      Debug   

     61648       8890       2000        884    1228364     506827   Grand Totals
     61648       8890       2000        240    1228364     506827   ELF Image Totals (compressed)
     61648       8890       2000        240          0          0   ROM Totals

==============================================================================

    Total RO  Size (Code + RO Data)                63648 (  62.16kB)
    Total RW  Size (RW Data + ZI Data)           1229248 (1200.44kB)
    Total ROM Size (Code + RO Data + RW Data)      63888 (  62.39kB)

==============================================================================

