<html>
<body>
<pre>
<h1>礦ision Build Log</h1>
<h2>Tool Versions:</h2>
IDE-Version: μVision V5.14.0.0
Copyright (C) 2015 ARM Ltd and ARM Germany GmbH. All rights reserved.
License Information: 4342 AutoBVT, Microsoft, LIC=JL28T-R2FJ6-302NC-7RXIA-HIEFL-RZ5CZ
 
Tool Versions:
Toolchain:       MDK-ARM Standard  Version: 5.14.0.0
Toolchain Path:  C:\Keil_v5\ARM\ARMCC\Bin
C Compiler:      Armcc.exe V5.05 update 1 (build 106)
Assembler:       Armasm.exe V5.05 update 1 (build 106)
Linker/Locator:  ArmLink.exe V5.05 update 1 (build 106)
Library Manager: ArmAr.exe V5.05 update 1 (build 106)
Hex Converter:   FromElf.exe V5.05 update 1 (build 106)
CPU DLL:         SARMCM3.DLL V5.14.0.0
Dialog DLL:      DCM.DLL V1.13.1.0
Target DLL:      STLink\ST-LINKIII-KEIL_SWO.dll V2.0.14.0_KEIL
Dialog DLL:      TCM.DLL V1.14.4.0
 
<h2>Project:</h2>
D:\TY\无人超市\工程代码\wifi_master\USER\ATK_ESP8266.uvprojx
Project File Date:  06/29/2017

<h2>Output:</h2>
Build target 'Target 1'
compiling AIWAC_Supermarket.c...
..\AIWAC\AIWAC_Supermarket.c(31): warning:  #223-D: function "atk_8266_test" declared implicitly
        atk_8266_test();                //进入ATK_ESP8266
..\AIWAC\AIWAC_Supermarket.c(77): warning:  #223-D: function "strncpy" declared implicitly
                                strncpy(getMS, USART3_RX_BUF+2, rlen-3); 
..\AIWAC\AIWAC_Supermarket.c(80): warning:  #167-D: argument of type "u8 *" is incompatible with parameter of type "const char *"
                                root = cJSON_Parse(getMS);
..\AIWAC\AIWAC_Supermarket.c(111): warning:  #223-D: function "delay_ms" declared implicitly
                delay_ms(20);
..\AIWAC\AIWAC_Supermarket.c(119): warning:  #111-D: statement is unreachable
        return businessType;
..\AIWAC\AIWAC_Supermarket.c(153): warning:  #223-D: function "strlen" declared implicitly
        num = strlen(strSend);
..\AIWAC\AIWAC_Supermarket.c(175): warning:  #223-D: function "memset" declared implicitly
        memset(send, 0, sizeof(send));
..\AIWAC\AIWAC_Supermarket.c(178): warning:  #223-D: function "strncpy" declared implicitly
        strncpy(send+2, strSend, num); 
..\AIWAC\AIWAC_Supermarket.c(184): warning:  #192-D: unrecognized character escape sequence
        printf("\r\nstrSend:%s  LEN:%\d",strSend,strlen(strSend));
..\AIWAC\AIWAC_Supermarket.c(203): warning:  #223-D: function "atk_8266_quit_trans" declared implicitly
        atk_8266_quit_trans();
..\AIWAC\AIWAC_Supermarket.c(204): warning:  #223-D: function "atk_8266_send_cmd" declared implicitly
        atk_8266_send_cmd("AT+CIPSEND","OK",20);                 //开始透传        
..\AIWAC\AIWAC_Supermarket.c(226): warning:  #223-D: function "delay_ms" declared implicitly
                delay_ms(100);
..\AIWAC\AIWAC_Supermarket.c: 12 warnings, 0 errors
linking...
Program Size: Code=68636 RO-data=8072 RW-data=972 ZI-data=1226076  
FromELF: creating hex file...
"..\OBJ\ATK_ESP8266.axf" - 0 Error(s), 12 Warning(s).

<h2>Collection of Component include folders:</h2>
  D:\TY\无人超市\工程代码\wifi_master\USER\RTE
  C:\Keil_v5\ARM\PACK\Keil\STM32F4xx_DFP\1.0.8\Device\Include

<h2>Collection of Component Files used:</h2>
</pre>
</body>
</html>
