<!doctype html public "-//w3c//dtd html 4.0 transitional//en">
<html><head>
<title>Static Call Graph - [..\OBJ\ATK_ESP8266.axf]</title></head>
<body><HR>
<H1>Static Call Graph for image ..\OBJ\ATK_ESP8266.axf</H1><HR>
<BR><P>#&#060CALLGRAPH&#062# ARM Linker, 5050106: Last Updated: Sun Aug 04 21:14:30 2019
<BR><P>
<H3>Maximum Stack Usage =       1056 bytes + Unknown(Functions without stacksize, Cycles, Untraceable Function Pointers)</H3><H3>
Call chain for Maximum Stack Depth:</H3>
__rt_entry_main &rArr; main &rArr; AIWAC_MasterGetGoods &rArr; waitingSAskState &rArr; checkSysState &rArr; cJSON_Print &rArr; print_value &rArr; print_object &rArr;  print_value (Cycle)
<P>
<H3>
Functions with no stack information
</H3><UL>
 <LI><a href="#[e1]">__user_initial_stackheap</a>
</UL>
</UL>
<P>
<H3>
Mutually Recursive functions
</H3> <LI><a href="#[31]">ADC_IRQHandler</a>&nbsp;&nbsp;&nbsp;&rArr;&nbsp;&nbsp;&nbsp;<a href="#[31]">ADC_IRQHandler</a><BR>
 <LI><a href="#[101]">cJSON_Delete</a>&nbsp;&nbsp;&nbsp;&rArr;&nbsp;&nbsp;&nbsp;<a href="#[101]">cJSON_Delete</a><BR>
 <LI><a href="#[1c9]">parse_object</a>&nbsp;&nbsp;&nbsp;&rArr;&nbsp;&nbsp;&nbsp;<a href="#[19b]">parse_value</a><BR>
 <LI><a href="#[1c7]">parse_array</a>&nbsp;&nbsp;&nbsp;&rArr;&nbsp;&nbsp;&nbsp;<a href="#[19b]">parse_value</a><BR>
 <LI><a href="#[1d0]">print_object</a>&nbsp;&nbsp;&nbsp;&rArr;&nbsp;&nbsp;&nbsp;<a href="#[19d]">print_value</a><BR>
 <LI><a href="#[1cd]">print_array</a>&nbsp;&nbsp;&nbsp;&rArr;&nbsp;&nbsp;&nbsp;<a href="#[19d]">print_value</a><BR>
</UL>
<P>
<H3>
Function Pointers
</H3><UL>
 <LI><a href="#[31]">ADC_IRQHandler</a> from startup_stm32f40_41xxx.o(.text) referenced from startup_stm32f40_41xxx.o(RESET)
 <LI><a href="#[19]">BusFault_Handler</a> from stm32f4xx_it.o(i.BusFault_Handler) referenced from startup_stm32f40_41xxx.o(RESET)
 <LI><a href="#[33]">CAN1_RX0_IRQHandler</a> from startup_stm32f40_41xxx.o(.text) referenced from startup_stm32f40_41xxx.o(RESET)
 <LI><a href="#[34]">CAN1_RX1_IRQHandler</a> from startup_stm32f40_41xxx.o(.text) referenced from startup_stm32f40_41xxx.o(RESET)
 <LI><a href="#[35]">CAN1_SCE_IRQHandler</a> from startup_stm32f40_41xxx.o(.text) referenced from startup_stm32f40_41xxx.o(RESET)
 <LI><a href="#[32]">CAN1_TX_IRQHandler</a> from startup_stm32f40_41xxx.o(.text) referenced from startup_stm32f40_41xxx.o(RESET)
 <LI><a href="#[5f]">CAN2_RX0_IRQHandler</a> from startup_stm32f40_41xxx.o(.text) referenced from startup_stm32f40_41xxx.o(RESET)
 <LI><a href="#[60]">CAN2_RX1_IRQHandler</a> from startup_stm32f40_41xxx.o(.text) referenced from startup_stm32f40_41xxx.o(RESET)
 <LI><a href="#[61]">CAN2_SCE_IRQHandler</a> from startup_stm32f40_41xxx.o(.text) referenced from startup_stm32f40_41xxx.o(RESET)
 <LI><a href="#[5e]">CAN2_TX_IRQHandler</a> from startup_stm32f40_41xxx.o(.text) referenced from startup_stm32f40_41xxx.o(RESET)
 <LI><a href="#[6e]">CRYP_IRQHandler</a> from startup_stm32f40_41xxx.o(.text) referenced from startup_stm32f40_41xxx.o(RESET)
 <LI><a href="#[6d]">DCMI_IRQHandler</a> from startup_stm32f40_41xxx.o(.text) referenced from startup_stm32f40_41xxx.o(RESET)
 <LI><a href="#[2a]">DMA1_Stream0_IRQHandler</a> from startup_stm32f40_41xxx.o(.text) referenced from startup_stm32f40_41xxx.o(RESET)
 <LI><a href="#[2b]">DMA1_Stream1_IRQHandler</a> from startup_stm32f40_41xxx.o(.text) referenced from startup_stm32f40_41xxx.o(RESET)
 <LI><a href="#[2c]">DMA1_Stream2_IRQHandler</a> from startup_stm32f40_41xxx.o(.text) referenced from startup_stm32f40_41xxx.o(RESET)
 <LI><a href="#[2d]">DMA1_Stream3_IRQHandler</a> from startup_stm32f40_41xxx.o(.text) referenced from startup_stm32f40_41xxx.o(RESET)
 <LI><a href="#[2e]">DMA1_Stream4_IRQHandler</a> from startup_stm32f40_41xxx.o(.text) referenced from startup_stm32f40_41xxx.o(RESET)
 <LI><a href="#[2f]">DMA1_Stream5_IRQHandler</a> from startup_stm32f40_41xxx.o(.text) referenced from startup_stm32f40_41xxx.o(RESET)
 <LI><a href="#[30]">DMA1_Stream6_IRQHandler</a> from startup_stm32f40_41xxx.o(.text) referenced from startup_stm32f40_41xxx.o(RESET)
 <LI><a href="#[4e]">DMA1_Stream7_IRQHandler</a> from startup_stm32f40_41xxx.o(.text) referenced from startup_stm32f40_41xxx.o(RESET)
 <LI><a href="#[57]">DMA2_Stream0_IRQHandler</a> from startup_stm32f40_41xxx.o(.text) referenced from startup_stm32f40_41xxx.o(RESET)
 <LI><a href="#[58]">DMA2_Stream1_IRQHandler</a> from startup_stm32f40_41xxx.o(.text) referenced from startup_stm32f40_41xxx.o(RESET)
 <LI><a href="#[59]">DMA2_Stream2_IRQHandler</a> from startup_stm32f40_41xxx.o(.text) referenced from startup_stm32f40_41xxx.o(RESET)
 <LI><a href="#[5a]">DMA2_Stream3_IRQHandler</a> from startup_stm32f40_41xxx.o(.text) referenced from startup_stm32f40_41xxx.o(RESET)
 <LI><a href="#[5b]">DMA2_Stream4_IRQHandler</a> from startup_stm32f40_41xxx.o(.text) referenced from startup_stm32f40_41xxx.o(RESET)
 <LI><a href="#[63]">DMA2_Stream5_IRQHandler</a> from startup_stm32f40_41xxx.o(.text) referenced from startup_stm32f40_41xxx.o(RESET)
 <LI><a href="#[64]">DMA2_Stream6_IRQHandler</a> from startup_stm32f40_41xxx.o(.text) referenced from startup_stm32f40_41xxx.o(RESET)
 <LI><a href="#[65]">DMA2_Stream7_IRQHandler</a> from startup_stm32f40_41xxx.o(.text) referenced from startup_stm32f40_41xxx.o(RESET)
 <LI><a href="#[1c]">DebugMon_Handler</a> from stm32f4xx_it.o(i.DebugMon_Handler) referenced from startup_stm32f40_41xxx.o(RESET)
 <LI><a href="#[5c]">ETH_IRQHandler</a> from startup_stm32f40_41xxx.o(.text) referenced from startup_stm32f40_41xxx.o(RESET)
 <LI><a href="#[5d]">ETH_WKUP_IRQHandler</a> from startup_stm32f40_41xxx.o(.text) referenced from startup_stm32f40_41xxx.o(RESET)
 <LI><a href="#[25]">EXTI0_IRQHandler</a> from startup_stm32f40_41xxx.o(.text) referenced from startup_stm32f40_41xxx.o(RESET)
 <LI><a href="#[47]">EXTI15_10_IRQHandler</a> from startup_stm32f40_41xxx.o(.text) referenced from startup_stm32f40_41xxx.o(RESET)
 <LI><a href="#[26]">EXTI1_IRQHandler</a> from startup_stm32f40_41xxx.o(.text) referenced from startup_stm32f40_41xxx.o(RESET)
 <LI><a href="#[27]">EXTI2_IRQHandler</a> from startup_stm32f40_41xxx.o(.text) referenced from startup_stm32f40_41xxx.o(RESET)
 <LI><a href="#[28]">EXTI3_IRQHandler</a> from startup_stm32f40_41xxx.o(.text) referenced from startup_stm32f40_41xxx.o(RESET)
 <LI><a href="#[29]">EXTI4_IRQHandler</a> from startup_stm32f40_41xxx.o(.text) referenced from startup_stm32f40_41xxx.o(RESET)
 <LI><a href="#[36]">EXTI9_5_IRQHandler</a> from startup_stm32f40_41xxx.o(.text) referenced from startup_stm32f40_41xxx.o(RESET)
 <LI><a href="#[23]">FLASH_IRQHandler</a> from startup_stm32f40_41xxx.o(.text) referenced from startup_stm32f40_41xxx.o(RESET)
 <LI><a href="#[70]">FPU_IRQHandler</a> from startup_stm32f40_41xxx.o(.text) referenced from startup_stm32f40_41xxx.o(RESET)
 <LI><a href="#[4f]">FSMC_IRQHandler</a> from startup_stm32f40_41xxx.o(.text) referenced from startup_stm32f40_41xxx.o(RESET)
 <LI><a href="#[6f]">HASH_RNG_IRQHandler</a> from startup_stm32f40_41xxx.o(.text) referenced from startup_stm32f40_41xxx.o(RESET)
 <LI><a href="#[17]">HardFault_Handler</a> from stm32f4xx_it.o(i.HardFault_Handler) referenced from startup_stm32f40_41xxx.o(RESET)
 <LI><a href="#[3f]">I2C1_ER_IRQHandler</a> from startup_stm32f40_41xxx.o(.text) referenced from startup_stm32f40_41xxx.o(RESET)
 <LI><a href="#[3e]">I2C1_EV_IRQHandler</a> from startup_stm32f40_41xxx.o(.text) referenced from startup_stm32f40_41xxx.o(RESET)
 <LI><a href="#[41]">I2C2_ER_IRQHandler</a> from startup_stm32f40_41xxx.o(.text) referenced from startup_stm32f40_41xxx.o(RESET)
 <LI><a href="#[40]">I2C2_EV_IRQHandler</a> from startup_stm32f40_41xxx.o(.text) referenced from startup_stm32f40_41xxx.o(RESET)
 <LI><a href="#[68]">I2C3_ER_IRQHandler</a> from startup_stm32f40_41xxx.o(.text) referenced from startup_stm32f40_41xxx.o(RESET)
 <LI><a href="#[67]">I2C3_EV_IRQHandler</a> from startup_stm32f40_41xxx.o(.text) referenced from startup_stm32f40_41xxx.o(RESET)
 <LI><a href="#[18]">MemManage_Handler</a> from stm32f4xx_it.o(i.MemManage_Handler) referenced from startup_stm32f40_41xxx.o(RESET)
 <LI><a href="#[16]">NMI_Handler</a> from stm32f4xx_it.o(i.NMI_Handler) referenced from startup_stm32f40_41xxx.o(RESET)
 <LI><a href="#[62]">OTG_FS_IRQHandler</a> from startup_stm32f40_41xxx.o(.text) referenced from startup_stm32f40_41xxx.o(RESET)
 <LI><a href="#[49]">OTG_FS_WKUP_IRQHandler</a> from startup_stm32f40_41xxx.o(.text) referenced from startup_stm32f40_41xxx.o(RESET)
 <LI><a href="#[6a]">OTG_HS_EP1_IN_IRQHandler</a> from startup_stm32f40_41xxx.o(.text) referenced from startup_stm32f40_41xxx.o(RESET)
 <LI><a href="#[69]">OTG_HS_EP1_OUT_IRQHandler</a> from startup_stm32f40_41xxx.o(.text) referenced from startup_stm32f40_41xxx.o(RESET)
 <LI><a href="#[6c]">OTG_HS_IRQHandler</a> from startup_stm32f40_41xxx.o(.text) referenced from startup_stm32f40_41xxx.o(RESET)
 <LI><a href="#[6b]">OTG_HS_WKUP_IRQHandler</a> from startup_stm32f40_41xxx.o(.text) referenced from startup_stm32f40_41xxx.o(RESET)
 <LI><a href="#[20]">PVD_IRQHandler</a> from startup_stm32f40_41xxx.o(.text) referenced from startup_stm32f40_41xxx.o(RESET)
 <LI><a href="#[1d]">PendSV_Handler</a> from stm32f4xx_it.o(i.PendSV_Handler) referenced from startup_stm32f40_41xxx.o(RESET)
 <LI><a href="#[24]">RCC_IRQHandler</a> from startup_stm32f40_41xxx.o(.text) referenced from startup_stm32f40_41xxx.o(RESET)
 <LI><a href="#[48]">RTC_Alarm_IRQHandler</a> from startup_stm32f40_41xxx.o(.text) referenced from startup_stm32f40_41xxx.o(RESET)
 <LI><a href="#[22]">RTC_WKUP_IRQHandler</a> from startup_stm32f40_41xxx.o(.text) referenced from startup_stm32f40_41xxx.o(RESET)
 <LI><a href="#[15]">Reset_Handler</a> from startup_stm32f40_41xxx.o(.text) referenced from startup_stm32f40_41xxx.o(RESET)
 <LI><a href="#[50]">SDIO_IRQHandler</a> from sdio_sdcard.o(i.SDIO_IRQHandler) referenced from startup_stm32f40_41xxx.o(RESET)
 <LI><a href="#[42]">SPI1_IRQHandler</a> from startup_stm32f40_41xxx.o(.text) referenced from startup_stm32f40_41xxx.o(RESET)
 <LI><a href="#[43]">SPI2_IRQHandler</a> from startup_stm32f40_41xxx.o(.text) referenced from startup_stm32f40_41xxx.o(RESET)
 <LI><a href="#[52]">SPI3_IRQHandler</a> from startup_stm32f40_41xxx.o(.text) referenced from startup_stm32f40_41xxx.o(RESET)
 <LI><a href="#[1b]">SVC_Handler</a> from stm32f4xx_it.o(i.SVC_Handler) referenced from startup_stm32f40_41xxx.o(RESET)
 <LI><a href="#[1e]">SysTick_Handler</a> from stm32f4xx_it.o(i.SysTick_Handler) referenced from startup_stm32f40_41xxx.o(RESET)
 <LI><a href="#[71]">SystemInit</a> from system_stm32f4xx.o(i.SystemInit) referenced from startup_stm32f40_41xxx.o(.text)
 <LI><a href="#[21]">TAMP_STAMP_IRQHandler</a> from startup_stm32f40_41xxx.o(.text) referenced from startup_stm32f40_41xxx.o(RESET)
 <LI><a href="#[37]">TIM1_BRK_TIM9_IRQHandler</a> from startup_stm32f40_41xxx.o(.text) referenced from startup_stm32f40_41xxx.o(RESET)
 <LI><a href="#[3a]">TIM1_CC_IRQHandler</a> from startup_stm32f40_41xxx.o(.text) referenced from startup_stm32f40_41xxx.o(RESET)
 <LI><a href="#[39]">TIM1_TRG_COM_TIM11_IRQHandler</a> from startup_stm32f40_41xxx.o(.text) referenced from startup_stm32f40_41xxx.o(RESET)
 <LI><a href="#[38]">TIM1_UP_TIM10_IRQHandler</a> from startup_stm32f40_41xxx.o(.text) referenced from startup_stm32f40_41xxx.o(RESET)
 <LI><a href="#[3b]">TIM2_IRQHandler</a> from startup_stm32f40_41xxx.o(.text) referenced from startup_stm32f40_41xxx.o(RESET)
 <LI><a href="#[3c]">TIM3_IRQHandler</a> from startup_stm32f40_41xxx.o(.text) referenced from startup_stm32f40_41xxx.o(RESET)
 <LI><a href="#[3d]">TIM4_IRQHandler</a> from usmart.o(i.TIM4_IRQHandler) referenced from startup_stm32f40_41xxx.o(RESET)
 <LI><a href="#[51]">TIM5_IRQHandler</a> from startup_stm32f40_41xxx.o(.text) referenced from startup_stm32f40_41xxx.o(RESET)
 <LI><a href="#[55]">TIM6_DAC_IRQHandler</a> from startup_stm32f40_41xxx.o(.text) referenced from startup_stm32f40_41xxx.o(RESET)
 <LI><a href="#[56]">TIM7_IRQHandler</a> from timer.o(i.TIM7_IRQHandler) referenced from startup_stm32f40_41xxx.o(RESET)
 <LI><a href="#[4a]">TIM8_BRK_TIM12_IRQHandler</a> from startup_stm32f40_41xxx.o(.text) referenced from startup_stm32f40_41xxx.o(RESET)
 <LI><a href="#[4d]">TIM8_CC_IRQHandler</a> from startup_stm32f40_41xxx.o(.text) referenced from startup_stm32f40_41xxx.o(RESET)
 <LI><a href="#[4c]">TIM8_TRG_COM_TIM14_IRQHandler</a> from startup_stm32f40_41xxx.o(.text) referenced from startup_stm32f40_41xxx.o(RESET)
 <LI><a href="#[4b]">TIM8_UP_TIM13_IRQHandler</a> from startup_stm32f40_41xxx.o(.text) referenced from startup_stm32f40_41xxx.o(RESET)
 <LI><a href="#[53]">UART4_IRQHandler</a> from usart2_4_5.o(i.UART4_IRQHandler) referenced from startup_stm32f40_41xxx.o(RESET)
 <LI><a href="#[54]">UART5_IRQHandler</a> from usart2_4_5.o(i.UART5_IRQHandler) referenced from startup_stm32f40_41xxx.o(RESET)
 <LI><a href="#[44]">USART1_IRQHandler</a> from usart.o(i.USART1_IRQHandler) referenced from startup_stm32f40_41xxx.o(RESET)
 <LI><a href="#[45]">USART2_IRQHandler</a> from usart2_4_5.o(i.USART2_IRQHandler) referenced from startup_stm32f40_41xxx.o(RESET)
 <LI><a href="#[46]">USART3_IRQHandler</a> from usart3.o(i.USART3_IRQHandler) referenced from startup_stm32f40_41xxx.o(RESET)
 <LI><a href="#[66]">USART6_IRQHandler</a> from startup_stm32f40_41xxx.o(.text) referenced from startup_stm32f40_41xxx.o(RESET)
 <LI><a href="#[1a]">UsageFault_Handler</a> from stm32f4xx_it.o(i.UsageFault_Handler) referenced from startup_stm32f40_41xxx.o(RESET)
 <LI><a href="#[1f]">WWDG_IRQHandler</a> from startup_stm32f40_41xxx.o(.text) referenced from startup_stm32f40_41xxx.o(RESET)
 <LI><a href="#[7a]">__main</a> from __main.o(!!!main) referenced from startup_stm32f40_41xxx.o(.text)
 <LI><a href="#[74]">_get_lc_ctype</a> from lc_ctype_c.o(locale$$code) referenced from rt_ctype_table.o(.text)
 <LI><a href="#[75]">_printf_input_char</a> from _printf_char_common.o(.text) referenced from _printf_char_common.o(.text)
 <LI><a href="#[78]">_sbackspace</a> from _sgetc.o(.text) referenced from strtod.o(.text)
 <LI><a href="#[77]">_sgetc</a> from _sgetc.o(.text) referenced from strtod.o(.text)
 <LI><a href="#[73]">_sputc</a> from _sputc.o(.text) referenced 2 times from c89vsprintf.o(.text)
 <LI><a href="#[14]">aiwacFree</a> from wifista.o(i.aiwacFree) referenced 2 times from cjson.o(.data)
 <LI><a href="#[13]">aiwacMalloc</a> from wifista.o(i.aiwacMalloc) referenced 2 times from cjson.o(.data)
 <LI><a href="#[e]">atk_8266_quit_trans</a> from common.o(i.atk_8266_quit_trans) referenced 2 times from usmart_config.o(.data)
 <LI><a href="#[d]">atk_8266_send_cmd</a> from common.o(i.atk_8266_send_cmd) referenced 2 times from usmart_config.o(.data)
 <LI><a href="#[76]">fputc</a> from usart.o(i.fputc) referenced from _printf_char_file.o(.text)
 <LI><a href="#[79]">isspace</a> from isspace.o(.text) referenced from strtod.o(.text)
 <LI><a href="#[9]">my_mem_init</a> from malloc.o(i.my_mem_init) referenced 2 times from malloc.o(.data)
 <LI><a href="#[a]">my_mem_perused</a> from malloc.o(i.my_mem_perused) referenced 2 times from malloc.o(.data)
 <LI><a href="#[b]">read_addr</a> from usmart.o(i.read_addr) referenced 2 times from usmart_config.o(.data)
 <LI><a href="#[10]">usmart_cmd_rec</a> from usmart.o(i.usmart_cmd_rec) referenced 2 times from usmart_config.o(.data)
 <LI><a href="#[11]">usmart_exe</a> from usmart.o(i.usmart_exe) referenced 2 times from usmart_config.o(.data)
 <LI><a href="#[f]">usmart_init</a> from usmart.o(i.usmart_init) referenced 2 times from usmart_config.o(.data)
 <LI><a href="#[12]">usmart_scan</a> from usmart.o(i.usmart_scan) referenced 2 times from usmart_config.o(.data)
 <LI><a href="#[c]">write_addr</a> from usmart.o(i.write_addr) referenced 2 times from usmart_config.o(.data)
</UL>
<P>
<H3>
Global Symbols
</H3>
<P><STRONG><a name="[7a]"></a>__main</STRONG> (Thumb, 8 bytes, Stack size 0 bytes, __main.o(!!!main))
<BR><BR>[Calls]<UL><LI><a href="#[7c]">&gt;&gt;</a>&nbsp;&nbsp;&nbsp;__rt_entry
<LI><a href="#[7b]">&gt;&gt;</a>&nbsp;&nbsp;&nbsp;__scatterload
</UL>

<P><STRONG><a name="[7b]"></a>__scatterload</STRONG> (Thumb, 0 bytes, Stack size unknown bytes, __scatter.o(!!!scatter))
<BR><BR>[Called By]<UL><LI><a href="#[7a]">&gt;&gt;</a>&nbsp;&nbsp;&nbsp;__main
</UL>

<P><STRONG><a name="[7d]"></a>__scatterload_rt2</STRONG> (Thumb, 44 bytes, Stack size unknown bytes, __scatter.o(!!!scatter), UNUSED)
<BR><BR>[Calls]<UL><LI><a href="#[7c]">&gt;&gt;</a>&nbsp;&nbsp;&nbsp;__rt_entry
</UL>

<P><STRONG><a name="[201]"></a>__scatterload_rt2_thumb_only</STRONG> (Thumb, 0 bytes, Stack size unknown bytes, __scatter.o(!!!scatter), UNUSED)

<P><STRONG><a name="[202]"></a>__scatterload_null</STRONG> (Thumb, 0 bytes, Stack size unknown bytes, __scatter.o(!!!scatter), UNUSED)

<P><STRONG><a name="[203]"></a>__decompress</STRONG> (Thumb, 90 bytes, Stack size unknown bytes, __dczerorl2.o(!!dczerorl2), UNUSED)

<P><STRONG><a name="[204]"></a>__decompress1</STRONG> (Thumb, 0 bytes, Stack size unknown bytes, __dczerorl2.o(!!dczerorl2), UNUSED)

<P><STRONG><a name="[205]"></a>__scatterload_zeroinit</STRONG> (Thumb, 28 bytes, Stack size unknown bytes, __scatter_zi.o(!!handler_zi), UNUSED)

<P><STRONG><a name="[7e]"></a>_printf_n</STRONG> (Thumb, 0 bytes, Stack size unknown bytes, _printf_n.o(.ARM.Collect$$_printf_percent$$00000001))
<BR><BR>[Calls]<UL><LI><a href="#[7f]">&gt;&gt;</a>&nbsp;&nbsp;&nbsp;_printf_charcount
</UL>

<P><STRONG><a name="[c0]"></a>_printf_percent</STRONG> (Thumb, 0 bytes, Stack size unknown bytes, _printf_percent.o(.ARM.Collect$$_printf_percent$$00000000))
<BR><BR>[Called By]<UL><LI><a href="#[be]">&gt;&gt;</a>&nbsp;&nbsp;&nbsp;__printf
</UL>

<P><STRONG><a name="[80]"></a>_printf_p</STRONG> (Thumb, 0 bytes, Stack size unknown bytes, _printf_p.o(.ARM.Collect$$_printf_percent$$00000002))
<BR><BR>[Stack]<UL><LI>Max Depth = 64 + Unknown Stack Size
<LI>Call Chain = _printf_p &rArr; _printf_hex_ptr &rArr; _printf_longlong_hex &rArr; _printf_int_common &rArr; _printf_post_padding
</UL>
<BR>[Calls]<UL><LI><a href="#[81]">&gt;&gt;</a>&nbsp;&nbsp;&nbsp;_printf_hex_ptr
</UL>

<P><STRONG><a name="[82]"></a>_printf_f</STRONG> (Thumb, 0 bytes, Stack size unknown bytes, _printf_f.o(.ARM.Collect$$_printf_percent$$00000003))
<BR><BR>[Stack]<UL><LI>Max Depth = 320 + Unknown Stack Size
<LI>Call Chain = _printf_f &rArr; _printf_fp_dec &rArr; _printf_fp_dec_real &rArr; _fp_digits &rArr; _btod_etento &rArr; _btod_emul &rArr; _e2e
</UL>
<BR>[Calls]<UL><LI><a href="#[83]">&gt;&gt;</a>&nbsp;&nbsp;&nbsp;_printf_fp_dec
</UL>

<P><STRONG><a name="[84]"></a>_printf_e</STRONG> (Thumb, 0 bytes, Stack size unknown bytes, _printf_e.o(.ARM.Collect$$_printf_percent$$00000004))
<BR><BR>[Stack]<UL><LI>Max Depth = 320 + Unknown Stack Size
<LI>Call Chain = _printf_e &rArr; _printf_fp_dec &rArr; _printf_fp_dec_real &rArr; _fp_digits &rArr; _btod_etento &rArr; _btod_emul &rArr; _e2e
</UL>
<BR>[Calls]<UL><LI><a href="#[83]">&gt;&gt;</a>&nbsp;&nbsp;&nbsp;_printf_fp_dec
</UL>

<P><STRONG><a name="[85]"></a>_printf_g</STRONG> (Thumb, 0 bytes, Stack size unknown bytes, _printf_g.o(.ARM.Collect$$_printf_percent$$00000005))
<BR><BR>[Stack]<UL><LI>Max Depth = 320 + Unknown Stack Size
<LI>Call Chain = _printf_g &rArr; _printf_fp_dec &rArr; _printf_fp_dec_real &rArr; _fp_digits &rArr; _btod_etento &rArr; _btod_emul &rArr; _e2e
</UL>
<BR>[Calls]<UL><LI><a href="#[83]">&gt;&gt;</a>&nbsp;&nbsp;&nbsp;_printf_fp_dec
</UL>

<P><STRONG><a name="[206]"></a>_printf_a</STRONG> (Thumb, 0 bytes, Stack size unknown bytes, _printf_a.o(.ARM.Collect$$_printf_percent$$00000006))

<P><STRONG><a name="[207]"></a>_printf_ll</STRONG> (Thumb, 0 bytes, Stack size unknown bytes, _printf_ll.o(.ARM.Collect$$_printf_percent$$00000007))

<P><STRONG><a name="[86]"></a>_printf_i</STRONG> (Thumb, 0 bytes, Stack size unknown bytes, _printf_i.o(.ARM.Collect$$_printf_percent$$00000008))
<BR><BR>[Stack]<UL><LI>Max Depth = 72 + Unknown Stack Size
<LI>Call Chain = _printf_i &rArr; _printf_int_dec &rArr; _printf_int_common &rArr; _printf_post_padding
</UL>
<BR>[Calls]<UL><LI><a href="#[87]">&gt;&gt;</a>&nbsp;&nbsp;&nbsp;_printf_int_dec
</UL>

<P><STRONG><a name="[88]"></a>_printf_d</STRONG> (Thumb, 0 bytes, Stack size unknown bytes, _printf_d.o(.ARM.Collect$$_printf_percent$$00000009))
<BR><BR>[Stack]<UL><LI>Max Depth = 72 + Unknown Stack Size
<LI>Call Chain = _printf_d &rArr; _printf_int_dec &rArr; _printf_int_common &rArr; _printf_post_padding
</UL>
<BR>[Calls]<UL><LI><a href="#[87]">&gt;&gt;</a>&nbsp;&nbsp;&nbsp;_printf_int_dec
</UL>

<P><STRONG><a name="[89]"></a>_printf_u</STRONG> (Thumb, 0 bytes, Stack size unknown bytes, _printf_u.o(.ARM.Collect$$_printf_percent$$0000000A))
<BR><BR>[Stack]<UL><LI>Max Depth = 72 + Unknown Stack Size
<LI>Call Chain = _printf_u &rArr; _printf_int_dec &rArr; _printf_int_common &rArr; _printf_post_padding
</UL>
<BR>[Calls]<UL><LI><a href="#[87]">&gt;&gt;</a>&nbsp;&nbsp;&nbsp;_printf_int_dec
</UL>

<P><STRONG><a name="[8a]"></a>_printf_o</STRONG> (Thumb, 0 bytes, Stack size unknown bytes, _printf_o.o(.ARM.Collect$$_printf_percent$$0000000B))
<BR><BR>[Stack]<UL><LI>Max Depth = 64 + Unknown Stack Size
<LI>Call Chain = _printf_o &rArr; _printf_int_oct &rArr; _printf_longlong_oct &rArr; _printf_int_common &rArr; _printf_post_padding
</UL>
<BR>[Calls]<UL><LI><a href="#[8b]">&gt;&gt;</a>&nbsp;&nbsp;&nbsp;_printf_int_oct
</UL>

<P><STRONG><a name="[8c]"></a>_printf_x</STRONG> (Thumb, 0 bytes, Stack size unknown bytes, _printf_x.o(.ARM.Collect$$_printf_percent$$0000000C))
<BR><BR>[Stack]<UL><LI>Max Depth = 80 + Unknown Stack Size
<LI>Call Chain = _printf_x &rArr; _printf_int_hex &rArr; _printf_longlong_hex &rArr; _printf_int_common &rArr; _printf_post_padding
</UL>
<BR>[Calls]<UL><LI><a href="#[8d]">&gt;&gt;</a>&nbsp;&nbsp;&nbsp;_printf_int_hex
</UL>

<P><STRONG><a name="[8e]"></a>_printf_lli</STRONG> (Thumb, 0 bytes, Stack size unknown bytes, _printf_lli.o(.ARM.Collect$$_printf_percent$$0000000D))
<BR><BR>[Stack]<UL><LI>Max Depth = 72 + Unknown Stack Size
<LI>Call Chain = _printf_lli &rArr; _printf_longlong_dec &rArr; _printf_int_common &rArr; _printf_post_padding
</UL>
<BR>[Calls]<UL><LI><a href="#[8f]">&gt;&gt;</a>&nbsp;&nbsp;&nbsp;_printf_longlong_dec
</UL>

<P><STRONG><a name="[90]"></a>_printf_lld</STRONG> (Thumb, 0 bytes, Stack size unknown bytes, _printf_lld.o(.ARM.Collect$$_printf_percent$$0000000E))
<BR><BR>[Stack]<UL><LI>Max Depth = 72 + Unknown Stack Size
<LI>Call Chain = _printf_lld &rArr; _printf_longlong_dec &rArr; _printf_int_common &rArr; _printf_post_padding
</UL>
<BR>[Calls]<UL><LI><a href="#[8f]">&gt;&gt;</a>&nbsp;&nbsp;&nbsp;_printf_longlong_dec
</UL>

<P><STRONG><a name="[91]"></a>_printf_llu</STRONG> (Thumb, 0 bytes, Stack size unknown bytes, _printf_llu.o(.ARM.Collect$$_printf_percent$$0000000F))
<BR><BR>[Stack]<UL><LI>Max Depth = 72 + Unknown Stack Size
<LI>Call Chain = _printf_llu &rArr; _printf_longlong_dec &rArr; _printf_int_common &rArr; _printf_post_padding
</UL>
<BR>[Calls]<UL><LI><a href="#[8f]">&gt;&gt;</a>&nbsp;&nbsp;&nbsp;_printf_longlong_dec
</UL>

<P><STRONG><a name="[92]"></a>_printf_llo</STRONG> (Thumb, 0 bytes, Stack size unknown bytes, _printf_llo.o(.ARM.Collect$$_printf_percent$$00000010))
<BR><BR>[Stack]<UL><LI>Max Depth = 56 + Unknown Stack Size
<LI>Call Chain = _printf_llo &rArr; _printf_ll_oct &rArr; _printf_longlong_oct &rArr; _printf_int_common &rArr; _printf_post_padding
</UL>
<BR>[Calls]<UL><LI><a href="#[93]">&gt;&gt;</a>&nbsp;&nbsp;&nbsp;_printf_ll_oct
</UL>

<P><STRONG><a name="[94]"></a>_printf_llx</STRONG> (Thumb, 0 bytes, Stack size unknown bytes, _printf_llx.o(.ARM.Collect$$_printf_percent$$00000011))
<BR><BR>[Stack]<UL><LI>Max Depth = 64 + Unknown Stack Size
<LI>Call Chain = _printf_llx &rArr; _printf_ll_hex &rArr; _printf_longlong_hex &rArr; _printf_int_common &rArr; _printf_post_padding
</UL>
<BR>[Calls]<UL><LI><a href="#[95]">&gt;&gt;</a>&nbsp;&nbsp;&nbsp;_printf_ll_hex
</UL>

<P><STRONG><a name="[208]"></a>_printf_l</STRONG> (Thumb, 0 bytes, Stack size unknown bytes, _printf_l.o(.ARM.Collect$$_printf_percent$$00000012))

<P><STRONG><a name="[96]"></a>_printf_c</STRONG> (Thumb, 0 bytes, Stack size unknown bytes, _printf_c.o(.ARM.Collect$$_printf_percent$$00000013))
<BR><BR>[Stack]<UL><LI>Max Depth = 40 + Unknown Stack Size
<LI>Call Chain = _printf_c &rArr; _printf_char &rArr; _printf_cs_common &rArr; _printf_str &rArr; _printf_post_padding
</UL>
<BR>[Calls]<UL><LI><a href="#[97]">&gt;&gt;</a>&nbsp;&nbsp;&nbsp;_printf_char
</UL>

<P><STRONG><a name="[98]"></a>_printf_s</STRONG> (Thumb, 0 bytes, Stack size unknown bytes, _printf_s.o(.ARM.Collect$$_printf_percent$$00000014))
<BR><BR>[Stack]<UL><LI>Max Depth = 40 + Unknown Stack Size
<LI>Call Chain = _printf_s &rArr; _printf_string &rArr; _printf_cs_common &rArr; _printf_str &rArr; _printf_post_padding
</UL>
<BR>[Calls]<UL><LI><a href="#[99]">&gt;&gt;</a>&nbsp;&nbsp;&nbsp;_printf_string
</UL>

<P><STRONG><a name="[9a]"></a>_printf_lc</STRONG> (Thumb, 0 bytes, Stack size unknown bytes, _printf_lc.o(.ARM.Collect$$_printf_percent$$00000015))
<BR><BR>[Stack]<UL><LI>Max Depth = 88 + Unknown Stack Size
<LI>Call Chain = _printf_lc &rArr; _printf_wchar &rArr; _printf_lcs_common &rArr; _printf_wctomb &rArr; _wcrtomb &rArr; __rt_ctype_table
</UL>
<BR>[Calls]<UL><LI><a href="#[9b]">&gt;&gt;</a>&nbsp;&nbsp;&nbsp;_printf_wchar
</UL>

<P><STRONG><a name="[9c]"></a>_printf_ls</STRONG> (Thumb, 0 bytes, Stack size unknown bytes, _printf_ls.o(.ARM.Collect$$_printf_percent$$00000016))
<BR><BR>[Stack]<UL><LI>Max Depth = 88 + Unknown Stack Size
<LI>Call Chain = _printf_ls &rArr; _printf_wstring &rArr; _printf_lcs_common &rArr; _printf_wctomb &rArr; _wcrtomb &rArr; __rt_ctype_table
</UL>
<BR>[Calls]<UL><LI><a href="#[9d]">&gt;&gt;</a>&nbsp;&nbsp;&nbsp;_printf_wstring
</UL>

<P><STRONG><a name="[209]"></a>_printf_percent_end</STRONG> (Thumb, 0 bytes, Stack size unknown bytes, _printf_percent_end.o(.ARM.Collect$$_printf_percent$$00000017))

<P><STRONG><a name="[a8]"></a>__rt_lib_init</STRONG> (Thumb, 0 bytes, Stack size unknown bytes, libinit.o(.ARM.Collect$$libinit$$00000000))
<BR><BR>[Called By]<UL><LI><a href="#[a7]">&gt;&gt;</a>&nbsp;&nbsp;&nbsp;__rt_entry_li
</UL>

<P><STRONG><a name="[9e]"></a>__rt_lib_init_fp_1</STRONG> (Thumb, 0 bytes, Stack size unknown bytes, libinit2.o(.ARM.Collect$$libinit$$00000001))
<BR><BR>[Calls]<UL><LI><a href="#[9f]">&gt;&gt;</a>&nbsp;&nbsp;&nbsp;_fp_init
</UL>

<P><STRONG><a name="[20a]"></a>__rt_lib_init_heap_1</STRONG> (Thumb, 0 bytes, Stack size unknown bytes, libinit2.o(.ARM.Collect$$libinit$$0000000A))

<P><STRONG><a name="[a0]"></a>__rt_lib_init_lc_common</STRONG> (Thumb, 0 bytes, Stack size unknown bytes, libinit2.o(.ARM.Collect$$libinit$$0000000F))
<BR><BR>[Calls]<UL><LI><a href="#[a1]">&gt;&gt;</a>&nbsp;&nbsp;&nbsp;__rt_locale
</UL>

<P><STRONG><a name="[20b]"></a>__rt_lib_init_preinit_1</STRONG> (Thumb, 0 bytes, Stack size unknown bytes, libinit2.o(.ARM.Collect$$libinit$$00000004))

<P><STRONG><a name="[20c]"></a>__rt_lib_init_rand_1</STRONG> (Thumb, 0 bytes, Stack size unknown bytes, libinit2.o(.ARM.Collect$$libinit$$0000000E))

<P><STRONG><a name="[20d]"></a>__rt_lib_init_user_alloc_1</STRONG> (Thumb, 0 bytes, Stack size unknown bytes, libinit2.o(.ARM.Collect$$libinit$$0000000C))

<P><STRONG><a name="[20e]"></a>__rt_lib_init_lc_collate_1</STRONG> (Thumb, 0 bytes, Stack size unknown bytes, libinit2.o(.ARM.Collect$$libinit$$00000011))

<P><STRONG><a name="[a2]"></a>__rt_lib_init_lc_ctype_2</STRONG> (Thumb, 0 bytes, Stack size unknown bytes, libinit2.o(.ARM.Collect$$libinit$$00000012))
<BR><BR>[Stack]<UL><LI>Max Depth = 8 + Unknown Stack Size
<LI>Call Chain = __rt_lib_init_lc_ctype_2 &rArr; _get_lc_ctype
</UL>
<BR>[Calls]<UL><LI><a href="#[74]">&gt;&gt;</a>&nbsp;&nbsp;&nbsp;_get_lc_ctype
</UL>

<P><STRONG><a name="[20f]"></a>__rt_lib_init_lc_ctype_1</STRONG> (Thumb, 0 bytes, Stack size unknown bytes, libinit2.o(.ARM.Collect$$libinit$$00000013))

<P><STRONG><a name="[210]"></a>__rt_lib_init_lc_monetary_1</STRONG> (Thumb, 0 bytes, Stack size unknown bytes, libinit2.o(.ARM.Collect$$libinit$$00000015))

<P><STRONG><a name="[a3]"></a>__rt_lib_init_lc_numeric_2</STRONG> (Thumb, 0 bytes, Stack size unknown bytes, libinit2.o(.ARM.Collect$$libinit$$00000016))
<BR><BR>[Stack]<UL><LI>Max Depth = 8 + Unknown Stack Size
<LI>Call Chain = __rt_lib_init_lc_numeric_2 &rArr; _get_lc_numeric
</UL>
<BR>[Calls]<UL><LI><a href="#[a4]">&gt;&gt;</a>&nbsp;&nbsp;&nbsp;_get_lc_numeric
</UL>

<P><STRONG><a name="[211]"></a>__rt_lib_init_alloca_1</STRONG> (Thumb, 0 bytes, Stack size unknown bytes, libinit2.o(.ARM.Collect$$libinit$$0000002E))

<P><STRONG><a name="[212]"></a>__rt_lib_init_argv_1</STRONG> (Thumb, 0 bytes, Stack size unknown bytes, libinit2.o(.ARM.Collect$$libinit$$0000002C))

<P><STRONG><a name="[213]"></a>__rt_lib_init_atexit_1</STRONG> (Thumb, 0 bytes, Stack size unknown bytes, libinit2.o(.ARM.Collect$$libinit$$0000001B))

<P><STRONG><a name="[214]"></a>__rt_lib_init_clock_1</STRONG> (Thumb, 0 bytes, Stack size unknown bytes, libinit2.o(.ARM.Collect$$libinit$$00000021))

<P><STRONG><a name="[215]"></a>__rt_lib_init_cpp_1</STRONG> (Thumb, 0 bytes, Stack size unknown bytes, libinit2.o(.ARM.Collect$$libinit$$00000032))

<P><STRONG><a name="[216]"></a>__rt_lib_init_exceptions_1</STRONG> (Thumb, 0 bytes, Stack size unknown bytes, libinit2.o(.ARM.Collect$$libinit$$00000030))

<P><STRONG><a name="[217]"></a>__rt_lib_init_fp_trap_1</STRONG> (Thumb, 0 bytes, Stack size unknown bytes, libinit2.o(.ARM.Collect$$libinit$$0000001F))

<P><STRONG><a name="[218]"></a>__rt_lib_init_getenv_1</STRONG> (Thumb, 0 bytes, Stack size unknown bytes, libinit2.o(.ARM.Collect$$libinit$$00000023))

<P><STRONG><a name="[219]"></a>__rt_lib_init_lc_numeric_1</STRONG> (Thumb, 0 bytes, Stack size unknown bytes, libinit2.o(.ARM.Collect$$libinit$$00000017))

<P><STRONG><a name="[21a]"></a>__rt_lib_init_lc_time_1</STRONG> (Thumb, 0 bytes, Stack size unknown bytes, libinit2.o(.ARM.Collect$$libinit$$00000019))

<P><STRONG><a name="[21b]"></a>__rt_lib_init_return</STRONG> (Thumb, 0 bytes, Stack size unknown bytes, libinit2.o(.ARM.Collect$$libinit$$00000033))

<P><STRONG><a name="[21c]"></a>__rt_lib_init_signal_1</STRONG> (Thumb, 0 bytes, Stack size unknown bytes, libinit2.o(.ARM.Collect$$libinit$$0000001D))

<P><STRONG><a name="[21d]"></a>__rt_lib_init_stdio_1</STRONG> (Thumb, 0 bytes, Stack size unknown bytes, libinit2.o(.ARM.Collect$$libinit$$00000025))

<P><STRONG><a name="[ad]"></a>__rt_lib_shutdown</STRONG> (Thumb, 0 bytes, Stack size unknown bytes, libshutdown.o(.ARM.Collect$$libshutdown$$00000000))
<BR><BR>[Called By]<UL><LI><a href="#[ac]">&gt;&gt;</a>&nbsp;&nbsp;&nbsp;__rt_exit_ls
</UL>

<P><STRONG><a name="[21e]"></a>__rt_lib_shutdown_fp_trap_1</STRONG> (Thumb, 0 bytes, Stack size unknown bytes, libshutdown2.o(.ARM.Collect$$libshutdown$$00000006))

<P><STRONG><a name="[21f]"></a>__rt_lib_shutdown_heap_1</STRONG> (Thumb, 0 bytes, Stack size unknown bytes, libshutdown2.o(.ARM.Collect$$libshutdown$$0000000E))

<P><STRONG><a name="[220]"></a>__rt_lib_shutdown_return</STRONG> (Thumb, 0 bytes, Stack size unknown bytes, libshutdown2.o(.ARM.Collect$$libshutdown$$0000000F))

<P><STRONG><a name="[221]"></a>__rt_lib_shutdown_signal_1</STRONG> (Thumb, 0 bytes, Stack size unknown bytes, libshutdown2.o(.ARM.Collect$$libshutdown$$00000009))

<P><STRONG><a name="[222]"></a>__rt_lib_shutdown_stdio_1</STRONG> (Thumb, 0 bytes, Stack size unknown bytes, libshutdown2.o(.ARM.Collect$$libshutdown$$00000003))

<P><STRONG><a name="[223]"></a>__rt_lib_shutdown_user_alloc_1</STRONG> (Thumb, 0 bytes, Stack size unknown bytes, libshutdown2.o(.ARM.Collect$$libshutdown$$0000000B))

<P><STRONG><a name="[7c]"></a>__rt_entry</STRONG> (Thumb, 0 bytes, Stack size unknown bytes, __rtentry.o(.ARM.Collect$$rtentry$$00000000))
<BR><BR>[Called By]<UL><LI><a href="#[7a]">&gt;&gt;</a>&nbsp;&nbsp;&nbsp;__main
<LI><a href="#[7d]">&gt;&gt;</a>&nbsp;&nbsp;&nbsp;__scatterload_rt2
</UL>

<P><STRONG><a name="[224]"></a>__rt_entry_presh_1</STRONG> (Thumb, 0 bytes, Stack size unknown bytes, __rtentry2.o(.ARM.Collect$$rtentry$$00000002))

<P><STRONG><a name="[a5]"></a>__rt_entry_sh</STRONG> (Thumb, 0 bytes, Stack size unknown bytes, __rtentry4.o(.ARM.Collect$$rtentry$$00000004))
<BR><BR>[Stack]<UL><LI>Max Depth = 8 + Unknown Stack Size
<LI>Call Chain = __rt_entry_sh &rArr; __user_setup_stackheap
</UL>
<BR>[Calls]<UL><LI><a href="#[a6]">&gt;&gt;</a>&nbsp;&nbsp;&nbsp;__user_setup_stackheap
</UL>

<P><STRONG><a name="[a7]"></a>__rt_entry_li</STRONG> (Thumb, 0 bytes, Stack size unknown bytes, __rtentry2.o(.ARM.Collect$$rtentry$$0000000A))
<BR><BR>[Calls]<UL><LI><a href="#[a8]">&gt;&gt;</a>&nbsp;&nbsp;&nbsp;__rt_lib_init
</UL>

<P><STRONG><a name="[225]"></a>__rt_entry_postsh_1</STRONG> (Thumb, 0 bytes, Stack size unknown bytes, __rtentry2.o(.ARM.Collect$$rtentry$$00000009))

<P><STRONG><a name="[a9]"></a>__rt_entry_main</STRONG> (Thumb, 0 bytes, Stack size unknown bytes, __rtentry2.o(.ARM.Collect$$rtentry$$0000000D))
<BR><BR>[Stack]<UL><LI>Max Depth = 1056 + Unknown Stack Size
<LI>Call Chain = __rt_entry_main &rArr; main &rArr; AIWAC_MasterGetGoods &rArr; waitingSAskState &rArr; checkSysState &rArr; cJSON_Print &rArr; print_value &rArr; print_object &rArr;  print_value (Cycle)
</UL>
<BR>[Calls]<UL><LI><a href="#[aa]">&gt;&gt;</a>&nbsp;&nbsp;&nbsp;main
<LI><a href="#[ab]">&gt;&gt;</a>&nbsp;&nbsp;&nbsp;exit
</UL>

<P><STRONG><a name="[226]"></a>__rt_entry_postli_1</STRONG> (Thumb, 0 bytes, Stack size unknown bytes, __rtentry2.o(.ARM.Collect$$rtentry$$0000000C))

<P><STRONG><a name="[e9]"></a>__rt_exit</STRONG> (Thumb, 0 bytes, Stack size unknown bytes, rtexit.o(.ARM.Collect$$rtexit$$00000000))
<BR><BR>[Called By]<UL><LI><a href="#[ab]">&gt;&gt;</a>&nbsp;&nbsp;&nbsp;exit
</UL>

<P><STRONG><a name="[ac]"></a>__rt_exit_ls</STRONG> (Thumb, 0 bytes, Stack size unknown bytes, rtexit2.o(.ARM.Collect$$rtexit$$00000003))
<BR><BR>[Calls]<UL><LI><a href="#[ad]">&gt;&gt;</a>&nbsp;&nbsp;&nbsp;__rt_lib_shutdown
</UL>

<P><STRONG><a name="[227]"></a>__rt_exit_prels_1</STRONG> (Thumb, 0 bytes, Stack size unknown bytes, rtexit2.o(.ARM.Collect$$rtexit$$00000002))

<P><STRONG><a name="[ae]"></a>__rt_exit_exit</STRONG> (Thumb, 0 bytes, Stack size unknown bytes, rtexit2.o(.ARM.Collect$$rtexit$$00000004))
<BR><BR>[Calls]<UL><LI><a href="#[af]">&gt;&gt;</a>&nbsp;&nbsp;&nbsp;_sys_exit
</UL>

<P><STRONG><a name="[228]"></a>WFI_SET</STRONG> (Thumb, 2 bytes, Stack size 0 bytes, sys.o(.emb_text), UNUSED)

<P><STRONG><a name="[142]"></a>INTX_DISABLE</STRONG> (Thumb, 4 bytes, Stack size 0 bytes, sys.o(.emb_text))
<BR><BR>[Called By]<UL><LI><a href="#[149]">&gt;&gt;</a>&nbsp;&nbsp;&nbsp;SD_WriteMultiBlocks
<LI><a href="#[147]">&gt;&gt;</a>&nbsp;&nbsp;&nbsp;SD_WriteBlock
<LI><a href="#[146]">&gt;&gt;</a>&nbsp;&nbsp;&nbsp;SD_ReadMultiBlocks
<LI><a href="#[140]">&gt;&gt;</a>&nbsp;&nbsp;&nbsp;SD_ReadBlock
</UL>

<P><STRONG><a name="[143]"></a>INTX_ENABLE</STRONG> (Thumb, 4 bytes, Stack size 0 bytes, sys.o(.emb_text))
<BR><BR>[Called By]<UL><LI><a href="#[149]">&gt;&gt;</a>&nbsp;&nbsp;&nbsp;SD_WriteMultiBlocks
<LI><a href="#[147]">&gt;&gt;</a>&nbsp;&nbsp;&nbsp;SD_WriteBlock
<LI><a href="#[146]">&gt;&gt;</a>&nbsp;&nbsp;&nbsp;SD_ReadMultiBlocks
<LI><a href="#[140]">&gt;&gt;</a>&nbsp;&nbsp;&nbsp;SD_ReadBlock
</UL>

<P><STRONG><a name="[229]"></a>MSR_MSP</STRONG> (Thumb, 6 bytes, Stack size 0 bytes, sys.o(.emb_text), UNUSED)

<P><STRONG><a name="[15]"></a>Reset_Handler</STRONG> (Thumb, 8 bytes, Stack size 0 bytes, startup_stm32f40_41xxx.o(.text))
<BR>[Address Reference Count : 1]<UL><LI> startup_stm32f40_41xxx.o(RESET)
</UL>
<P><STRONG><a name="[31]"></a>ADC_IRQHandler</STRONG> (Thumb, 0 bytes, Stack size 0 bytes, startup_stm32f40_41xxx.o(.text))
<BR><BR>[Calls]<UL><LI><a href="#[31]">&gt;&gt;</a>&nbsp;&nbsp;&nbsp;ADC_IRQHandler
</UL>
<BR>[Called By]<UL><LI><a href="#[31]">&gt;&gt;</a>&nbsp;&nbsp;&nbsp;ADC_IRQHandler
</UL>
<BR>[Address Reference Count : 1]<UL><LI> startup_stm32f40_41xxx.o(RESET)
</UL>
<P><STRONG><a name="[33]"></a>CAN1_RX0_IRQHandler</STRONG> (Thumb, 0 bytes, Stack size 0 bytes, startup_stm32f40_41xxx.o(.text))
<BR>[Address Reference Count : 1]<UL><LI> startup_stm32f40_41xxx.o(RESET)
</UL>
<P><STRONG><a name="[34]"></a>CAN1_RX1_IRQHandler</STRONG> (Thumb, 0 bytes, Stack size 0 bytes, startup_stm32f40_41xxx.o(.text))
<BR>[Address Reference Count : 1]<UL><LI> startup_stm32f40_41xxx.o(RESET)
</UL>
<P><STRONG><a name="[35]"></a>CAN1_SCE_IRQHandler</STRONG> (Thumb, 0 bytes, Stack size 0 bytes, startup_stm32f40_41xxx.o(.text))
<BR>[Address Reference Count : 1]<UL><LI> startup_stm32f40_41xxx.o(RESET)
</UL>
<P><STRONG><a name="[32]"></a>CAN1_TX_IRQHandler</STRONG> (Thumb, 0 bytes, Stack size 0 bytes, startup_stm32f40_41xxx.o(.text))
<BR>[Address Reference Count : 1]<UL><LI> startup_stm32f40_41xxx.o(RESET)
</UL>
<P><STRONG><a name="[5f]"></a>CAN2_RX0_IRQHandler</STRONG> (Thumb, 0 bytes, Stack size 0 bytes, startup_stm32f40_41xxx.o(.text))
<BR>[Address Reference Count : 1]<UL><LI> startup_stm32f40_41xxx.o(RESET)
</UL>
<P><STRONG><a name="[60]"></a>CAN2_RX1_IRQHandler</STRONG> (Thumb, 0 bytes, Stack size 0 bytes, startup_stm32f40_41xxx.o(.text))
<BR>[Address Reference Count : 1]<UL><LI> startup_stm32f40_41xxx.o(RESET)
</UL>
<P><STRONG><a name="[61]"></a>CAN2_SCE_IRQHandler</STRONG> (Thumb, 0 bytes, Stack size 0 bytes, startup_stm32f40_41xxx.o(.text))
<BR>[Address Reference Count : 1]<UL><LI> startup_stm32f40_41xxx.o(RESET)
</UL>
<P><STRONG><a name="[5e]"></a>CAN2_TX_IRQHandler</STRONG> (Thumb, 0 bytes, Stack size 0 bytes, startup_stm32f40_41xxx.o(.text))
<BR>[Address Reference Count : 1]<UL><LI> startup_stm32f40_41xxx.o(RESET)
</UL>
<P><STRONG><a name="[6e]"></a>CRYP_IRQHandler</STRONG> (Thumb, 0 bytes, Stack size 0 bytes, startup_stm32f40_41xxx.o(.text))
<BR>[Address Reference Count : 1]<UL><LI> startup_stm32f40_41xxx.o(RESET)
</UL>
<P><STRONG><a name="[6d]"></a>DCMI_IRQHandler</STRONG> (Thumb, 0 bytes, Stack size 0 bytes, startup_stm32f40_41xxx.o(.text))
<BR>[Address Reference Count : 1]<UL><LI> startup_stm32f40_41xxx.o(RESET)
</UL>
<P><STRONG><a name="[2a]"></a>DMA1_Stream0_IRQHandler</STRONG> (Thumb, 0 bytes, Stack size 0 bytes, startup_stm32f40_41xxx.o(.text))
<BR>[Address Reference Count : 1]<UL><LI> startup_stm32f40_41xxx.o(RESET)
</UL>
<P><STRONG><a name="[2b]"></a>DMA1_Stream1_IRQHandler</STRONG> (Thumb, 0 bytes, Stack size 0 bytes, startup_stm32f40_41xxx.o(.text))
<BR>[Address Reference Count : 1]<UL><LI> startup_stm32f40_41xxx.o(RESET)
</UL>
<P><STRONG><a name="[2c]"></a>DMA1_Stream2_IRQHandler</STRONG> (Thumb, 0 bytes, Stack size 0 bytes, startup_stm32f40_41xxx.o(.text))
<BR>[Address Reference Count : 1]<UL><LI> startup_stm32f40_41xxx.o(RESET)
</UL>
<P><STRONG><a name="[2d]"></a>DMA1_Stream3_IRQHandler</STRONG> (Thumb, 0 bytes, Stack size 0 bytes, startup_stm32f40_41xxx.o(.text))
<BR>[Address Reference Count : 1]<UL><LI> startup_stm32f40_41xxx.o(RESET)
</UL>
<P><STRONG><a name="[2e]"></a>DMA1_Stream4_IRQHandler</STRONG> (Thumb, 0 bytes, Stack size 0 bytes, startup_stm32f40_41xxx.o(.text))
<BR>[Address Reference Count : 1]<UL><LI> startup_stm32f40_41xxx.o(RESET)
</UL>
<P><STRONG><a name="[2f]"></a>DMA1_Stream5_IRQHandler</STRONG> (Thumb, 0 bytes, Stack size 0 bytes, startup_stm32f40_41xxx.o(.text))
<BR>[Address Reference Count : 1]<UL><LI> startup_stm32f40_41xxx.o(RESET)
</UL>
<P><STRONG><a name="[30]"></a>DMA1_Stream6_IRQHandler</STRONG> (Thumb, 0 bytes, Stack size 0 bytes, startup_stm32f40_41xxx.o(.text))
<BR>[Address Reference Count : 1]<UL><LI> startup_stm32f40_41xxx.o(RESET)
</UL>
<P><STRONG><a name="[4e]"></a>DMA1_Stream7_IRQHandler</STRONG> (Thumb, 0 bytes, Stack size 0 bytes, startup_stm32f40_41xxx.o(.text))
<BR>[Address Reference Count : 1]<UL><LI> startup_stm32f40_41xxx.o(RESET)
</UL>
<P><STRONG><a name="[57]"></a>DMA2_Stream0_IRQHandler</STRONG> (Thumb, 0 bytes, Stack size 0 bytes, startup_stm32f40_41xxx.o(.text))
<BR>[Address Reference Count : 1]<UL><LI> startup_stm32f40_41xxx.o(RESET)
</UL>
<P><STRONG><a name="[58]"></a>DMA2_Stream1_IRQHandler</STRONG> (Thumb, 0 bytes, Stack size 0 bytes, startup_stm32f40_41xxx.o(.text))
<BR>[Address Reference Count : 1]<UL><LI> startup_stm32f40_41xxx.o(RESET)
</UL>
<P><STRONG><a name="[59]"></a>DMA2_Stream2_IRQHandler</STRONG> (Thumb, 0 bytes, Stack size 0 bytes, startup_stm32f40_41xxx.o(.text))
<BR>[Address Reference Count : 1]<UL><LI> startup_stm32f40_41xxx.o(RESET)
</UL>
<P><STRONG><a name="[5a]"></a>DMA2_Stream3_IRQHandler</STRONG> (Thumb, 0 bytes, Stack size 0 bytes, startup_stm32f40_41xxx.o(.text))
<BR>[Address Reference Count : 1]<UL><LI> startup_stm32f40_41xxx.o(RESET)
</UL>
<P><STRONG><a name="[5b]"></a>DMA2_Stream4_IRQHandler</STRONG> (Thumb, 0 bytes, Stack size 0 bytes, startup_stm32f40_41xxx.o(.text))
<BR>[Address Reference Count : 1]<UL><LI> startup_stm32f40_41xxx.o(RESET)
</UL>
<P><STRONG><a name="[63]"></a>DMA2_Stream5_IRQHandler</STRONG> (Thumb, 0 bytes, Stack size 0 bytes, startup_stm32f40_41xxx.o(.text))
<BR>[Address Reference Count : 1]<UL><LI> startup_stm32f40_41xxx.o(RESET)
</UL>
<P><STRONG><a name="[64]"></a>DMA2_Stream6_IRQHandler</STRONG> (Thumb, 0 bytes, Stack size 0 bytes, startup_stm32f40_41xxx.o(.text))
<BR>[Address Reference Count : 1]<UL><LI> startup_stm32f40_41xxx.o(RESET)
</UL>
<P><STRONG><a name="[65]"></a>DMA2_Stream7_IRQHandler</STRONG> (Thumb, 0 bytes, Stack size 0 bytes, startup_stm32f40_41xxx.o(.text))
<BR>[Address Reference Count : 1]<UL><LI> startup_stm32f40_41xxx.o(RESET)
</UL>
<P><STRONG><a name="[5c]"></a>ETH_IRQHandler</STRONG> (Thumb, 0 bytes, Stack size 0 bytes, startup_stm32f40_41xxx.o(.text))
<BR>[Address Reference Count : 1]<UL><LI> startup_stm32f40_41xxx.o(RESET)
</UL>
<P><STRONG><a name="[5d]"></a>ETH_WKUP_IRQHandler</STRONG> (Thumb, 0 bytes, Stack size 0 bytes, startup_stm32f40_41xxx.o(.text))
<BR>[Address Reference Count : 1]<UL><LI> startup_stm32f40_41xxx.o(RESET)
</UL>
<P><STRONG><a name="[25]"></a>EXTI0_IRQHandler</STRONG> (Thumb, 0 bytes, Stack size 0 bytes, startup_stm32f40_41xxx.o(.text))
<BR>[Address Reference Count : 1]<UL><LI> startup_stm32f40_41xxx.o(RESET)
</UL>
<P><STRONG><a name="[47]"></a>EXTI15_10_IRQHandler</STRONG> (Thumb, 0 bytes, Stack size 0 bytes, startup_stm32f40_41xxx.o(.text))
<BR>[Address Reference Count : 1]<UL><LI> startup_stm32f40_41xxx.o(RESET)
</UL>
<P><STRONG><a name="[26]"></a>EXTI1_IRQHandler</STRONG> (Thumb, 0 bytes, Stack size 0 bytes, startup_stm32f40_41xxx.o(.text))
<BR>[Address Reference Count : 1]<UL><LI> startup_stm32f40_41xxx.o(RESET)
</UL>
<P><STRONG><a name="[27]"></a>EXTI2_IRQHandler</STRONG> (Thumb, 0 bytes, Stack size 0 bytes, startup_stm32f40_41xxx.o(.text))
<BR>[Address Reference Count : 1]<UL><LI> startup_stm32f40_41xxx.o(RESET)
</UL>
<P><STRONG><a name="[28]"></a>EXTI3_IRQHandler</STRONG> (Thumb, 0 bytes, Stack size 0 bytes, startup_stm32f40_41xxx.o(.text))
<BR>[Address Reference Count : 1]<UL><LI> startup_stm32f40_41xxx.o(RESET)
</UL>
<P><STRONG><a name="[29]"></a>EXTI4_IRQHandler</STRONG> (Thumb, 0 bytes, Stack size 0 bytes, startup_stm32f40_41xxx.o(.text))
<BR>[Address Reference Count : 1]<UL><LI> startup_stm32f40_41xxx.o(RESET)
</UL>
<P><STRONG><a name="[36]"></a>EXTI9_5_IRQHandler</STRONG> (Thumb, 0 bytes, Stack size 0 bytes, startup_stm32f40_41xxx.o(.text))
<BR>[Address Reference Count : 1]<UL><LI> startup_stm32f40_41xxx.o(RESET)
</UL>
<P><STRONG><a name="[23]"></a>FLASH_IRQHandler</STRONG> (Thumb, 0 bytes, Stack size 0 bytes, startup_stm32f40_41xxx.o(.text))
<BR>[Address Reference Count : 1]<UL><LI> startup_stm32f40_41xxx.o(RESET)
</UL>
<P><STRONG><a name="[70]"></a>FPU_IRQHandler</STRONG> (Thumb, 0 bytes, Stack size 0 bytes, startup_stm32f40_41xxx.o(.text))
<BR>[Address Reference Count : 1]<UL><LI> startup_stm32f40_41xxx.o(RESET)
</UL>
<P><STRONG><a name="[4f]"></a>FSMC_IRQHandler</STRONG> (Thumb, 0 bytes, Stack size 0 bytes, startup_stm32f40_41xxx.o(.text))
<BR>[Address Reference Count : 1]<UL><LI> startup_stm32f40_41xxx.o(RESET)
</UL>
<P><STRONG><a name="[6f]"></a>HASH_RNG_IRQHandler</STRONG> (Thumb, 0 bytes, Stack size 0 bytes, startup_stm32f40_41xxx.o(.text))
<BR>[Address Reference Count : 1]<UL><LI> startup_stm32f40_41xxx.o(RESET)
</UL>
<P><STRONG><a name="[3f]"></a>I2C1_ER_IRQHandler</STRONG> (Thumb, 0 bytes, Stack size 0 bytes, startup_stm32f40_41xxx.o(.text))
<BR>[Address Reference Count : 1]<UL><LI> startup_stm32f40_41xxx.o(RESET)
</UL>
<P><STRONG><a name="[3e]"></a>I2C1_EV_IRQHandler</STRONG> (Thumb, 0 bytes, Stack size 0 bytes, startup_stm32f40_41xxx.o(.text))
<BR>[Address Reference Count : 1]<UL><LI> startup_stm32f40_41xxx.o(RESET)
</UL>
<P><STRONG><a name="[41]"></a>I2C2_ER_IRQHandler</STRONG> (Thumb, 0 bytes, Stack size 0 bytes, startup_stm32f40_41xxx.o(.text))
<BR>[Address Reference Count : 1]<UL><LI> startup_stm32f40_41xxx.o(RESET)
</UL>
<P><STRONG><a name="[40]"></a>I2C2_EV_IRQHandler</STRONG> (Thumb, 0 bytes, Stack size 0 bytes, startup_stm32f40_41xxx.o(.text))
<BR>[Address Reference Count : 1]<UL><LI> startup_stm32f40_41xxx.o(RESET)
</UL>
<P><STRONG><a name="[68]"></a>I2C3_ER_IRQHandler</STRONG> (Thumb, 0 bytes, Stack size 0 bytes, startup_stm32f40_41xxx.o(.text))
<BR>[Address Reference Count : 1]<UL><LI> startup_stm32f40_41xxx.o(RESET)
</UL>
<P><STRONG><a name="[67]"></a>I2C3_EV_IRQHandler</STRONG> (Thumb, 0 bytes, Stack size 0 bytes, startup_stm32f40_41xxx.o(.text))
<BR>[Address Reference Count : 1]<UL><LI> startup_stm32f40_41xxx.o(RESET)
</UL>
<P><STRONG><a name="[62]"></a>OTG_FS_IRQHandler</STRONG> (Thumb, 0 bytes, Stack size 0 bytes, startup_stm32f40_41xxx.o(.text))
<BR>[Address Reference Count : 1]<UL><LI> startup_stm32f40_41xxx.o(RESET)
</UL>
<P><STRONG><a name="[49]"></a>OTG_FS_WKUP_IRQHandler</STRONG> (Thumb, 0 bytes, Stack size 0 bytes, startup_stm32f40_41xxx.o(.text))
<BR>[Address Reference Count : 1]<UL><LI> startup_stm32f40_41xxx.o(RESET)
</UL>
<P><STRONG><a name="[6a]"></a>OTG_HS_EP1_IN_IRQHandler</STRONG> (Thumb, 0 bytes, Stack size 0 bytes, startup_stm32f40_41xxx.o(.text))
<BR>[Address Reference Count : 1]<UL><LI> startup_stm32f40_41xxx.o(RESET)
</UL>
<P><STRONG><a name="[69]"></a>OTG_HS_EP1_OUT_IRQHandler</STRONG> (Thumb, 0 bytes, Stack size 0 bytes, startup_stm32f40_41xxx.o(.text))
<BR>[Address Reference Count : 1]<UL><LI> startup_stm32f40_41xxx.o(RESET)
</UL>
<P><STRONG><a name="[6c]"></a>OTG_HS_IRQHandler</STRONG> (Thumb, 0 bytes, Stack size 0 bytes, startup_stm32f40_41xxx.o(.text))
<BR>[Address Reference Count : 1]<UL><LI> startup_stm32f40_41xxx.o(RESET)
</UL>
<P><STRONG><a name="[6b]"></a>OTG_HS_WKUP_IRQHandler</STRONG> (Thumb, 0 bytes, Stack size 0 bytes, startup_stm32f40_41xxx.o(.text))
<BR>[Address Reference Count : 1]<UL><LI> startup_stm32f40_41xxx.o(RESET)
</UL>
<P><STRONG><a name="[20]"></a>PVD_IRQHandler</STRONG> (Thumb, 0 bytes, Stack size 0 bytes, startup_stm32f40_41xxx.o(.text))
<BR>[Address Reference Count : 1]<UL><LI> startup_stm32f40_41xxx.o(RESET)
</UL>
<P><STRONG><a name="[24]"></a>RCC_IRQHandler</STRONG> (Thumb, 0 bytes, Stack size 0 bytes, startup_stm32f40_41xxx.o(.text))
<BR>[Address Reference Count : 1]<UL><LI> startup_stm32f40_41xxx.o(RESET)
</UL>
<P><STRONG><a name="[48]"></a>RTC_Alarm_IRQHandler</STRONG> (Thumb, 0 bytes, Stack size 0 bytes, startup_stm32f40_41xxx.o(.text))
<BR>[Address Reference Count : 1]<UL><LI> startup_stm32f40_41xxx.o(RESET)
</UL>
<P><STRONG><a name="[22]"></a>RTC_WKUP_IRQHandler</STRONG> (Thumb, 0 bytes, Stack size 0 bytes, startup_stm32f40_41xxx.o(.text))
<BR>[Address Reference Count : 1]<UL><LI> startup_stm32f40_41xxx.o(RESET)
</UL>
<P><STRONG><a name="[42]"></a>SPI1_IRQHandler</STRONG> (Thumb, 0 bytes, Stack size 0 bytes, startup_stm32f40_41xxx.o(.text))
<BR>[Address Reference Count : 1]<UL><LI> startup_stm32f40_41xxx.o(RESET)
</UL>
<P><STRONG><a name="[43]"></a>SPI2_IRQHandler</STRONG> (Thumb, 0 bytes, Stack size 0 bytes, startup_stm32f40_41xxx.o(.text))
<BR>[Address Reference Count : 1]<UL><LI> startup_stm32f40_41xxx.o(RESET)
</UL>
<P><STRONG><a name="[52]"></a>SPI3_IRQHandler</STRONG> (Thumb, 0 bytes, Stack size 0 bytes, startup_stm32f40_41xxx.o(.text))
<BR>[Address Reference Count : 1]<UL><LI> startup_stm32f40_41xxx.o(RESET)
</UL>
<P><STRONG><a name="[21]"></a>TAMP_STAMP_IRQHandler</STRONG> (Thumb, 0 bytes, Stack size 0 bytes, startup_stm32f40_41xxx.o(.text))
<BR>[Address Reference Count : 1]<UL><LI> startup_stm32f40_41xxx.o(RESET)
</UL>
<P><STRONG><a name="[37]"></a>TIM1_BRK_TIM9_IRQHandler</STRONG> (Thumb, 0 bytes, Stack size 0 bytes, startup_stm32f40_41xxx.o(.text))
<BR>[Address Reference Count : 1]<UL><LI> startup_stm32f40_41xxx.o(RESET)
</UL>
<P><STRONG><a name="[3a]"></a>TIM1_CC_IRQHandler</STRONG> (Thumb, 0 bytes, Stack size 0 bytes, startup_stm32f40_41xxx.o(.text))
<BR>[Address Reference Count : 1]<UL><LI> startup_stm32f40_41xxx.o(RESET)
</UL>
<P><STRONG><a name="[39]"></a>TIM1_TRG_COM_TIM11_IRQHandler</STRONG> (Thumb, 0 bytes, Stack size 0 bytes, startup_stm32f40_41xxx.o(.text))
<BR>[Address Reference Count : 1]<UL><LI> startup_stm32f40_41xxx.o(RESET)
</UL>
<P><STRONG><a name="[38]"></a>TIM1_UP_TIM10_IRQHandler</STRONG> (Thumb, 0 bytes, Stack size 0 bytes, startup_stm32f40_41xxx.o(.text))
<BR>[Address Reference Count : 1]<UL><LI> startup_stm32f40_41xxx.o(RESET)
</UL>
<P><STRONG><a name="[3b]"></a>TIM2_IRQHandler</STRONG> (Thumb, 0 bytes, Stack size 0 bytes, startup_stm32f40_41xxx.o(.text))
<BR>[Address Reference Count : 1]<UL><LI> startup_stm32f40_41xxx.o(RESET)
</UL>
<P><STRONG><a name="[3c]"></a>TIM3_IRQHandler</STRONG> (Thumb, 0 bytes, Stack size 0 bytes, startup_stm32f40_41xxx.o(.text))
<BR>[Address Reference Count : 1]<UL><LI> startup_stm32f40_41xxx.o(RESET)
</UL>
<P><STRONG><a name="[51]"></a>TIM5_IRQHandler</STRONG> (Thumb, 0 bytes, Stack size 0 bytes, startup_stm32f40_41xxx.o(.text))
<BR>[Address Reference Count : 1]<UL><LI> startup_stm32f40_41xxx.o(RESET)
</UL>
<P><STRONG><a name="[55]"></a>TIM6_DAC_IRQHandler</STRONG> (Thumb, 0 bytes, Stack size 0 bytes, startup_stm32f40_41xxx.o(.text))
<BR>[Address Reference Count : 1]<UL><LI> startup_stm32f40_41xxx.o(RESET)
</UL>
<P><STRONG><a name="[4a]"></a>TIM8_BRK_TIM12_IRQHandler</STRONG> (Thumb, 0 bytes, Stack size 0 bytes, startup_stm32f40_41xxx.o(.text))
<BR>[Address Reference Count : 1]<UL><LI> startup_stm32f40_41xxx.o(RESET)
</UL>
<P><STRONG><a name="[4d]"></a>TIM8_CC_IRQHandler</STRONG> (Thumb, 0 bytes, Stack size 0 bytes, startup_stm32f40_41xxx.o(.text))
<BR>[Address Reference Count : 1]<UL><LI> startup_stm32f40_41xxx.o(RESET)
</UL>
<P><STRONG><a name="[4c]"></a>TIM8_TRG_COM_TIM14_IRQHandler</STRONG> (Thumb, 0 bytes, Stack size 0 bytes, startup_stm32f40_41xxx.o(.text))
<BR>[Address Reference Count : 1]<UL><LI> startup_stm32f40_41xxx.o(RESET)
</UL>
<P><STRONG><a name="[4b]"></a>TIM8_UP_TIM13_IRQHandler</STRONG> (Thumb, 0 bytes, Stack size 0 bytes, startup_stm32f40_41xxx.o(.text))
<BR>[Address Reference Count : 1]<UL><LI> startup_stm32f40_41xxx.o(RESET)
</UL>
<P><STRONG><a name="[66]"></a>USART6_IRQHandler</STRONG> (Thumb, 0 bytes, Stack size 0 bytes, startup_stm32f40_41xxx.o(.text))
<BR>[Address Reference Count : 1]<UL><LI> startup_stm32f40_41xxx.o(RESET)
</UL>
<P><STRONG><a name="[1f]"></a>WWDG_IRQHandler</STRONG> (Thumb, 0 bytes, Stack size 0 bytes, startup_stm32f40_41xxx.o(.text))
<BR>[Address Reference Count : 1]<UL><LI> startup_stm32f40_41xxx.o(RESET)
</UL>
<P><STRONG><a name="[e1]"></a>__user_initial_stackheap</STRONG> (Thumb, 0 bytes, Stack size unknown bytes, startup_stm32f40_41xxx.o(.text))
<BR><BR>[Called By]<UL><LI><a href="#[a6]">&gt;&gt;</a>&nbsp;&nbsp;&nbsp;__user_setup_stackheap
</UL>

<P><STRONG><a name="[22a]"></a>__use_no_semihosting</STRONG> (Thumb, 2 bytes, Stack size 0 bytes, use_no_semi_2.o(.text), UNUSED)

<P><STRONG><a name="[b0]"></a>tolower</STRONG> (Thumb, 26 bytes, Stack size 8 bytes, tolower.o(.text))
<BR><BR>[Stack]<UL><LI>Max Depth = 16<LI>Call Chain = tolower &rArr; __rt_ctype_table
</UL>
<BR>[Calls]<UL><LI><a href="#[b1]">&gt;&gt;</a>&nbsp;&nbsp;&nbsp;__rt_ctype_table
</UL>
<BR>[Called By]<UL><LI><a href="#[198]">&gt;&gt;</a>&nbsp;&nbsp;&nbsp;cJSON_strcasecmp
</UL>

<P><STRONG><a name="[b2]"></a>__c89vsprintf</STRONG> (Thumb, 32 bytes, Stack size 16 bytes, c89vsprintf.o(.text))
<BR><BR>[Stack]<UL><LI>Max Depth = 120 + Unknown Stack Size
<LI>Call Chain = __c89vsprintf &rArr; _printf_char_common &rArr; __printf
</UL>
<BR>[Calls]<UL><LI><a href="#[73]">&gt;&gt;</a>&nbsp;&nbsp;&nbsp;_sputc
<LI><a href="#[b3]">&gt;&gt;</a>&nbsp;&nbsp;&nbsp;_printf_char_common
</UL>
<BR>[Called By]<UL><LI><a href="#[172]">&gt;&gt;</a>&nbsp;&nbsp;&nbsp;u3_printf
</UL>

<P><STRONG><a name="[b4]"></a>__2printf</STRONG> (Thumb, 20 bytes, Stack size 24 bytes, __2printf.o(.text))
<BR><BR>[Stack]<UL><LI>Max Depth = 144 + Unknown Stack Size
<LI>Call Chain = __2printf &rArr; _printf_char_file &rArr; _printf_char_common &rArr; __printf
</UL>
<BR>[Calls]<UL><LI><a href="#[b5]">&gt;&gt;</a>&nbsp;&nbsp;&nbsp;_printf_char_file
</UL>
<BR>[Called By]<UL><LI><a href="#[1bf]">&gt;&gt;</a>&nbsp;&nbsp;&nbsp;wifi_Init
<LI><a href="#[1c0]">&gt;&gt;</a>&nbsp;&nbsp;&nbsp;sendMasterID2S
<LI><a href="#[1c1]">&gt;&gt;</a>&nbsp;&nbsp;&nbsp;parseOrderFromS
<LI><a href="#[f3]">&gt;&gt;</a>&nbsp;&nbsp;&nbsp;AIWAC_MasterGetGoods
<LI><a href="#[127]">&gt;&gt;</a>&nbsp;&nbsp;&nbsp;PaserGoodsGetter_State
<LI><a href="#[126]">&gt;&gt;</a>&nbsp;&nbsp;&nbsp;PaserCar2_State
<LI><a href="#[11f]">&gt;&gt;</a>&nbsp;&nbsp;&nbsp;PaserCar1_State
<LI><a href="#[166]">&gt;&gt;</a>&nbsp;&nbsp;&nbsp;W25QXX_Erase_Sector
<LI><a href="#[1e8]">&gt;&gt;</a>&nbsp;&nbsp;&nbsp;usmart_sys_cmd_exe
<LI><a href="#[12]">&gt;&gt;</a>&nbsp;&nbsp;&nbsp;usmart_scan
<LI><a href="#[11]">&gt;&gt;</a>&nbsp;&nbsp;&nbsp;usmart_exe
<LI><a href="#[193]">&gt;&gt;</a>&nbsp;&nbsp;&nbsp;atk_8266_wifista_test
<LI><a href="#[192]">&gt;&gt;</a>&nbsp;&nbsp;&nbsp;atk_8266_test
<LI><a href="#[d]">&gt;&gt;</a>&nbsp;&nbsp;&nbsp;atk_8266_send_cmd
<LI><a href="#[18f]">&gt;&gt;</a>&nbsp;&nbsp;&nbsp;atk_8266_at_response
<LI><a href="#[f6]">&gt;&gt;</a>&nbsp;&nbsp;&nbsp;waitingSSendLocation
<LI><a href="#[f5]">&gt;&gt;</a>&nbsp;&nbsp;&nbsp;waitingSAskState
<LI><a href="#[115]">&gt;&gt;</a>&nbsp;&nbsp;&nbsp;waitingGetterLosePan
<LI><a href="#[111]">&gt;&gt;</a>&nbsp;&nbsp;&nbsp;waitingGetterLoseGoods
<LI><a href="#[1eb]">&gt;&gt;</a>&nbsp;&nbsp;&nbsp;waitingGetterGotGoods
<LI><a href="#[1b8]">&gt;&gt;</a>&nbsp;&nbsp;&nbsp;sendTuringOrder
<LI><a href="#[110]">&gt;&gt;</a>&nbsp;&nbsp;&nbsp;notifyGoodsGetterLoseGoods
<LI><a href="#[1c6]">&gt;&gt;</a>&nbsp;&nbsp;&nbsp;notifyGoodsGetterLocation
<LI><a href="#[114]">&gt;&gt;</a>&nbsp;&nbsp;&nbsp;notifyGoodsGetterDropPan
<LI><a href="#[1b6]">&gt;&gt;</a>&nbsp;&nbsp;&nbsp;goStartTogether
<LI><a href="#[1b5]">&gt;&gt;</a>&nbsp;&nbsp;&nbsp;goGoalPosition
<LI><a href="#[1b3]">&gt;&gt;</a>&nbsp;&nbsp;&nbsp;feedbackStartGetGoods
<LI><a href="#[112]">&gt;&gt;</a>&nbsp;&nbsp;&nbsp;feedbackLoseGoodsResult
<LI><a href="#[1b2]">&gt;&gt;</a>&nbsp;&nbsp;&nbsp;feedbackGotOrder
<LI><a href="#[1b1]">&gt;&gt;</a>&nbsp;&nbsp;&nbsp;feedbackGotGoodsResult
<LI><a href="#[117]">&gt;&gt;</a>&nbsp;&nbsp;&nbsp;feedbackGoInit
<LI><a href="#[116]">&gt;&gt;</a>&nbsp;&nbsp;&nbsp;controlCarToInitSpace
<LI><a href="#[1a4]">&gt;&gt;</a>&nbsp;&nbsp;&nbsp;controlCarToGoodsSpace
<LI><a href="#[10f]">&gt;&gt;</a>&nbsp;&nbsp;&nbsp;controlCarToGate
<LI><a href="#[113]">&gt;&gt;</a>&nbsp;&nbsp;&nbsp;controlCarToDropPan
<LI><a href="#[19e]">&gt;&gt;</a>&nbsp;&nbsp;&nbsp;checkSysState
<LI><a href="#[18c]">&gt;&gt;</a>&nbsp;&nbsp;&nbsp;askState2other
<LI><a href="#[f8]">&gt;&gt;</a>&nbsp;&nbsp;&nbsp;DropPan
<LI><a href="#[f7]">&gt;&gt;</a>&nbsp;&nbsp;&nbsp;DropGoods
</UL>

<P><STRONG><a name="[b6]"></a>__2sprintf</STRONG> (Thumb, 38 bytes, Stack size 32 bytes, __2sprintf.o(.text))
<BR><BR>[Stack]<UL><LI>Max Depth = 136 + Unknown Stack Size
<LI>Call Chain = __2sprintf &rArr; _printf_char_common &rArr; __printf
</UL>
<BR>[Calls]<UL><LI><a href="#[73]">&gt;&gt;</a>&nbsp;&nbsp;&nbsp;_sputc
<LI><a href="#[b3]">&gt;&gt;</a>&nbsp;&nbsp;&nbsp;_printf_char_common
</UL>
<BR>[Called By]<UL><LI><a href="#[193]">&gt;&gt;</a>&nbsp;&nbsp;&nbsp;atk_8266_wifista_test
<LI><a href="#[1b2]">&gt;&gt;</a>&nbsp;&nbsp;&nbsp;feedbackGotOrder
<LI><a href="#[1d1]">&gt;&gt;</a>&nbsp;&nbsp;&nbsp;print_string_ptr
<LI><a href="#[1ce]">&gt;&gt;</a>&nbsp;&nbsp;&nbsp;print_number
</UL>

<P><STRONG><a name="[b8]"></a>_printf_pre_padding</STRONG> (Thumb, 44 bytes, Stack size 16 bytes, _printf_pad.o(.text))
<BR><BR>[Stack]<UL><LI>Max Depth = 16<LI>Call Chain = _printf_pre_padding
</UL>
<BR>[Called By]<UL><LI><a href="#[d4]">&gt;&gt;</a>&nbsp;&nbsp;&nbsp;_printf_fp_infnan
<LI><a href="#[d7]">&gt;&gt;</a>&nbsp;&nbsp;&nbsp;_printf_wctomb
<LI><a href="#[d2]">&gt;&gt;</a>&nbsp;&nbsp;&nbsp;_printf_fp_dec_real
<LI><a href="#[bc]">&gt;&gt;</a>&nbsp;&nbsp;&nbsp;_printf_int_common
<LI><a href="#[b7]">&gt;&gt;</a>&nbsp;&nbsp;&nbsp;_printf_str
</UL>

<P><STRONG><a name="[b9]"></a>_printf_post_padding</STRONG> (Thumb, 34 bytes, Stack size 16 bytes, _printf_pad.o(.text))
<BR><BR>[Stack]<UL><LI>Max Depth = 16<LI>Call Chain = _printf_post_padding
</UL>
<BR>[Called By]<UL><LI><a href="#[d4]">&gt;&gt;</a>&nbsp;&nbsp;&nbsp;_printf_fp_infnan
<LI><a href="#[d7]">&gt;&gt;</a>&nbsp;&nbsp;&nbsp;_printf_wctomb
<LI><a href="#[d2]">&gt;&gt;</a>&nbsp;&nbsp;&nbsp;_printf_fp_dec_real
<LI><a href="#[bc]">&gt;&gt;</a>&nbsp;&nbsp;&nbsp;_printf_int_common
<LI><a href="#[b7]">&gt;&gt;</a>&nbsp;&nbsp;&nbsp;_printf_str
</UL>

<P><STRONG><a name="[b7]"></a>_printf_str</STRONG> (Thumb, 82 bytes, Stack size 16 bytes, _printf_str.o(.text))
<BR><BR>[Stack]<UL><LI>Max Depth = 32<LI>Call Chain = _printf_str &rArr; _printf_post_padding
</UL>
<BR>[Calls]<UL><LI><a href="#[b9]">&gt;&gt;</a>&nbsp;&nbsp;&nbsp;_printf_post_padding
<LI><a href="#[b8]">&gt;&gt;</a>&nbsp;&nbsp;&nbsp;_printf_pre_padding
</UL>
<BR>[Called By]<UL><LI><a href="#[d5]">&gt;&gt;</a>&nbsp;&nbsp;&nbsp;_printf_cs_common
</UL>

<P><STRONG><a name="[87]"></a>_printf_int_dec</STRONG> (Thumb, 104 bytes, Stack size 24 bytes, _printf_dec.o(.text))
<BR><BR>[Stack]<UL><LI>Max Depth = 72<LI>Call Chain = _printf_int_dec &rArr; _printf_int_common &rArr; _printf_post_padding
</UL>
<BR>[Calls]<UL><LI><a href="#[bc]">&gt;&gt;</a>&nbsp;&nbsp;&nbsp;_printf_int_common
<LI><a href="#[bb]">&gt;&gt;</a>&nbsp;&nbsp;&nbsp;_printf_truncate_unsigned
<LI><a href="#[ba]">&gt;&gt;</a>&nbsp;&nbsp;&nbsp;_printf_truncate_signed
</UL>
<BR>[Called By]<UL><LI><a href="#[86]">&gt;&gt;</a>&nbsp;&nbsp;&nbsp;_printf_i
<LI><a href="#[89]">&gt;&gt;</a>&nbsp;&nbsp;&nbsp;_printf_u
<LI><a href="#[88]">&gt;&gt;</a>&nbsp;&nbsp;&nbsp;_printf_d
</UL>

<P><STRONG><a name="[bd]"></a>_printf_longlong_hex</STRONG> (Thumb, 86 bytes, Stack size 16 bytes, _printf_hex_int_ll_ptr.o(.text))
<BR><BR>[Stack]<UL><LI>Max Depth = 64<LI>Call Chain = _printf_longlong_hex &rArr; _printf_int_common &rArr; _printf_post_padding
</UL>
<BR>[Calls]<UL><LI><a href="#[bc]">&gt;&gt;</a>&nbsp;&nbsp;&nbsp;_printf_int_common
</UL>
<BR>[Called By]<UL><LI><a href="#[81]">&gt;&gt;</a>&nbsp;&nbsp;&nbsp;_printf_hex_ptr
<LI><a href="#[95]">&gt;&gt;</a>&nbsp;&nbsp;&nbsp;_printf_ll_hex
<LI><a href="#[8d]">&gt;&gt;</a>&nbsp;&nbsp;&nbsp;_printf_int_hex
</UL>

<P><STRONG><a name="[8d]"></a>_printf_int_hex</STRONG> (Thumb, 28 bytes, Stack size 16 bytes, _printf_hex_int_ll_ptr.o(.text))
<BR><BR>[Stack]<UL><LI>Max Depth = 80<LI>Call Chain = _printf_int_hex &rArr; _printf_longlong_hex &rArr; _printf_int_common &rArr; _printf_post_padding
</UL>
<BR>[Calls]<UL><LI><a href="#[bb]">&gt;&gt;</a>&nbsp;&nbsp;&nbsp;_printf_truncate_unsigned
<LI><a href="#[bd]">&gt;&gt;</a>&nbsp;&nbsp;&nbsp;_printf_longlong_hex
</UL>
<BR>[Called By]<UL><LI><a href="#[8c]">&gt;&gt;</a>&nbsp;&nbsp;&nbsp;_printf_x
</UL>

<P><STRONG><a name="[95]"></a>_printf_ll_hex</STRONG> (Thumb, 12 bytes, Stack size 0 bytes, _printf_hex_int_ll_ptr.o(.text))
<BR><BR>[Stack]<UL><LI>Max Depth = 64<LI>Call Chain = _printf_ll_hex &rArr; _printf_longlong_hex &rArr; _printf_int_common &rArr; _printf_post_padding
</UL>
<BR>[Calls]<UL><LI><a href="#[bd]">&gt;&gt;</a>&nbsp;&nbsp;&nbsp;_printf_longlong_hex
</UL>
<BR>[Called By]<UL><LI><a href="#[94]">&gt;&gt;</a>&nbsp;&nbsp;&nbsp;_printf_llx
</UL>

<P><STRONG><a name="[81]"></a>_printf_hex_ptr</STRONG> (Thumb, 18 bytes, Stack size 0 bytes, _printf_hex_int_ll_ptr.o(.text))
<BR><BR>[Stack]<UL><LI>Max Depth = 64<LI>Call Chain = _printf_hex_ptr &rArr; _printf_longlong_hex &rArr; _printf_int_common &rArr; _printf_post_padding
</UL>
<BR>[Calls]<UL><LI><a href="#[bd]">&gt;&gt;</a>&nbsp;&nbsp;&nbsp;_printf_longlong_hex
</UL>
<BR>[Called By]<UL><LI><a href="#[80]">&gt;&gt;</a>&nbsp;&nbsp;&nbsp;_printf_p
</UL>

<P><STRONG><a name="[be]"></a>__printf</STRONG> (Thumb, 388 bytes, Stack size 40 bytes, __printf_flags_ss_wp.o(.text))
<BR><BR>[Stack]<UL><LI>Max Depth = 40 + Unknown Stack Size
<LI>Call Chain = __printf
</UL>
<BR>[Calls]<UL><LI><a href="#[c0]">&gt;&gt;</a>&nbsp;&nbsp;&nbsp;_printf_percent
<LI><a href="#[bf]">&gt;&gt;</a>&nbsp;&nbsp;&nbsp;_is_digit
</UL>
<BR>[Called By]<UL><LI><a href="#[b3]">&gt;&gt;</a>&nbsp;&nbsp;&nbsp;_printf_char_common
</UL>

<P><STRONG><a name="[c1]"></a>atoi</STRONG> (Thumb, 26 bytes, Stack size 16 bytes, atoi.o(.text))
<BR><BR>[Stack]<UL><LI>Max Depth = 88<LI>Call Chain = atoi &rArr; strtol &rArr; _strtoul
</UL>
<BR>[Calls]<UL><LI><a href="#[c3]">&gt;&gt;</a>&nbsp;&nbsp;&nbsp;strtol
<LI><a href="#[c2]">&gt;&gt;</a>&nbsp;&nbsp;&nbsp;__aeabi_errno_addr
</UL>
<BR>[Called By]<UL><LI><a href="#[1c1]">&gt;&gt;</a>&nbsp;&nbsp;&nbsp;parseOrderFromS
</UL>

<P><STRONG><a name="[1d3]"></a>strchr</STRONG> (Thumb, 20 bytes, Stack size 0 bytes, strchr.o(.text))
<BR><BR>[Called By]<UL><LI><a href="#[1d1]">&gt;&gt;</a>&nbsp;&nbsp;&nbsp;print_string_ptr
</UL>

<P><STRONG><a name="[191]"></a>strstr</STRONG> (Thumb, 36 bytes, Stack size 12 bytes, strstr.o(.text))
<BR><BR>[Stack]<UL><LI>Max Depth = 12<LI>Call Chain = strstr
</UL>
<BR>[Called By]<UL><LI><a href="#[190]">&gt;&gt;</a>&nbsp;&nbsp;&nbsp;atk_8266_check_cmd
</UL>

<P><STRONG><a name="[124]"></a>strcpy</STRONG> (Thumb, 72 bytes, Stack size 12 bytes, strcpy.o(.text))
<BR><BR>[Stack]<UL><LI>Max Depth = 12<LI>Call Chain = strcpy
</UL>
<BR>[Called By]<UL><LI><a href="#[1c1]">&gt;&gt;</a>&nbsp;&nbsp;&nbsp;parseOrderFromS
<LI><a href="#[127]">&gt;&gt;</a>&nbsp;&nbsp;&nbsp;PaserGoodsGetter_State
<LI><a href="#[126]">&gt;&gt;</a>&nbsp;&nbsp;&nbsp;PaserCar2_State
<LI><a href="#[11f]">&gt;&gt;</a>&nbsp;&nbsp;&nbsp;PaserCar1_State
<LI><a href="#[45]">&gt;&gt;</a>&nbsp;&nbsp;&nbsp;USART2_IRQHandler
<LI><a href="#[54]">&gt;&gt;</a>&nbsp;&nbsp;&nbsp;UART5_IRQHandler
<LI><a href="#[53]">&gt;&gt;</a>&nbsp;&nbsp;&nbsp;UART4_IRQHandler
<LI><a href="#[193]">&gt;&gt;</a>&nbsp;&nbsp;&nbsp;atk_8266_wifista_test
<LI><a href="#[1d0]">&gt;&gt;</a>&nbsp;&nbsp;&nbsp;print_object
<LI><a href="#[1cd]">&gt;&gt;</a>&nbsp;&nbsp;&nbsp;print_array
</UL>

<P><STRONG><a name="[102]"></a>strlen</STRONG> (Thumb, 62 bytes, Stack size 8 bytes, strlen.o(.text))
<BR><BR>[Stack]<UL><LI>Max Depth = 8<LI>Call Chain = strlen
</UL>
<BR>[Called By]<UL><LI><a href="#[1c0]">&gt;&gt;</a>&nbsp;&nbsp;&nbsp;sendMasterID2S
<LI><a href="#[172]">&gt;&gt;</a>&nbsp;&nbsp;&nbsp;u3_printf
<LI><a href="#[110]">&gt;&gt;</a>&nbsp;&nbsp;&nbsp;notifyGoodsGetterLoseGoods
<LI><a href="#[1c6]">&gt;&gt;</a>&nbsp;&nbsp;&nbsp;notifyGoodsGetterLocation
<LI><a href="#[114]">&gt;&gt;</a>&nbsp;&nbsp;&nbsp;notifyGoodsGetterDropPan
<LI><a href="#[1b3]">&gt;&gt;</a>&nbsp;&nbsp;&nbsp;feedbackStartGetGoods
<LI><a href="#[112]">&gt;&gt;</a>&nbsp;&nbsp;&nbsp;feedbackLoseGoodsResult
<LI><a href="#[1b2]">&gt;&gt;</a>&nbsp;&nbsp;&nbsp;feedbackGotOrder
<LI><a href="#[1b1]">&gt;&gt;</a>&nbsp;&nbsp;&nbsp;feedbackGotGoodsResult
<LI><a href="#[117]">&gt;&gt;</a>&nbsp;&nbsp;&nbsp;feedbackGoInit
<LI><a href="#[19e]">&gt;&gt;</a>&nbsp;&nbsp;&nbsp;checkSysState
<LI><a href="#[18c]">&gt;&gt;</a>&nbsp;&nbsp;&nbsp;askState2other
<LI><a href="#[105]">&gt;&gt;</a>&nbsp;&nbsp;&nbsp;AiwacMasterSendOrderCar2
<LI><a href="#[fa]">&gt;&gt;</a>&nbsp;&nbsp;&nbsp;AiwacMasterSendOrderCar1
<LI><a href="#[1d0]">&gt;&gt;</a>&nbsp;&nbsp;&nbsp;print_object
<LI><a href="#[1cd]">&gt;&gt;</a>&nbsp;&nbsp;&nbsp;print_array
<LI><a href="#[196]">&gt;&gt;</a>&nbsp;&nbsp;&nbsp;cJSON_strdup
</UL>

<P><STRONG><a name="[1cc]"></a>strncmp</STRONG> (Thumb, 150 bytes, Stack size 16 bytes, strncmp.o(.text))
<BR><BR>[Stack]<UL><LI>Max Depth = 16<LI>Call Chain = strncmp
</UL>
<BR>[Called By]<UL><LI><a href="#[19b]">&gt;&gt;</a>&nbsp;&nbsp;&nbsp;parse_value
</UL>

<P><STRONG><a name="[19f]"></a>strcat</STRONG> (Thumb, 24 bytes, Stack size 0 bytes, strcat.o(.text))
<BR><BR>[Called By]<UL><LI><a href="#[19e]">&gt;&gt;</a>&nbsp;&nbsp;&nbsp;checkSysState
</UL>

<P><STRONG><a name="[145]"></a>__aeabi_memcpy</STRONG> (Thumb, 0 bytes, Stack size 0 bytes, rt_memcpy_v6.o(.text))
<BR><BR>[Called By]<UL><LI><a href="#[148]">&gt;&gt;</a>&nbsp;&nbsp;&nbsp;SD_WriteDisk
<LI><a href="#[144]">&gt;&gt;</a>&nbsp;&nbsp;&nbsp;SD_ReadDisk
<LI><a href="#[196]">&gt;&gt;</a>&nbsp;&nbsp;&nbsp;cJSON_strdup
</UL>

<P><STRONG><a name="[c4]"></a>__rt_memcpy</STRONG> (Thumb, 138 bytes, Stack size 0 bytes, rt_memcpy_v6.o(.text), UNUSED)
<BR><BR>[Calls]<UL><LI><a href="#[c5]">&gt;&gt;</a>&nbsp;&nbsp;&nbsp;__aeabi_memcpy4
</UL>

<P><STRONG><a name="[22b]"></a>_memcpy_lastbytes</STRONG> (Thumb, 0 bytes, Stack size unknown bytes, rt_memcpy_v6.o(.text), UNUSED)

<P><STRONG><a name="[c5]"></a>__aeabi_memcpy4</STRONG> (Thumb, 0 bytes, Stack size 8 bytes, rt_memcpy_w.o(.text), UNUSED)
<BR><BR>[Called By]<UL><LI><a href="#[c4]">&gt;&gt;</a>&nbsp;&nbsp;&nbsp;__rt_memcpy
</UL>

<P><STRONG><a name="[22c]"></a>__aeabi_memcpy8</STRONG> (Thumb, 0 bytes, Stack size 8 bytes, rt_memcpy_w.o(.text), UNUSED)

<P><STRONG><a name="[22d]"></a>__rt_memcpy_w</STRONG> (Thumb, 100 bytes, Stack size 8 bytes, rt_memcpy_w.o(.text), UNUSED)

<P><STRONG><a name="[22e]"></a>_memcpy_lastbytes_aligned</STRONG> (Thumb, 0 bytes, Stack size unknown bytes, rt_memcpy_w.o(.text), UNUSED)

<P><STRONG><a name="[c9]"></a>__aeabi_memclr</STRONG> (Thumb, 0 bytes, Stack size 0 bytes, rt_memclr.o(.text))
<BR><BR>[Called By]<UL><LI><a href="#[15f]">&gt;&gt;</a>&nbsp;&nbsp;&nbsp;USART5StateTo0
<LI><a href="#[15e]">&gt;&gt;</a>&nbsp;&nbsp;&nbsp;USART4StateTo0
<LI><a href="#[45]">&gt;&gt;</a>&nbsp;&nbsp;&nbsp;USART2_IRQHandler
<LI><a href="#[161]">&gt;&gt;</a>&nbsp;&nbsp;&nbsp;USART2StateTo0
<LI><a href="#[54]">&gt;&gt;</a>&nbsp;&nbsp;&nbsp;UART5_IRQHandler
<LI><a href="#[53]">&gt;&gt;</a>&nbsp;&nbsp;&nbsp;UART4_IRQHandler
<LI><a href="#[c8]">&gt;&gt;</a>&nbsp;&nbsp;&nbsp;strncpy
</UL>

<P><STRONG><a name="[c6]"></a>__rt_memclr</STRONG> (Thumb, 68 bytes, Stack size 0 bytes, rt_memclr.o(.text), UNUSED)
<BR><BR>[Calls]<UL><LI><a href="#[c7]">&gt;&gt;</a>&nbsp;&nbsp;&nbsp;_memset_w
</UL>

<P><STRONG><a name="[22f]"></a>_memset</STRONG> (Thumb, 0 bytes, Stack size unknown bytes, rt_memclr.o(.text), UNUSED)

<P><STRONG><a name="[18d]"></a>__aeabi_memclr4</STRONG> (Thumb, 0 bytes, Stack size 4 bytes, rt_memclr_w.o(.text))
<BR><BR>[Stack]<UL><LI>Max Depth = 4<LI>Call Chain = __aeabi_memclr4
</UL>
<BR>[Called By]<UL><LI><a href="#[1c0]">&gt;&gt;</a>&nbsp;&nbsp;&nbsp;sendMasterID2S
<LI><a href="#[110]">&gt;&gt;</a>&nbsp;&nbsp;&nbsp;notifyGoodsGetterLoseGoods
<LI><a href="#[1c6]">&gt;&gt;</a>&nbsp;&nbsp;&nbsp;notifyGoodsGetterLocation
<LI><a href="#[114]">&gt;&gt;</a>&nbsp;&nbsp;&nbsp;notifyGoodsGetterDropPan
<LI><a href="#[f4]">&gt;&gt;</a>&nbsp;&nbsp;&nbsp;initSysValue
<LI><a href="#[1b3]">&gt;&gt;</a>&nbsp;&nbsp;&nbsp;feedbackStartGetGoods
<LI><a href="#[112]">&gt;&gt;</a>&nbsp;&nbsp;&nbsp;feedbackLoseGoodsResult
<LI><a href="#[1b2]">&gt;&gt;</a>&nbsp;&nbsp;&nbsp;feedbackGotOrder
<LI><a href="#[1b1]">&gt;&gt;</a>&nbsp;&nbsp;&nbsp;feedbackGotGoodsResult
<LI><a href="#[117]">&gt;&gt;</a>&nbsp;&nbsp;&nbsp;feedbackGoInit
<LI><a href="#[19e]">&gt;&gt;</a>&nbsp;&nbsp;&nbsp;checkSysState
<LI><a href="#[18c]">&gt;&gt;</a>&nbsp;&nbsp;&nbsp;askState2other
<LI><a href="#[1d0]">&gt;&gt;</a>&nbsp;&nbsp;&nbsp;print_object
<LI><a href="#[1cd]">&gt;&gt;</a>&nbsp;&nbsp;&nbsp;print_array
<LI><a href="#[197]">&gt;&gt;</a>&nbsp;&nbsp;&nbsp;cJSON_New_Item
</UL>

<P><STRONG><a name="[230]"></a>__aeabi_memclr8</STRONG> (Thumb, 0 bytes, Stack size 4 bytes, rt_memclr_w.o(.text), UNUSED)

<P><STRONG><a name="[231]"></a>__rt_memclr_w</STRONG> (Thumb, 78 bytes, Stack size 4 bytes, rt_memclr_w.o(.text), UNUSED)

<P><STRONG><a name="[c7]"></a>_memset_w</STRONG> (Thumb, 0 bytes, Stack size unknown bytes, rt_memclr_w.o(.text), UNUSED)
<BR><BR>[Called By]<UL><LI><a href="#[c6]">&gt;&gt;</a>&nbsp;&nbsp;&nbsp;__rt_memclr
</UL>

<P><STRONG><a name="[c8]"></a>strncpy</STRONG> (Thumb, 86 bytes, Stack size 8 bytes, strncpy.o(.text))
<BR><BR>[Stack]<UL><LI>Max Depth = 8<LI>Call Chain = strncpy
</UL>
<BR>[Calls]<UL><LI><a href="#[c9]">&gt;&gt;</a>&nbsp;&nbsp;&nbsp;__aeabi_memclr
</UL>
<BR>[Called By]<UL><LI><a href="#[1c0]">&gt;&gt;</a>&nbsp;&nbsp;&nbsp;sendMasterID2S
<LI><a href="#[1c1]">&gt;&gt;</a>&nbsp;&nbsp;&nbsp;parseOrderFromS
<LI><a href="#[110]">&gt;&gt;</a>&nbsp;&nbsp;&nbsp;notifyGoodsGetterLoseGoods
<LI><a href="#[1c6]">&gt;&gt;</a>&nbsp;&nbsp;&nbsp;notifyGoodsGetterLocation
<LI><a href="#[114]">&gt;&gt;</a>&nbsp;&nbsp;&nbsp;notifyGoodsGetterDropPan
<LI><a href="#[1b3]">&gt;&gt;</a>&nbsp;&nbsp;&nbsp;feedbackStartGetGoods
<LI><a href="#[112]">&gt;&gt;</a>&nbsp;&nbsp;&nbsp;feedbackLoseGoodsResult
<LI><a href="#[1b2]">&gt;&gt;</a>&nbsp;&nbsp;&nbsp;feedbackGotOrder
<LI><a href="#[1b1]">&gt;&gt;</a>&nbsp;&nbsp;&nbsp;feedbackGotGoodsResult
<LI><a href="#[117]">&gt;&gt;</a>&nbsp;&nbsp;&nbsp;feedbackGoInit
<LI><a href="#[19e]">&gt;&gt;</a>&nbsp;&nbsp;&nbsp;checkSysState
<LI><a href="#[18c]">&gt;&gt;</a>&nbsp;&nbsp;&nbsp;askState2other
<LI><a href="#[105]">&gt;&gt;</a>&nbsp;&nbsp;&nbsp;AiwacMasterSendOrderCar2
<LI><a href="#[fa]">&gt;&gt;</a>&nbsp;&nbsp;&nbsp;AiwacMasterSendOrderCar1
</UL>

<P><STRONG><a name="[123]"></a>strcmp</STRONG> (Thumb, 128 bytes, Stack size 0 bytes, strcmpv7m.o(.text))
<BR><BR>[Called By]<UL><LI><a href="#[127]">&gt;&gt;</a>&nbsp;&nbsp;&nbsp;PaserGoodsGetter_State
<LI><a href="#[126]">&gt;&gt;</a>&nbsp;&nbsp;&nbsp;PaserCar2_State
<LI><a href="#[11f]">&gt;&gt;</a>&nbsp;&nbsp;&nbsp;PaserCar1_State
<LI><a href="#[1a3]">&gt;&gt;</a>&nbsp;&nbsp;&nbsp;goToEverywhere
<LI><a href="#[1a4]">&gt;&gt;</a>&nbsp;&nbsp;&nbsp;controlCarToGoodsSpace
<LI><a href="#[a4]">&gt;&gt;</a>&nbsp;&nbsp;&nbsp;_get_lc_numeric
<LI><a href="#[74]">&gt;&gt;</a>&nbsp;&nbsp;&nbsp;_get_lc_ctype
</UL>

<P><STRONG><a name="[232]"></a>__use_two_region_memory</STRONG> (Thumb, 2 bytes, Stack size 0 bytes, heapauxi.o(.text), UNUSED)

<P><STRONG><a name="[1]"></a>__rt_heap_escrow</STRONG> (Thumb, 2 bytes, Stack size 0 bytes, heapauxi.o(.text), UNUSED)

<P><STRONG><a name="[0]"></a>__rt_heap_expand</STRONG> (Thumb, 2 bytes, Stack size 0 bytes, heapauxi.o(.text), UNUSED)

<P><STRONG><a name="[233]"></a>__I$use$semihosting</STRONG> (Thumb, 0 bytes, Stack size 0 bytes, use_no_semi.o(.text), UNUSED)

<P><STRONG><a name="[234]"></a>__use_no_semihosting_swi</STRONG> (Thumb, 2 bytes, Stack size 0 bytes, use_no_semi.o(.text), UNUSED)

<P><STRONG><a name="[b1]"></a>__rt_ctype_table</STRONG> (Thumb, 16 bytes, Stack size 8 bytes, rt_ctype_table.o(.text))
<BR><BR>[Stack]<UL><LI>Max Depth = 8<LI>Call Chain = __rt_ctype_table
</UL>
<BR>[Calls]<UL><LI><a href="#[a1]">&gt;&gt;</a>&nbsp;&nbsp;&nbsp;__rt_locale
</UL>
<BR>[Called By]<UL><LI><a href="#[b0]">&gt;&gt;</a>&nbsp;&nbsp;&nbsp;tolower
<LI><a href="#[79]">&gt;&gt;</a>&nbsp;&nbsp;&nbsp;isspace
<LI><a href="#[c3]">&gt;&gt;</a>&nbsp;&nbsp;&nbsp;strtol
<LI><a href="#[d8]">&gt;&gt;</a>&nbsp;&nbsp;&nbsp;_wcrtomb
</UL>

<P><STRONG><a name="[c2]"></a>__aeabi_errno_addr</STRONG> (Thumb, 8 bytes, Stack size 0 bytes, rt_errno_addr_intlibspace.o(.text))
<BR><BR>[Called By]<UL><LI><a href="#[c3]">&gt;&gt;</a>&nbsp;&nbsp;&nbsp;strtol
<LI><a href="#[cb]">&gt;&gt;</a>&nbsp;&nbsp;&nbsp;__set_errno
<LI><a href="#[ca]">&gt;&gt;</a>&nbsp;&nbsp;&nbsp;__read_errno
<LI><a href="#[c1]">&gt;&gt;</a>&nbsp;&nbsp;&nbsp;atoi
<LI><a href="#[e2]">&gt;&gt;</a>&nbsp;&nbsp;&nbsp;_fp_value
<LI><a href="#[dd]">&gt;&gt;</a>&nbsp;&nbsp;&nbsp;_strtoul
</UL>

<P><STRONG><a name="[235]"></a>__errno$intlibspace</STRONG> (Thumb, 0 bytes, Stack size 0 bytes, rt_errno_addr_intlibspace.o(.text), UNUSED)

<P><STRONG><a name="[236]"></a>__rt_errno_addr$intlibspace</STRONG> (Thumb, 0 bytes, Stack size 0 bytes, rt_errno_addr_intlibspace.o(.text), UNUSED)

<P><STRONG><a name="[ca]"></a>__read_errno</STRONG> (Thumb, 10 bytes, Stack size 8 bytes, _rserrno.o(.text))
<BR><BR>[Stack]<UL><LI>Max Depth = 8<LI>Call Chain = __read_errno
</UL>
<BR>[Calls]<UL><LI><a href="#[c2]">&gt;&gt;</a>&nbsp;&nbsp;&nbsp;__aeabi_errno_addr
</UL>
<BR>[Called By]<UL><LI><a href="#[173]">&gt;&gt;</a>&nbsp;&nbsp;&nbsp;__hardfp_atof
</UL>

<P><STRONG><a name="[cb]"></a>__set_errno</STRONG> (Thumb, 12 bytes, Stack size 8 bytes, _rserrno.o(.text))
<BR><BR>[Stack]<UL><LI>Max Depth = 8<LI>Call Chain = __set_errno
</UL>
<BR>[Calls]<UL><LI><a href="#[c2]">&gt;&gt;</a>&nbsp;&nbsp;&nbsp;__aeabi_errno_addr
</UL>
<BR>[Called By]<UL><LI><a href="#[182]">&gt;&gt;</a>&nbsp;&nbsp;&nbsp;sqrt
<LI><a href="#[17d]">&gt;&gt;</a>&nbsp;&nbsp;&nbsp;__hardfp_pow
<LI><a href="#[173]">&gt;&gt;</a>&nbsp;&nbsp;&nbsp;__hardfp_atof
<LI><a href="#[178]">&gt;&gt;</a>&nbsp;&nbsp;&nbsp;__hardfp_ldexp
<LI><a href="#[e8]">&gt;&gt;</a>&nbsp;&nbsp;&nbsp;__mathlib_narrow
</UL>

<P><STRONG><a name="[ba]"></a>_printf_truncate_signed</STRONG> (Thumb, 18 bytes, Stack size 0 bytes, _printf_truncate.o(.text))
<BR><BR>[Called By]<UL><LI><a href="#[87]">&gt;&gt;</a>&nbsp;&nbsp;&nbsp;_printf_int_dec
</UL>

<P><STRONG><a name="[bb]"></a>_printf_truncate_unsigned</STRONG> (Thumb, 18 bytes, Stack size 0 bytes, _printf_truncate.o(.text))
<BR><BR>[Called By]<UL><LI><a href="#[8b]">&gt;&gt;</a>&nbsp;&nbsp;&nbsp;_printf_int_oct
<LI><a href="#[8d]">&gt;&gt;</a>&nbsp;&nbsp;&nbsp;_printf_int_hex
<LI><a href="#[87]">&gt;&gt;</a>&nbsp;&nbsp;&nbsp;_printf_int_dec
</UL>

<P><STRONG><a name="[bc]"></a>_printf_int_common</STRONG> (Thumb, 178 bytes, Stack size 32 bytes, _printf_intcommon.o(.text))
<BR><BR>[Stack]<UL><LI>Max Depth = 48<LI>Call Chain = _printf_int_common &rArr; _printf_post_padding
</UL>
<BR>[Calls]<UL><LI><a href="#[b9]">&gt;&gt;</a>&nbsp;&nbsp;&nbsp;_printf_post_padding
<LI><a href="#[b8]">&gt;&gt;</a>&nbsp;&nbsp;&nbsp;_printf_pre_padding
</UL>
<BR>[Called By]<UL><LI><a href="#[d9]">&gt;&gt;</a>&nbsp;&nbsp;&nbsp;_printf_longlong_oct
<LI><a href="#[8f]">&gt;&gt;</a>&nbsp;&nbsp;&nbsp;_printf_longlong_dec
<LI><a href="#[bd]">&gt;&gt;</a>&nbsp;&nbsp;&nbsp;_printf_longlong_hex
<LI><a href="#[87]">&gt;&gt;</a>&nbsp;&nbsp;&nbsp;_printf_int_dec
</UL>

<P><STRONG><a name="[7f]"></a>_printf_charcount</STRONG> (Thumb, 40 bytes, Stack size 0 bytes, _printf_charcount.o(.text))
<BR><BR>[Called By]<UL><LI><a href="#[7e]">&gt;&gt;</a>&nbsp;&nbsp;&nbsp;_printf_n
</UL>

<P><STRONG><a name="[237]"></a>__lib_sel_fp_printf</STRONG> (Thumb, 2 bytes, Stack size 0 bytes, _printf_fp_dec.o(.text), UNUSED)

<P><STRONG><a name="[d2]"></a>_printf_fp_dec_real</STRONG> (Thumb, 620 bytes, Stack size 104 bytes, _printf_fp_dec.o(.text))
<BR><BR>[Stack]<UL><LI>Max Depth = 320<LI>Call Chain = _printf_fp_dec_real &rArr; _fp_digits &rArr; _btod_etento &rArr; _btod_emul &rArr; _e2e
</UL>
<BR>[Calls]<UL><LI><a href="#[d4]">&gt;&gt;</a>&nbsp;&nbsp;&nbsp;_printf_fp_infnan
<LI><a href="#[a1]">&gt;&gt;</a>&nbsp;&nbsp;&nbsp;__rt_locale
<LI><a href="#[d3]">&gt;&gt;</a>&nbsp;&nbsp;&nbsp;__ARM_fpclassify
<LI><a href="#[cc]">&gt;&gt;</a>&nbsp;&nbsp;&nbsp;_fp_digits
<LI><a href="#[b9]">&gt;&gt;</a>&nbsp;&nbsp;&nbsp;_printf_post_padding
<LI><a href="#[b8]">&gt;&gt;</a>&nbsp;&nbsp;&nbsp;_printf_pre_padding
</UL>
<BR>[Called By]<UL><LI><a href="#[83]">&gt;&gt;</a>&nbsp;&nbsp;&nbsp;_printf_fp_dec
</UL>

<P><STRONG><a name="[b3]"></a>_printf_char_common</STRONG> (Thumb, 32 bytes, Stack size 64 bytes, _printf_char_common.o(.text))
<BR><BR>[Stack]<UL><LI>Max Depth = 104 + Unknown Stack Size
<LI>Call Chain = _printf_char_common &rArr; __printf
</UL>
<BR>[Calls]<UL><LI><a href="#[be]">&gt;&gt;</a>&nbsp;&nbsp;&nbsp;__printf
</UL>
<BR>[Called By]<UL><LI><a href="#[b6]">&gt;&gt;</a>&nbsp;&nbsp;&nbsp;__2sprintf
<LI><a href="#[b2]">&gt;&gt;</a>&nbsp;&nbsp;&nbsp;__c89vsprintf
<LI><a href="#[b5]">&gt;&gt;</a>&nbsp;&nbsp;&nbsp;_printf_char_file
</UL>

<P><STRONG><a name="[73]"></a>_sputc</STRONG> (Thumb, 10 bytes, Stack size 0 bytes, _sputc.o(.text))
<BR><BR>[Called By]<UL><LI><a href="#[b6]">&gt;&gt;</a>&nbsp;&nbsp;&nbsp;__2sprintf
<LI><a href="#[b2]">&gt;&gt;</a>&nbsp;&nbsp;&nbsp;__c89vsprintf
</UL>
<BR>[Address Reference Count : 2]<UL><LI> c89vsprintf.o(.text)
<LI> __2sprintf.o(.text)
</UL>
<P><STRONG><a name="[d5]"></a>_printf_cs_common</STRONG> (Thumb, 20 bytes, Stack size 8 bytes, _printf_char.o(.text))
<BR><BR>[Stack]<UL><LI>Max Depth = 40<LI>Call Chain = _printf_cs_common &rArr; _printf_str &rArr; _printf_post_padding
</UL>
<BR>[Calls]<UL><LI><a href="#[b7]">&gt;&gt;</a>&nbsp;&nbsp;&nbsp;_printf_str
</UL>
<BR>[Called By]<UL><LI><a href="#[99]">&gt;&gt;</a>&nbsp;&nbsp;&nbsp;_printf_string
<LI><a href="#[97]">&gt;&gt;</a>&nbsp;&nbsp;&nbsp;_printf_char
</UL>

<P><STRONG><a name="[97]"></a>_printf_char</STRONG> (Thumb, 16 bytes, Stack size 0 bytes, _printf_char.o(.text))
<BR><BR>[Stack]<UL><LI>Max Depth = 40<LI>Call Chain = _printf_char &rArr; _printf_cs_common &rArr; _printf_str &rArr; _printf_post_padding
</UL>
<BR>[Calls]<UL><LI><a href="#[d5]">&gt;&gt;</a>&nbsp;&nbsp;&nbsp;_printf_cs_common
</UL>
<BR>[Called By]<UL><LI><a href="#[96]">&gt;&gt;</a>&nbsp;&nbsp;&nbsp;_printf_c
</UL>

<P><STRONG><a name="[99]"></a>_printf_string</STRONG> (Thumb, 8 bytes, Stack size 0 bytes, _printf_char.o(.text))
<BR><BR>[Stack]<UL><LI>Max Depth = 40<LI>Call Chain = _printf_string &rArr; _printf_cs_common &rArr; _printf_str &rArr; _printf_post_padding
</UL>
<BR>[Calls]<UL><LI><a href="#[d5]">&gt;&gt;</a>&nbsp;&nbsp;&nbsp;_printf_cs_common
</UL>
<BR>[Called By]<UL><LI><a href="#[98]">&gt;&gt;</a>&nbsp;&nbsp;&nbsp;_printf_s
</UL>

<P><STRONG><a name="[b5]"></a>_printf_char_file</STRONG> (Thumb, 32 bytes, Stack size 16 bytes, _printf_char_file.o(.text))
<BR><BR>[Stack]<UL><LI>Max Depth = 120 + Unknown Stack Size
<LI>Call Chain = _printf_char_file &rArr; _printf_char_common &rArr; __printf
</UL>
<BR>[Calls]<UL><LI><a href="#[b3]">&gt;&gt;</a>&nbsp;&nbsp;&nbsp;_printf_char_common
<LI><a href="#[d6]">&gt;&gt;</a>&nbsp;&nbsp;&nbsp;ferror
</UL>
<BR>[Called By]<UL><LI><a href="#[b4]">&gt;&gt;</a>&nbsp;&nbsp;&nbsp;__2printf
</UL>

<P><STRONG><a name="[d7]"></a>_printf_wctomb</STRONG> (Thumb, 182 bytes, Stack size 56 bytes, _printf_wctomb.o(.text))
<BR><BR>[Stack]<UL><LI>Max Depth = 80<LI>Call Chain = _printf_wctomb &rArr; _wcrtomb &rArr; __rt_ctype_table
</UL>
<BR>[Calls]<UL><LI><a href="#[b9]">&gt;&gt;</a>&nbsp;&nbsp;&nbsp;_printf_post_padding
<LI><a href="#[b8]">&gt;&gt;</a>&nbsp;&nbsp;&nbsp;_printf_pre_padding
<LI><a href="#[d8]">&gt;&gt;</a>&nbsp;&nbsp;&nbsp;_wcrtomb
</UL>
<BR>[Called By]<UL><LI><a href="#[de]">&gt;&gt;</a>&nbsp;&nbsp;&nbsp;_printf_lcs_common
</UL>

<P><STRONG><a name="[8f]"></a>_printf_longlong_dec</STRONG> (Thumb, 108 bytes, Stack size 24 bytes, _printf_longlong_dec.o(.text))
<BR><BR>[Stack]<UL><LI>Max Depth = 72<LI>Call Chain = _printf_longlong_dec &rArr; _printf_int_common &rArr; _printf_post_padding
</UL>
<BR>[Calls]<UL><LI><a href="#[d1]">&gt;&gt;</a>&nbsp;&nbsp;&nbsp;_ll_udiv10
<LI><a href="#[bc]">&gt;&gt;</a>&nbsp;&nbsp;&nbsp;_printf_int_common
</UL>
<BR>[Called By]<UL><LI><a href="#[91]">&gt;&gt;</a>&nbsp;&nbsp;&nbsp;_printf_llu
<LI><a href="#[90]">&gt;&gt;</a>&nbsp;&nbsp;&nbsp;_printf_lld
<LI><a href="#[8e]">&gt;&gt;</a>&nbsp;&nbsp;&nbsp;_printf_lli
</UL>

<P><STRONG><a name="[d9]"></a>_printf_longlong_oct</STRONG> (Thumb, 68 bytes, Stack size 8 bytes, _printf_oct_int_ll.o(.text))
[...]
</UL>
<BR>[Called By]<UL><LI><a href="#[1a3]">&gt;&gt;</a>&nbsp;&nbsp;&nbsp;goToEverywhere
<LI><a href="#[1b6]">&gt;&gt;</a>&nbsp;&nbsp;&nbsp;goStartTogether
<LI><a href="#[1b5]">&gt;&gt;</a>&nbsp;&nbsp;&nbsp;goGoalPosition
<LI><a href="#[1a8]">&gt;&gt;</a>&nbsp;&nbsp;&nbsp;designFSpeed2
<LI><a href="#[19e]">&gt;&gt;</a>&nbsp;&nbsp;&nbsp;checkSysState
<LI><a href="#[1ce]">&gt;&gt;</a>&nbsp;&nbsp;&nbsp;print_number
<LI><a href="#[1c8]">&gt;&gt;</a>&nbsp;&nbsp;&nbsp;parse_number
<LI><a href="#[17d]">&gt;&gt;</a>&nbsp;&nbsp;&nbsp;__hardfp_pow
</UL>

<P><STRONG><a name="[1fe]"></a>_dsub</STRONG> (Thumb, 464 bytes, Stack size 32 bytes, daddsub_clz.o(x$fpl$dsub), UNUSED)
<BR><BR>[Calls]<UL><LI><a href="#[1ee]">&gt;&gt;</a>&nbsp;&nbsp;&nbsp;__fpl_dnaninf
<LI><a href="#[1fd]">&gt;&gt;</a>&nbsp;&nbsp;&nbsp;_dadd1
</UL>

<P><STRONG><a name="[9f]"></a>_fp_init</STRONG> (Thumb, 10 bytes, Stack size 0 bytes, fpinit.o(x$fpl$fpinit))
<BR><BR>[Called By]<UL><LI><a href="#[9e]">&gt;&gt;</a>&nbsp;&nbsp;&nbsp;__rt_lib_init_fp_1
</UL>

<P><STRONG><a name="[241]"></a>__fplib_config_fpu_vfp</STRONG> (Thumb, 0 bytes, Stack size unknown bytes, fpinit.o(x$fpl$fpinit), UNUSED)

<P><STRONG><a name="[242]"></a>__fplib_config_pureend_doubles</STRONG> (Thumb, 0 bytes, Stack size unknown bytes, fpinit.o(x$fpl$fpinit), UNUSED)

<P><STRONG><a name="[1ed]"></a>__fpl_fretinf</STRONG> (Thumb, 10 bytes, Stack size 0 bytes, fretinf.o(x$fpl$fretinf), UNUSED)
<BR><BR>[Called By]<UL><LI><a href="#[1ec]">&gt;&gt;</a>&nbsp;&nbsp;&nbsp;_d2f
</UL>

<P><STRONG><a name="[83]"></a>_printf_fp_dec</STRONG> (Thumb, 4 bytes, Stack size 0 bytes, printf1.o(x$fpl$printf1))
<BR><BR>[Stack]<UL><LI>Max Depth = 320<LI>Call Chain = _printf_fp_dec &rArr; _printf_fp_dec_real &rArr; _fp_digits &rArr; _btod_etento &rArr; _btod_emul &rArr; _e2e
</UL>
<BR>[Calls]<UL><LI><a href="#[d2]">&gt;&gt;</a>&nbsp;&nbsp;&nbsp;_printf_fp_dec_real
</UL>
<BR>[Called By]<UL><LI><a href="#[85]">&gt;&gt;</a>&nbsp;&nbsp;&nbsp;_printf_g
<LI><a href="#[84]">&gt;&gt;</a>&nbsp;&nbsp;&nbsp;_printf_e
<LI><a href="#[82]">&gt;&gt;</a>&nbsp;&nbsp;&nbsp;_printf_f
</UL>

<P><STRONG><a name="[1f3]"></a>__fpl_return_NaN</STRONG> (Thumb, 100 bytes, Stack size 0 bytes, retnan.o(x$fpl$retnan))
<BR><BR>[Calls]<UL><LI><a href="#[1ff]">&gt;&gt;</a>&nbsp;&nbsp;&nbsp;__fpl_cmpreturn
</UL>
<BR>[Called By]<UL><LI><a href="#[1f2]">&gt;&gt;</a>&nbsp;&nbsp;&nbsp;__fpl_dcheck_NaN1
</UL>

<P><STRONG><a name="[17a]"></a>__ARM_scalbn</STRONG> (Thumb, 92 bytes, Stack size 0 bytes, scalbn.o(x$fpl$scalbn))
<BR><BR>[Calls]<UL><LI><a href="#[1f2]">&gt;&gt;</a>&nbsp;&nbsp;&nbsp;__fpl_dcheck_NaN1
</UL>
<BR>[Called By]<UL><LI><a href="#[17d]">&gt;&gt;</a>&nbsp;&nbsp;&nbsp;__hardfp_pow
<LI><a href="#[178]">&gt;&gt;</a>&nbsp;&nbsp;&nbsp;__hardfp_ldexp
</UL>

<P><STRONG><a name="[db]"></a>_scanf_real</STRONG> (Thumb, 4 bytes, Stack size 0 bytes, scanf1.o(x$fpl$scanf1))
<BR><BR>[Stack]<UL><LI>Max Depth = 328<LI>Call Chain = _scanf_real &rArr; _scanf_really_real &rArr; _fp_value &rArr; _btod_etento &rArr; _btod_emul &rArr; _e2e
</UL>
<BR>[Calls]<UL><LI><a href="#[e5]">&gt;&gt;</a>&nbsp;&nbsp;&nbsp;_scanf_really_real
</UL>
<BR>[Called By]<UL><LI><a href="#[da]">&gt;&gt;</a>&nbsp;&nbsp;&nbsp;_local_sscanf
</UL>

<P><STRONG><a name="[e7]"></a>_scanf_hex_real</STRONG> (Thumb, 4 bytes, Stack size 0 bytes, scanf2.o(x$fpl$scanf2))
<BR><BR>[Stack]<UL><LI>Max Depth = 176<LI>Call Chain = _scanf_hex_real &rArr; _scanf_really_hex_real &rArr; __support_ldexp &rArr; __hardfp_ldexp &rArr; __mathlib_dbl_underflow &rArr; __aeabi_dmul
</UL>
<BR>[Calls]<UL><LI><a href="#[ea]">&gt;&gt;</a>&nbsp;&nbsp;&nbsp;_scanf_really_hex_real
</UL>
<BR>[Called By]<UL><LI><a href="#[e5]">&gt;&gt;</a>&nbsp;&nbsp;&nbsp;_scanf_really_real
</UL>

<P><STRONG><a name="[e6]"></a>_scanf_infnan</STRONG> (Thumb, 4 bytes, Stack size 0 bytes, scanf2.o(x$fpl$scanf2))
<BR><BR>[Stack]<UL><LI>Max Depth = 72<LI>Call Chain = _scanf_infnan &rArr; _scanf_really_infnan
</UL>
<BR>[Calls]<UL><LI><a href="#[200]">&gt;&gt;</a>&nbsp;&nbsp;&nbsp;_scanf_really_infnan
</UL>
<BR>[Called By]<UL><LI><a href="#[e5]">&gt;&gt;</a>&nbsp;&nbsp;&nbsp;_scanf_really_real
</UL>

<P><STRONG><a name="[1ff]"></a>__fpl_cmpreturn</STRONG> (Thumb, 48 bytes, Stack size 0 bytes, trapv.o(x$fpl$trapveneer))
<BR><BR>[Called By]<UL><LI><a href="#[1f3]">&gt;&gt;</a>&nbsp;&nbsp;&nbsp;__fpl_return_NaN
</UL>
<P>
<H3>
Local Symbols
</H3>
<P><STRONG><a name="[152]"></a>SetSysClock</STRONG> (Thumb, 220 bytes, Stack size 12 bytes, system_stm32f4xx.o(i.SetSysClock))
<BR><BR>[Stack]<UL><LI>Max Depth = 12<LI>Call Chain = SetSysClock
</UL>
<BR>[Called By]<UL><LI><a href="#[71]">&gt;&gt;</a>&nbsp;&nbsp;&nbsp;SystemInit
</UL>

<P><STRONG><a name="[1a1]"></a>check_fs</STRONG> (Thumb, 140 bytes, Stack size 16 bytes, ff.o(i.check_fs))
<BR><BR>[Stack]<UL><LI>Max Depth = 312 + Unknown Stack Size
<LI>Call Chain = check_fs &rArr; move_window &rArr; sync_window &rArr; disk_write &rArr; SD_WriteDisk &rArr; SD_WriteBlock &rArr; SD_Init &rArr; SD_EnableWideBusOperation &rArr; SDEnWideBus &rArr; FindSCR &rArr; CmdResp1Error
</UL>
<BR>[Calls]<UL><LI><a href="#[1a2]">&gt;&gt;</a>&nbsp;&nbsp;&nbsp;move_window
</UL>
<BR>[Called By]<UL><LI><a href="#[1b0]">&gt;&gt;</a>&nbsp;&nbsp;&nbsp;find_volume
</UL>

<P><STRONG><a name="[1b0]"></a>find_volume</STRONG> (Thumb, 886 bytes, Stack size 80 bytes, ff.o(i.find_volume))
<BR><BR>[Stack]<UL><LI>Max Depth = 392 + Unknown Stack Size
<LI>Call Chain = find_volume &rArr; check_fs &rArr; move_window &rArr; sync_window &rArr; disk_write &rArr; SD_WriteDisk &rArr; SD_WriteBlock &rArr; SD_Init &rArr; SD_EnableWideBusOperation &rArr; SDEnWideBus &rArr; FindSCR &rArr; CmdResp1Error
</UL>
<BR>[Calls]<UL><LI><a href="#[1b4]">&gt;&gt;</a>&nbsp;&nbsp;&nbsp;disk_status
<LI><a href="#[1aa]">&gt;&gt;</a>&nbsp;&nbsp;&nbsp;disk_initialize
<LI><a href="#[1a2]">&gt;&gt;</a>&nbsp;&nbsp;&nbsp;move_window
<LI><a href="#[1af]">&gt;&gt;</a>&nbsp;&nbsp;&nbsp;get_ldnumber
<LI><a href="#[1a1]">&gt;&gt;</a>&nbsp;&nbsp;&nbsp;check_fs
</UL>
<BR>[Called By]<UL><LI><a href="#[1ae]">&gt;&gt;</a>&nbsp;&nbsp;&nbsp;f_mount
</UL>

<P><STRONG><a name="[1af]"></a>get_ldnumber</STRONG> (Thumb, 74 bytes, Stack size 16 bytes, ff.o(i.get_ldnumber))
<BR><BR>[Stack]<UL><LI>Max Depth = 16<LI>Call Chain = get_ldnumber
</UL>
<BR>[Called By]<UL><LI><a href="#[1ae]">&gt;&gt;</a>&nbsp;&nbsp;&nbsp;f_mount
<LI><a href="#[1b0]">&gt;&gt;</a>&nbsp;&nbsp;&nbsp;find_volume
</UL>

<P><STRONG><a name="[1a2]"></a>move_window</STRONG> (Thumb, 50 bytes, Stack size 16 bytes, ff.o(i.move_window))
<BR><BR>[Stack]<UL><LI>Max Depth = 296 + Unknown Stack Size
<LI>Call Chain = move_window &rArr; sync_window &rArr; disk_write &rArr; SD_WriteDisk &rArr; SD_WriteBlock &rArr; SD_Init &rArr; SD_EnableWideBusOperation &rArr; SDEnWideBus &rArr; FindSCR &rArr; CmdResp1Error
</UL>
<BR>[Calls]<UL><LI><a href="#[1ab]">&gt;&gt;</a>&nbsp;&nbsp;&nbsp;disk_read
<LI><a href="#[1c2]">&gt;&gt;</a>&nbsp;&nbsp;&nbsp;sync_window
</UL>
<BR>[Called By]<UL><LI><a href="#[1b0]">&gt;&gt;</a>&nbsp;&nbsp;&nbsp;find_volume
<LI><a href="#[1a1]">&gt;&gt;</a>&nbsp;&nbsp;&nbsp;check_fs
</UL>

<P><STRONG><a name="[1c2]"></a>sync_window</STRONG> (Thumb, 76 bytes, Stack size 16 bytes, ff.o(i.sync_window))
<BR><BR>[Stack]<UL><LI>Max Depth = 280 + Unknown Stack Size
<LI>Call Chain = sync_window &rArr; disk_write &rArr; SD_WriteDisk &rArr; SD_WriteBlock &rArr; SD_Init &rArr; SD_EnableWideBusOperation &rArr; SDEnWideBus &rArr; FindSCR &rArr; CmdResp1Error
</UL>
<BR>[Calls]<UL><LI><a href="#[1ac]">&gt;&gt;</a>&nbsp;&nbsp;&nbsp;disk_write
</UL>
<BR>[Called By]<UL><LI><a href="#[1a2]">&gt;&gt;</a>&nbsp;&nbsp;&nbsp;move_window
</UL>

<P><STRONG><a name="[197]"></a>cJSON_New_Item</STRONG> (Thumb, 26 bytes, Stack size 8 bytes, cjson.o(i.cJSON_New_Item))
<BR><BR>[Stack]<UL><LI>Max Depth = 12<LI>Call Chain = cJSON_New_Item &rArr; __aeabi_memclr4
</UL>
<BR>[Calls]<UL><LI><a href="#[18d]">&gt;&gt;</a>&nbsp;&nbsp;&nbsp;__aeabi_memclr4
</UL>
<BR>[Called By]<UL><LI><a href="#[fb]">&gt;&gt;</a>&nbsp;&nbsp;&nbsp;cJSON_CreateObject
<LI><a href="#[fe]">&gt;&gt;</a>&nbsp;&nbsp;&nbsp;cJSON_CreateNumber
<LI><a href="#[199]">&gt;&gt;</a>&nbsp;&nbsp;&nbsp;cJSON_ParseWithOpts
<LI><a href="#[fc]">&gt;&gt;</a>&nbsp;&nbsp;&nbsp;cJSON_CreateString
<LI><a href="#[1c9]">&gt;&gt;</a>&nbsp;&nbsp;&nbsp;parse_object
<LI><a href="#[1c7]">&gt;&gt;</a>&nbsp;&nbsp;&nbsp;parse_array
</UL>

<P><STRONG><a name="[198]"></a>cJSON_strcasecmp</STRONG> (Thumb, 76 bytes, Stack size 16 bytes, cjson.o(i.cJSON_strcasecmp))
<BR><BR>[Stack]<UL><LI>Max Depth = 32<LI>Call Chain = cJSON_strcasecmp &rArr; tolower &rArr; __rt_ctype_table
</UL>
<BR>[Calls]<UL><LI><a href="#[b0]">&gt;&gt;</a>&nbsp;&nbsp;&nbsp;tolower
</UL>
<BR>[Called By]<UL><LI><a href="#[122]">&gt;&gt;</a>&nbsp;&nbsp;&nbsp;cJSON_GetObjectItem
</UL>

<P><STRONG><a name="[196]"></a>cJSON_strdup</STRONG> (Thumb, 40 bytes, Stack size 16 bytes, cjson.o(i.cJSON_strdup))
<BR><BR>[Stack]<UL><LI>Max Depth = 24<LI>Call Chain = cJSON_strdup &rArr; strlen
</UL>
<BR>[Calls]<UL><LI><a href="#[145]">&gt;&gt;</a>&nbsp;&nbsp;&nbsp;__aeabi_memcpy
<LI><a href="#[102]">&gt;&gt;</a>&nbsp;&nbsp;&nbsp;strlen
</UL>
<BR>[Called By]<UL><LI><a href="#[fd]">&gt;&gt;</a>&nbsp;&nbsp;&nbsp;cJSON_AddItemToObject
<LI><a href="#[fc]">&gt;&gt;</a>&nbsp;&nbsp;&nbsp;cJSON_CreateString
<LI><a href="#[19d]">&gt;&gt;</a>&nbsp;&nbsp;&nbsp;print_value
<LI><a href="#[1d1]">&gt;&gt;</a>&nbsp;&nbsp;&nbsp;print_string_ptr
</UL>

<P><STRONG><a name="[1c7]"></a>parse_array</STRONG> (Thumb, 166 bytes, Stack size 32 bytes, cjson.o(i.parse_array))
<BR><BR>[Stack]<UL><LI>Max Depth = 44 + In Cycle
<LI>Call Chain = parse_array &rArr;  parse_value (Cycle)
</UL>
<BR>[Calls]<UL><LI><a href="#[19a]">&gt;&gt;</a>&nbsp;&nbsp;&nbsp;skip
<LI><a href="#[19b]">&gt;&gt;</a>&nbsp;&nbsp;&nbsp;parse_value
<LI><a href="#[197]">&gt;&gt;</a>&nbsp;&nbsp;&nbsp;cJSON_New_Item
</UL>
<BR>[Called By]<UL><LI><a href="#[19b]">&gt;&gt;</a>&nbsp;&nbsp;&nbsp;parse_value
</UL>

<P><STRONG><a name="[1cb]"></a>parse_hex4</STRONG> (Thumb, 276 bytes, Stack size 0 bytes, cjson.o(i.parse_hex4))
<BR><BR>[Called By]<UL><LI><a href="#[1ca]">&gt;&gt;</a>&nbsp;&nbsp;&nbsp;parse_string
</UL>

<P><STRONG><a name="[1c8]"></a>parse_number</STRONG> (Thumb, 424 bytes, Stack size 80 bytes, cjson.o(i.parse_number))
<BR><BR>[Stack]<UL><LI>Max Depth = 336<LI>Call Chain = parse_number &rArr; __hardfp_pow &rArr; sqrt &rArr; _dsqrt &rArr; __fpl_dnaninf
</UL>
<BR>[Calls]<UL><LI><a href="#[17d]">&gt;&gt;</a>&nbsp;&nbsp;&nbsp;__hardfp_pow
<LI><a href="#[186]">&gt;&gt;</a>&nbsp;&nbsp;&nbsp;__aeabi_dmul
<LI><a href="#[ff]">&gt;&gt;</a>&nbsp;&nbsp;&nbsp;__aeabi_i2d
<LI><a href="#[125]">&gt;&gt;</a>&nbsp;&nbsp;&nbsp;__aeabi_d2iz
<LI><a href="#[185]">&gt;&gt;</a>&nbsp;&nbsp;&nbsp;__aeabi_dsub
<LI><a href="#[175]">&gt;&gt;</a>&nbsp;&nbsp;&nbsp;__aeabi_dadd
</UL>
<BR>[Called By]<UL><LI><a href="#[19b]">&gt;&gt;</a>&nbsp;&nbsp;&nbsp;parse_value
</UL>

<P><STRONG><a name="[1c9]"></a>parse_object</STRONG> (Thumb, 270 bytes, Stack size 32 bytes, cjson.o(i.parse_object))
<BR><BR>[Stack]<UL><LI>Max Depth = 72 + In Cycle
<LI>Call Chain = parse_object &rArr;  parse_value (Cycle)
</UL>
<BR>[Calls]<UL><LI><a href="#[19a]">&gt;&gt;</a>&nbsp;&nbsp;&nbsp;skip
<LI><a href="#[19b]">&gt;&gt;</a>&nbsp;&nbsp;&nbsp;parse_value
<LI><a href="#[1ca]">&gt;&gt;</a>&nbsp;&nbsp;&nbsp;parse_string
<LI><a href="#[197]">&gt;&gt;</a>&nbsp;&nbsp;&nbsp;cJSON_New_Item
</UL>
<BR>[Called By]<UL><LI><a href="#[19b]">&gt;&gt;</a>&nbsp;&nbsp;&nbsp;parse_value
</UL>

<P><STRONG><a name="[1ca]"></a>parse_string</STRONG> (Thumb, 448 bytes, Stack size 40 bytes, cjson.o(i.parse_string))
<BR><BR>[Stack]<UL><LI>Max Depth = 40<LI>Call Chain = parse_string
</UL>
<BR>[Calls]<UL><LI><a href="#[1cb]">&gt;&gt;</a>&nbsp;&nbsp;&nbsp;parse_hex4
</UL>
<BR>[Called By]<UL><LI><a href="#[19b]">&gt;&gt;</a>&nbsp;&nbsp;&nbsp;parse_value
<LI><a href="#[1c9]">&gt;&gt;</a>&nbsp;&nbsp;&nbsp;parse_object
</UL>

<P><STRONG><a name="[19b]"></a>parse_value</STRONG> (Thumb, 158 bytes, Stack size 16 bytes, cjson.o(i.parse_value))
<BR><BR>[Stack]<UL><LI>Max Depth = 352<LI>Call Chain = parse_value &rArr; parse_number &rArr; __hardfp_pow &rArr; sqrt &rArr; _dsqrt &rArr; __fpl_dnaninf
</UL>
<BR>[Calls]<UL><LI><a href="#[1ca]">&gt;&gt;</a>&nbsp;&nbsp;&nbsp;parse_string
<LI><a href="#[1c9]">&gt;&gt;</a>&nbsp;&nbsp;&nbsp;parse_object
<LI><a href="#[1c8]">&gt;&gt;</a>&nbsp;&nbsp;&nbsp;parse_number
<LI><a href="#[1c7]">&gt;&gt;</a>&nbsp;&nbsp;&nbsp;parse_array
<LI><a href="#[1cc]">&gt;&gt;</a>&nbsp;&nbsp;&nbsp;strncmp
</UL>
<BR>[Called By]<UL><LI><a href="#[199]">&gt;&gt;</a>&nbsp;&nbsp;&nbsp;cJSON_ParseWithOpts
<LI><a href="#[1c9]">&gt;&gt;</a>&nbsp;&nbsp;&nbsp;parse_object
<LI><a href="#[1c7]">&gt;&gt;</a>&nbsp;&nbsp;&nbsp;parse_array
</UL>

<P><STRONG><a name="[1cd]"></a>print_array</STRONG> (Thumb, 352 bytes, Stack size 56 bytes, cjson.o(i.print_array))
<BR><BR>[Stack]<UL><LI>Max Depth = 68 + In Cycle
<LI>Call Chain = print_array &rArr;  print_value (Cycle)
</UL>
<BR>[Calls]<UL><LI><a href="#[19d]">&gt;&gt;</a>&nbsp;&nbsp;&nbsp;print_value
<LI><a href="#[18d]">&gt;&gt;</a>&nbsp;&nbsp;&nbsp;__aeabi_memclr4
<LI><a href="#[102]">&gt;&gt;</a>&nbsp;&nbsp;&nbsp;strlen
<LI><a href="#[124]">&gt;&gt;</a>&nbsp;&nbsp;&nbsp;strcpy
</UL>
<BR>[Called By]<UL><LI><a href="#[19d]">&gt;&gt;</a>&nbsp;&nbsp;&nbsp;print_value
</UL>

<P><STRONG><a name="[1ce]"></a>print_number</STRONG> (Thumb, 392 bytes, Stack size 48 bytes, cjson.o(i.print_number))
<BR><BR>[Stack]<UL><LI>Max Depth = 184 + Unknown Stack Size
<LI>Call Chain = print_number &rArr; __2sprintf &rArr; _printf_char_common &rArr; __printf
</UL>
<BR>[Calls]<UL><LI><a href="#[b6]">&gt;&gt;</a>&nbsp;&nbsp;&nbsp;__2sprintf
<LI><a href="#[174]">&gt;&gt;</a>&nbsp;&nbsp;&nbsp;__hardfp_floor
<LI><a href="#[1cf]">&gt;&gt;</a>&nbsp;&nbsp;&nbsp;__hardfp_fabs
<LI><a href="#[176]">&gt;&gt;</a>&nbsp;&nbsp;&nbsp;__aeabi_cdrcmple
<LI><a href="#[1a9]">&gt;&gt;</a>&nbsp;&nbsp;&nbsp;__aeabi_cdcmple
<LI><a href="#[ff]">&gt;&gt;</a>&nbsp;&nbsp;&nbsp;__aeabi_i2d
<LI><a href="#[185]">&gt;&gt;</a>&nbsp;&nbsp;&nbsp;__aeabi_dsub
</UL>
<BR>[Called By]<UL><LI><a href="#[19d]">&gt;&gt;</a>&nbsp;&nbsp;&nbsp;print_value
</UL>

<P><STRONG><a name="[1d0]"></a>print_object</STRONG> (Thumb, 620 bytes, Stack size 80 bytes, cjson.o(i.print_object))
<BR><BR>[Stack]<UL><LI>Max Depth = 248 + Unknown Stack Size
 + In Cycle
<LI>Call Chain = print_object &rArr;  print_value (Cycle)
</UL>
<BR>[Calls]<UL><LI><a href="#[19d]">&gt;&gt;</a>&nbsp;&nbsp;&nbsp;print_value
<LI><a href="#[1d1]">&gt;&gt;</a>&nbsp;&nbsp;&nbsp;print_string_ptr
<LI><a href="#[18d]">&gt;&gt;</a>&nbsp;&nbsp;&nbsp;__aeabi_memclr4
<LI><a href="#[102]">&gt;&gt;</a>&nbsp;&nbsp;&nbsp;strlen
<LI><a href="#[124]">&gt;&gt;</a>&nbsp;&nbsp;&nbsp;strcpy
</UL>
<BR>[Called By]<UL><LI><a href="#[19d]">&gt;&gt;</a>&nbsp;&nbsp;&nbsp;print_value
</UL>

<P><STRONG><a name="[1d2]"></a>print_string</STRONG> (Thumb, 12 bytes, Stack size 8 bytes, cjson.o(i.print_string))
<BR><BR>[Stack]<UL><LI>Max Depth = 176 + Unknown Stack Size
<LI>Call Chain = print_string &rArr; print_string_ptr &rArr; __2sprintf &rArr; _printf_char_common &rArr; __printf
</UL>
<BR>[Calls]<UL><LI><a href="#[1d1]">&gt;&gt;</a>&nbsp;&nbsp;&nbsp;print_string_ptr
</UL>
<BR>[Called By]<UL><LI><a href="#[19d]">&gt;&gt;</a>&nbsp;&nbsp;&nbsp;print_value
</UL>

<P><STRONG><a name="[1d1]"></a>print_string_ptr</STRONG> (Thumb, 270 bytes, Stack size 32 bytes, cjson.o(i.print_string_ptr))
<BR><BR>[Stack]<UL><LI>Max Depth = 168 + Unknown Stack Size
<LI>Call Chain = print_string_ptr &rArr; __2sprintf &rArr; _printf_char_common &rArr; __printf
</UL>
<BR>[Calls]<UL><LI><a href="#[b6]">&gt;&gt;</a>&nbsp;&nbsp;&nbsp;__2sprintf
<LI><a href="#[196]">&gt;&gt;</a>&nbsp;&nbsp;&nbsp;cJSON_strdup
<LI><a href="#[1d3]">&gt;&gt;</a>&nbsp;&nbsp;&nbsp;strchr
</UL>
<BR>[Called By]<UL><LI><a href="#[1d2]">&gt;&gt;</a>&nbsp;&nbsp;&nbsp;print_string
<LI><a href="#[1d0]">&gt;&gt;</a>&nbsp;&nbsp;&nbsp;print_object
</UL>

<P><STRONG><a name="[19d]"></a>print_value</STRONG> (Thumb, 122 bytes, Stack size 24 bytes, cjson.o(i.print_value))
<BR><BR>[Stack]<UL><LI>Max Depth = 272 + Unknown Stack Size
<LI>Call Chain = print_value &rArr; print_object &rArr;  print_value (Cycle)
</UL>
<BR>[Calls]<UL><LI><a href="#[1d2]">&gt;&gt;</a>&nbsp;&nbsp;&nbsp;print_string
<LI><a href="#[1d0]">&gt;&gt;</a>&nbsp;&nbsp;&nbsp;print_object
<LI><a href="#[1ce]">&gt;&gt;</a>&nbsp;&nbsp;&nbsp;print_number
<LI><a href="#[1cd]">&gt;&gt;</a>&nbsp;&nbsp;&nbsp;print_array
<LI><a href="#[196]">&gt;&gt;</a>&nbsp;&nbsp;&nbsp;cJSON_strdup
</UL>
<BR>[Called By]<UL><LI><a href="#[19c]">&gt;&gt;</a>&nbsp;&nbsp;&nbsp;cJSON_Print
<LI><a href="#[100]">&gt;&gt;</a>&nbsp;&nbsp;&nbsp;cJSON_PrintUnformatted
<LI><a href="#[1d0]">&gt;&gt;</a>&nbsp;&nbsp;&nbsp;print_object
<LI><a href="#[1cd]">&gt;&gt;</a>&nbsp;&nbsp;&nbsp;print_array
</UL>

<P><STRONG><a name="[19a]"></a>skip</STRONG> (Thumb, 18 bytes, Stack size 0 bytes, cjson.o(i.skip))
<BR><BR>[Called By]<UL><LI><a href="#[199]">&gt;&gt;</a>&nbsp;&nbsp;&nbsp;cJSON_ParseWithOpts
<LI><a href="#[1c9]">&gt;&gt;</a>&nbsp;&nbsp;&nbsp;parse_object
<LI><a href="#[1c7]">&gt;&gt;</a>&nbsp;&nbsp;&nbsp;parse_array
</UL>

<P><STRONG><a name="[195]"></a>suffix_object</STRONG> (Thumb, 6 bytes, Stack size 0 bytes, cjson.o(i.suffix_object))
<BR><BR>[Called By]<UL><LI><a href="#[194]">&gt;&gt;</a>&nbsp;&nbsp;&nbsp;cJSON_AddItemToArray
</UL>

<P><STRONG><a name="[1fd]"></a>_dadd1</STRONG> (Thumb, 0 bytes, Stack size unknown bytes, daddsub_clz.o(x$fpl$dadd), UNUSED)
<BR><BR>[Called By]<UL><LI><a href="#[1fe]">&gt;&gt;</a>&nbsp;&nbsp;&nbsp;_dsub
<LI><a href="#[1fc]">&gt;&gt;</a>&nbsp;&nbsp;&nbsp;_drsb
</UL>

<P><STRONG><a name="[1f0]"></a>_dsub1</STRONG> (Thumb, 0 bytes, Stack size unknown bytes, daddsub_clz.o(x$fpl$dsub), UNUSED)
<BR><BR>[Called By]<UL><LI><a href="#[1fc]">&gt;&gt;</a>&nbsp;&nbsp;&nbsp;_drsb
<LI><a href="#[1ef]">&gt;&gt;</a>&nbsp;&nbsp;&nbsp;_dadd
</UL>

<P><STRONG><a name="[cc]"></a>_fp_digits</STRONG> (Thumb, 428 bytes, Stack size 96 bytes, _printf_fp_dec.o(.text))
<BR><BR>[Stack]<UL><LI>Max Depth = 216<LI>Call Chain = _fp_digits &rArr; _btod_etento &rArr; _btod_emul &rArr; _e2e
</UL>
<BR>[Calls]<UL><LI><a href="#[d1]">&gt;&gt;</a>&nbsp;&nbsp;&nbsp;_ll_udiv10
<LI><a href="#[d0]">&gt;&gt;</a>&nbsp;&nbsp;&nbsp;_btod_emul
<LI><a href="#[cf]">&gt;&gt;</a>&nbsp;&nbsp;&nbsp;_btod_ediv
<LI><a href="#[ce]">&gt;&gt;</a>&nbsp;&nbsp;&nbsp;_btod_d2e
<LI><a href="#[cd]">&gt;&gt;</a>&nbsp;&nbsp;&nbsp;_btod_etento
</UL>
<BR>[Called By]<UL><LI><a href="#[d2]">&gt;&gt;</a>&nbsp;&nbsp;&nbsp;_printf_fp_dec_real
</UL>

<P><STRONG><a name="[75]"></a>_printf_input_char</STRONG> (Thumb, 10 bytes, Stack size 0 bytes, _printf_char_common.o(.text))
<BR>[Address Reference Count : 1]<UL><LI> _printf_char_common.o(.text)
</UL>
<P><STRONG><a name="[da]"></a>_local_sscanf</STRONG> (Thumb, 60 bytes, Stack size 56 bytes, strtod.o(.text))
<BR><BR>[Stack]<UL><LI>Max Depth = 384<LI>Call Chain = _local_sscanf &rArr; _scanf_real &rArr; _scanf_really_real &rArr; _fp_value &rArr; _btod_etento &rArr; _btod_emul &rArr; _e2e
</UL>
<BR>[Calls]<UL><LI><a href="#[db]">&gt;&gt;</a>&nbsp;&nbsp;&nbsp;_scanf_real
</UL>
<BR>[Called By]<UL><LI><a href="#[dc]">&gt;&gt;</a>&nbsp;&nbsp;&nbsp;__strtod_int
</UL>

<P><STRONG><a name="[e2]"></a>_fp_value</STRONG> (Thumb, 508 bytes, Stack size 88 bytes, scanf_fp.o(.text))
<BR><BR>[Stack]<UL><LI>Max Depth = 208<LI>Call Chain = _fp_value &rArr; _btod_etento &rArr; _btod_emul &rArr; _e2e
</UL>
<BR>[Calls]<UL><LI><a href="#[c2]">&gt;&gt;</a>&nbsp;&nbsp;&nbsp;__aeabi_errno_addr
<LI><a href="#[e3]">&gt;&gt;</a>&nbsp;&nbsp;&nbsp;_btod_emuld
<LI><a href="#[e4]">&gt;&gt;</a>&nbsp;&nbsp;&nbsp;_btod_edivd
<LI><a href="#[cd]">&gt;&gt;</a>&nbsp;&nbsp;&nbsp;_btod_etento
</UL>
<BR>[Called By]<UL><LI><a href="#[e5]">&gt;&gt;</a>&nbsp;&nbsp;&nbsp;_scanf_really_real
</UL>
<P>
<H3>
Undefined Global Symbols
</H3><HR></body></html>
