<html>
<body>
<pre>
<h1>µVision Build Log</h1>
<h2>Tool Versions:</h2>
IDE-Version: ¶ÃVision V5.14.0.0
Copyright (C) 2015 ARM Ltd and ARM Germany GmbH. All rights reserved.
License Information: 1 tang, 1, LIC=58574-F1BKY-00AN9-4SYB2-0CQLS-YEJYC
 
Tool Versions:
Toolchain:       MDK-ARM Standard  Version: 5.14.0.0
Toolchain Path:  C:\Keil_v5\ARM\ARMCC\Bin
C Compiler:      Armcc.exe V5.05 update 1 (build 106)
Assembler:       Armasm.exe V5.05 update 1 (build 106)
Linker/Locator:  ArmLink.exe V5.05 update 1 (build 106)
Library Manager: ArmAr.exe V5.05 update 1 (build 106)
Hex Converter:   FromElf.exe V5.05 update 1 (build 106)
CPU DLL:         SARMCM3.DLL V5.14.0.0
Dialog DLL:      DCM.DLL V1.13.1.0
Target DLL:      STLink\ST-LINKIII-KEIL_SWO.dll V2.0.14.0_KEIL
Dialog DLL:      TCM.DLL V1.14.4.0
 
<h2>Project:</h2>
C:\0MySpace\aiwac_project\nobodySuperMarcket\wifi_master\wifi_matser\USER\ATK_ESP8266.uvprojx
Project File Date:  08/10/2019

<h2>Output:</h2>
Build target 'Target 1'
compiling main.c...
main.c(115): warning:  #9-D: nested comment is not allowed
  /*
main.c(159): warning:  #223-D: function "sendMasterID2S" declared implicitly
        sendMasterID2S();                       //∏¯∑˛ŒÒ∂À∑¢ÀÕ÷˜øÿID
main.c(31): warning:  #177-D: variable "rlen" was declared but never referenced
        int rlen = 0;
main.c(32): warning:  #177-D: variable "key" was declared but never referenced
        u8 key,fontok=0; 
main.c(32): warning:  #177-D: variable "fontok" was declared but never referenced
        u8 key,fontok=0; 
main.c: 5 warnings, 0 errors
compiling usart3.c...
compiling usart2_4_5.c...
..\HARDWARE\UART_2_4_5\usart2_4_5.c(223): warning:  #167-D: argument of type "u8 *" is incompatible with parameter of type "char *restrict"
                                                                        strcpy(USART2_Car1_jsonParseBuF,USART2_jsonBuF);
..\HARDWARE\UART_2_4_5\usart2_4_5.c(223): warning:  #167-D: argument of type "u8 *" is incompatible with parameter of type "const char *restrict"
                                                                        strcpy(USART2_Car1_jsonParseBuF,USART2_jsonBuF);
..\HARDWARE\UART_2_4_5\usart2_4_5.c(445): warning:  #167-D: argument of type "u8 *" is incompatible with parameter of type "char *restrict"
                                                                        strcpy(USART4_Getter_jsonParseBuF,USART4_jsonBuF);
..\HARDWARE\UART_2_4_5\usart2_4_5.c(445): warning:  #167-D: argument of type "u8 *" is incompatible with parameter of type "const char *restrict"
                                                                        strcpy(USART4_Getter_jsonParseBuF,USART4_jsonBuF);
..\HARDWARE\UART_2_4_5\usart2_4_5.c(679): warning:  #167-D: argument of type "u8 *" is incompatible with parameter of type "char *restrict"
                                                                        strcpy(USART5_Car2_jsonParseBuF,USART5_jsonBuF);
..\HARDWARE\UART_2_4_5\usart2_4_5.c(679): warning:  #167-D: argument of type "u8 *" is incompatible with parameter of type "const char *restrict"
                                                                        strcpy(USART5_Car2_jsonParseBuF,USART5_jsonBuF);
..\HARDWARE\UART_2_4_5\usart2_4_5.c: 6 warnings, 0 errors
compiling apsta.c...
compiling common.c...
..\ATK-ESP8266\common.c(465): warning:  #550-D: variable "key" was set but never used
        u8 key;
..\ATK-ESP8266\common.c(466): warning:  #177-D: variable "timex" was declared but never referenced
        u8 timex=0;  
..\ATK-ESP8266\common.c(467): warning:  #177-D: variable "iplen" was declared but never referenced
        u8 iplen=0;                     //IP≥§∂» 
..\ATK-ESP8266\common.c: 3 warnings, 0 errors
compiling wifiap.c...
compiling wifista.c...
..\ATK-ESP8266\wifista.c(54): warning:  #167-D: argument of type "u8 *" is incompatible with parameter of type "const char *"
                        num = strlen(chat);
..\ATK-ESP8266\wifista.c(55): warning:  #167-D: argument of type "u8 *" is incompatible with parameter of type "char *restrict"
                        strncpy(getMS, p+2, num); 
..\ATK-ESP8266\wifista.c(55): warning:  #167-D: argument of type "u8 *" is incompatible with parameter of type "const char *restrict"
                        strncpy(getMS, p+2, num); 
..\ATK-ESP8266\wifista.c(63): warning:  #167-D: argument of type "u8 *" is incompatible with parameter of type "const char *"
                        root = cJSON_Parse(getMS);
..\ATK-ESP8266\wifista.c(49): warning:  #177-D: variable "send" was declared but never referenced
        char send[500];
..\ATK-ESP8266\wifista.c(180): warning:  #167-D: argument of type "u8 *" is incompatible with parameter of type "char *restrict"
        strcpy(ipbuf, AIWAC_IP);//  ÊúçÂä°Á´Øip
..\ATK-ESP8266\wifista.c(142): warning:  #177-D: variable "rlen" was declared but never referenced
        u16 rlen=0;
..\ATK-ESP8266\wifista.c: 7 warnings, 0 errors
compiling usmart_config.c...
compiling AIWAC_Supermarket.c...
..\AIWAC\AIWAC_Supermarket.c(109): warning:  #223-D: function "atk_8266_test" declared implicitly
        atk_8266_test();                //ËøõÂÖ•ATK_ESP8266
..\AIWAC\AIWAC_Supermarket.c(110): warning:  #223-D: function "delay_ms" declared implicitly
        delay_ms(200);
..\AIWAC\AIWAC_Supermarket.c(111): warning:  #223-D: function "atk_8266_at_response" declared implicitly
        atk_8266_at_response(1);
..\AIWAC\AIWAC_Supermarket.c(155): warning:  #167-D: argument of type "u8 *" is incompatible with parameter of type "const char *restrict"
                                strncpy(getMS, USART3_RX_BUF+2, rlen-4);   //  ÂêéÈù¢Ë¶ÅÊµãËØï‰∏ã
..\AIWAC\AIWAC_Supermarket.c(222): warning:  #192-D: unrecognized character escape sequence
                                                                printf("\r\GoodsLocation.distance:%s",GoodsLocation.distance);
..\AIWAC\AIWAC_Supermarket.c(282): warning:  #223-D: function "delay_ms" declared implicitly
                delay_ms(200);
..\AIWAC\AIWAC_Supermarket.c(387): warning:  #223-D: function "atk_8266_quit_trans" declared implicitly
        atk_8266_quit_trans();
..\AIWAC\AIWAC_Supermarket.c(388): warning:  #223-D: function "atk_8266_send_cmd" declared implicitly
        atk_8266_send_cmd("AT+CIPSEND","OK",20);                 //ÂºÄÂßãÈÄè‰º†            
..\AIWAC\AIWAC_Supermarket.c(413): warning:  #223-D: function "delay_ms" declared implicitly
                delay_ms(100);
..\AIWAC\AIWAC_Supermarket.c(465): warning:  #167-D: argument of type "u8 *" is incompatible with parameter of type "char *restrict"
        strncpy(strSend+4,strJson,jsonSize);
..\AIWAC\AIWAC_Supermarket.c(468): warning:  #167-D: argument of type "char *" is incompatible with parameter of type "unsigned char *"
        strSend[jsonSize+5] = crc8_calculate(strJson, jsonSize);
..\AIWAC\AIWAC_Supermarket.c(476): warning:  #167-D: argument of type "u8 *" is incompatible with parameter of type "char *"
                usart2_sendString(strSend,7 + jsonSize);
..\AIWAC\AIWAC_Supermarket.c(480): warning:  #223-D: function "delay_ms" declared implicitly
                delay_ms(200);
..\AIWAC\AIWAC_Supermarket.c(513): warning:  #167-D: argument of type "u8 *" is incompatible with parameter of type "char *restrict"
        strncpy(strSend+4,strJson,jsonSize);
..\AIWAC\AIWAC_Supermarket.c(516): warning:  #167-D: argument of type "char *" is incompatible with parameter of type "unsigned char *"
        strSend[jsonSize+5] = crc8_calculate(strJson, jsonSize);
..\AIWAC\AIWAC_Supermarket.c(523): warning:  #167-D: argument of type "u8 *" is incompatible with parameter of type "char *"
                uart5_sendString(strSend,7 + jsonSize);
..\AIWAC\AIWAC_Supermarket.c(526): warning:  #223-D: function "delay_ms" declared implicitly
                delay_ms(200);
..\AIWAC\AIWAC_Supermarket.c(560): warning:  #167-D: argument of type "u8 *" is incompatible with parameter of type "char *restrict"
        strncpy(strSend+4,strJson,jsonSize);
..\AIWAC\AIWAC_Supermarket.c(563): warning:  #167-D: argument of type "char *" is incompatible with parameter of type "unsigned char *"
        strSend[jsonSize+5] = crc8_calculate(strJson, jsonSize);
..\AIWAC\AIWAC_Supermarket.c(570): warning:  #167-D: argument of type "u8 *" is incompatible with parameter of type "char *"
                uart4_sendString(strSend,7 + jsonSize);
..\AIWAC\AIWAC_Supermarket.c(573): warning:  #223-D: function "delay_ms" declared implicitly
                delay_ms(200);
..\AIWAC\AIWAC_Supermarket.c(617): warning:  #223-D: function "delay_ms" declared implicitly
        delay_ms(1000);
..\AIWAC\AIWAC_Supermarket.c(710): warning:  #192-D: unrecognized character escape sequence
        printf("\r\n state to server ,strSend:%s  LEN:%\d",strSend,strlen(strSend));
..\AIWAC\AIWAC_Supermarket.c(816): warning:  #167-D: argument of type "u8 *" is incompatible with parameter of type "const char *"
        root = cJSON_Parse(USART2_Car1_jsonParseBuF);
..\AIWAC\AIWAC_Supermarket.c(923): warning:  #167-D: argument of type "u8 *" is incompatible with parameter of type "const char *"
        root = cJSON_Parse(USART5_Car2_jsonParseBuF);
..\AIWAC\AIWAC_Supermarket.c(1026): warning:  #167-D: argument of type "u8 *" is incompatible with parameter of type "const char *"
        root = cJSON_Parse(USART4_Getter_jsonParseBuF);
..\AIWAC\AIWAC_Supermarket.c(1195): warning:  #223-D: function "delay_ms" declared implicitly
        delay_ms(150);
..\AIWAC\AIWAC_Supermarket.c(1253): warning:  #192-D: unrecognized character escape sequence
        printf("\r\n feedback to server ,strSend:%s  LEN:%\d",strSend,strlen(strSend));
..\AIWAC\AIWAC_Supermarket.c(1291): warning:  #223-D: function "delay_ms" declared implicitly
                                        delay_ms(1000);
..\AIWAC\AIWAC_Supermarket.c(1344): warning:  #167-D: argument of type "u8 *" is incompatible with parameter of type "char *restrict"
        strncpy(strSend+4,strJson,jsonSize);
..\AIWAC\AIWAC_Supermarket.c(1347): warning:  #167-D: argument of type "char *" is incompatible with parameter of type "unsigned char *"
        strSend[jsonSize+5] = crc8_calculate(strJson, jsonSize);
..\AIWAC\AIWAC_Supermarket.c(1351): warning:  #167-D: argument of type "u8 *" is incompatible with parameter of type "char *"
        uart4_sendString(strSend,7 + jsonSize);
..\AIWAC\AIWAC_Supermarket.c(1377): warning:  #223-D: function "delay_ms" declared implicitly
                delay_ms(100);
..\AIWAC\AIWAC_Supermarket.c(1390): warning:  #223-D: function "delay_ms" declared implicitly
        delay_ms(100);
..\AIWAC\AIWAC_Supermarket.c(1459): warning:  #192-D: unrecognized character escape sequence
        printf("\r\n feedback to server ,strSend:%s  LEN:%\d",strSend,strlen(strSend));
..\AIWAC\AIWAC_Supermarket.c(1525): warning:  #167-D: argument of type "u8 *" is incompatible with parameter of type "char *restrict"
        strncpy(strSend+4,strJson,jsonSize);
..\AIWAC\AIWAC_Supermarket.c(1528): warning:  #167-D: argument of type "char *" is incompatible with parameter of type "unsigned char *"
        strSend[jsonSize+5] = crc8_calculate(strJson, jsonSize);
..\AIWAC\AIWAC_Supermarket.c(1531): warning:  #167-D: argument of type "u8 *" is incompatible with parameter of type "char *"
        uart4_sendString(strSend,7 + jsonSize);
..\AIWAC\AIWAC_Supermarket.c(1558): warning:  #223-D: function "delay_ms" declared implicitly
                delay_ms(100);
..\AIWAC\AIWAC_Supermarket.c(1571): warning:  #223-D: function "delay_ms" declared implicitly
        delay_ms(100);
..\AIWAC\AIWAC_Supermarket.c(1642): warning:  #192-D: unrecognized character escape sequence
        printf("\r\n feedback to server ,strSend:%s  LEN:%\d",strSend,strlen(strSend));
..\AIWAC\AIWAC_Supermarket.c(1706): warning:  #167-D: argument of type "u8 *" is incompatible with parameter of type "char *restrict"
        strncpy(strSend+4,strJson,jsonSize);
..\AIWAC\AIWAC_Supermarket.c(1709): warning:  #167-D: argument of type "char *" is incompatible with parameter of type "unsigned char *"
        strSend[jsonSize+5] = crc8_calculate(strJson, jsonSize);
..\AIWAC\AIWAC_Supermarket.c(1712): warning:  #167-D: argument of type "u8 *" is incompatible with parameter of type "char *"
        uart4_sendString(strSend,7 + jsonSize);
..\AIWAC\AIWAC_Supermarket.c(1738): warning:  #223-D: function "delay_ms" declared implicitly
                delay_ms(100);
..\AIWAC\AIWAC_Supermarket.c(1750): warning:  #223-D: function "delay_ms" declared implicitly
        delay_ms(100);
..\AIWAC\AIWAC_Supermarket.c(1836): warning:  #192-D: unrecognized character escape sequence
        printf("\r\n feedback to server ,strSend:%s  LEN:%\d",strSend,strlen(strSend));
..\AIWAC\AIWAC_Supermarket.c(1861): warning:  #223-D: function "delay_ms" declared implicitly
                delay_ms(100); 
..\AIWAC\AIWAC_Supermarket.c(1888): warning:  #223-D: function "delay_ms" declared implicitly
                delay_ms(50); //   Á≠âÂæÖËΩ¨ÂÆå
..\AIWAC\AIWAC_Supermarket.c(1895): warning:  #223-D: function "delay_ms" declared implicitly
        delay_ms(1000);
..\AIWAC\AIWAC_Supermarket.c(2170): warning:  #223-D: function "delay_ms" declared implicitly
        delay_ms(300);
..\AIWAC\AIWAC_Supermarket.c(2448): warning:  #223-D: function "delay_ms" declared implicitly
        delay_ms(120);
..\AIWAC\AIWAC_Supermarket.c(2643): warning:  #167-D: argument of type "char *" is incompatible with parameter of type "unsigned char *"
        strSend[jsonSize+5] = crc8_calculate(strJson, jsonSize);
..\AIWAC\AIWAC_Supermarket.c(2687): warning:  #167-D: argument of type "u8 *" is incompatible with parameter of type "char *restrict"
        strncpy(strSend+4,strJson,jsonSize);
..\AIWAC\AIWAC_Supermarket.c(2692): warning:  #167-D: argument of type "char *" is incompatible with parameter of type "unsigned char *"
        strSend[jsonSize+5] = crc8_calculate(strJson, jsonSize);
..\AIWAC\AIWAC_Supermarket.c(2695): warning:  #167-D: argument of type "u8 *" is incompatible with parameter of type "char *"
        uart5_sendString(strSend,7 + jsonSize);
..\AIWAC\AIWAC_Supermarket.c(3010): warning:  #167-D: argument of type "u8 *" is incompatible with parameter of type "char *restrict"
                                strncpy(getMS, testChar+2, rlen-3); 
..\AIWAC\AIWAC_Supermarket.c(3013): warning:  #167-D: argument of type "u8 *" is incompatible with parameter of type "const char *"
                                root = cJSON_Parse(getMS);
..\AIWAC\AIWAC_Supermarket.c(3125): warning:  #223-D: function "atk_8266_consta_check" declared implicitly
        constate=atk_8266_consta_check();//ÂæóÂà∞ËøûÊé•Áä∂ÊÄ?            ^
..\AIWAC\AIWAC_Supermarket.c(3133): warning:  #223-D: function "atk_8266_at_response" declared implicitly
                atk_8266_at_response(1);
..\AIWAC\AIWAC_Supermarket.c(3138): warning:  #223-D: function "atk_8266_at_response" declared implicitly
                atk_8266_at_response(1);
..\AIWAC\AIWAC_Supermarket.c(3226): warning:  #223-D: function "delay_ms" declared implicitly
                delay_ms(200);
..\AIWAC\AIWAC_Supermarket.c(3307): warning:  #223-D: function "delay_ms" declared implicitly
                delay_ms(200);
..\AIWAC\AIWAC_Supermarket.c(3360): warning:  #223-D: function "delay_ms" declared implicitly
        delay_ms(300);
..\AIWAC\AIWAC_Supermarket.c(3595): warning:  #192-D: unrecognized character escape sequence
                                printf("\r\Car1_BDistance:%f",Car1_BDistance);
..\AIWAC\AIWAC_Supermarket.c(3665): warning:  #192-D: unrecognized character escape sequence
                                printf("\r\Car1_BDistance:%f",Car1_BDistance);
..\AIWAC\AIWAC_Supermarket.c(3738): warning:  #192-D: unrecognized character escape sequence
                                printf("\r\Car1_BDistance:%f",Car1_BDistance);
..\AIWAC\AIWAC_Supermarket.c: 67 warnings, 0 errors
linking...
Program Size: Code=56814 RO-data=2074 RW-data=880 ZI-data=1224064  
FromELF: creating hex file...
"..\OBJ\ATK_ESP8266.axf" - 0 Error(s), 88 Warning(s).

<h2>Collection of Component include folders:</h2>
  C:\0MySpace\aiwac_project\nobodySuperMarcket\wifi_master\wifi_matser\USER\RTE
  C:\Keil_v5\ARM\PACK\Keil\STM32F4xx_DFP\1.0.8\Device\Include

<h2>Collection of Component Files used:</h2>
</pre>
</body>
</html>
